Timestamp               Ty Process[PID:TID]
2026-08-12 15:37:53.173 Df IlliniCover[27246:3d2c12] [com.apple.KeyboardArbiter:Client] TX focusApplication (peekAppEvent) stealKB:Y scene:com.illinicover.app-default
2026-08-12 15:37:53.173 Df IlliniCover[27246:3d2c12] [com.apple.UIKit:EventDispatch] Evaluating dispatch of UIEvent: 0x10a5a4c00; type: 0; subtype: 0; backing type: 11; shouldSend: 1; ignoreInteractionEvents: 0, systemGestureStateChange: 0
2026-08-12 15:37:53.173 Df IlliniCover[27246:3d2c12] [com.apple.UIKit:EventDispatch] Sending UIEvent type: 0; subtype: 0; to windows: 1
2026-08-12 15:37:53.173 Df IlliniCover[27246:3d2c12] [com.apple.UIKit:EventDispatch] Sending UIEvent type: 0; subtype: 0; to window: <UIWindow: 0x10a608400>; contextId: 0xC51DB142
2026-08-12 15:37:53.176 A  IlliniCover[27246:3d2c12] (UIKitCore) send gesture actions
2026-08-12 15:37:53.178 A  IlliniCover[27246:3d2c12] (UIKitCore) send gesture actions
2026-08-12 15:37:53.182 Df IlliniCover[27246:3d2c12] [com.apple.UIKit:EventDispatch] Evaluating dispatch of UIEvent: 0x10a5a4c00; type: 0; subtype: 0; backing type: 11; shouldSend: 0; ignoreInteractionEvents: 0, systemGestureStateChange: 0
2026-08-12 15:37:53.188 Df IlliniCover[27246:3d2c12] [com.apple.UIKit:EventDispatch] Evaluating dispatch of UIEvent: 0x10a5a4c00; type: 0; subtype: 0; backing type: 11; shouldSend: 0; ignoreInteractionEvents: 0, systemGestureStateChange: 0
2026-08-12 15:37:53.205 Df IlliniCover[27246:3d2c12] [com.apple.UIKit:EventDispatch] Evaluating dispatch of UIEvent: 0x10a5a4c00; type: 0; subtype: 0; backing type: 11; shouldSend: 0; ignoreInteractionEvents: 0, systemGestureStateChange: 0
2026-08-12 15:37:53.222 Df IlliniCover[27246:3d2c12] [com.apple.UIKit:EventDispatch] Evaluating dispatch of UIEvent: 0x10a5a4c00; type: 0; subtype: 0; backing type: 11; shouldSend: 0; ignoreInteractionEvents: 0, systemGestureStateChange: 0
2026-08-12 15:37:53.238 Df IlliniCover[27246:3d2c12] [com.apple.UIKit:EventDispatch] Evaluating dispatch of UIEvent: 0x10a5a4c00; type: 0; subtype: 0; backing type: 11; shouldSend: 0; ignoreInteractionEvents: 0, systemGestureStateChange: 0
2026-08-12 15:37:53.255 Df IlliniCover[27246:3d2c12] [com.apple.UIKit:EventDispatch] Evaluating dispatch of UIEvent: 0x10a5a4c00; type: 0; subtype: 0; backing type: 11; shouldSend: 0; ignoreInteractionEvents: 0, systemGestureStateChange: 0
2026-08-12 15:37:53.272 Df IlliniCover[27246:3d2c12] [com.apple.UIKit:EventDispatch] Evaluating dispatch of UIEvent: 0x10a5a4c00; type: 0; subtype: 0; backing type: 11; shouldSend: 0; ignoreInteractionEvents: 0, systemGestureStateChange: 0
2026-08-12 15:37:53.288 Df IlliniCover[27246:3d2c12] [com.apple.UIKit:EventDispatch] Evaluating dispatch of UIEvent: 0x10a5a4c00; type: 0; subtype: 0; backing type: 11; shouldSend: 0; ignoreInteractionEvents: 0, systemGestureStateChange: 0
2026-08-12 15:37:53.289 Df IlliniCover[27246:3d2c12] [com.apple.UIKit:EventDispatch] Evaluating dispatch of UIEvent: 0x10a5a4c00; type: 0; subtype: 0; backing type: 11; shouldSend: 1; ignoreInteractionEvents: 0, systemGestureStateChange: 0
2026-08-12 15:37:53.289 Df IlliniCover[27246:3d2c12] [com.apple.UIKit:EventDispatch] Sending UIEvent type: 0; subtype: 0; to windows: 1
2026-08-12 15:37:53.289 Df IlliniCover[27246:3d2c12] [com.apple.UIKit:EventDispatch] Sending UIEvent type: 0; subtype: 0; to window: <UIWindow: 0x10a608400>; contextId: 0xC51DB142
2026-08-12 15:37:53.289 A  IlliniCover[27246:3d2c12] (UIKitCore) send gesture actions
2026-08-12 15:37:53.289 A  IlliniCover[27246:3d2c12] (UIKitCore) send gesture actions
2026-08-12 15:37:53.289 A  IlliniCover[27246:3d2c12] (UIKitCore) send control actions
2026-08-12 15:37:53.296 E  IlliniCover[27246:3d2c12] [com.apple.UIKit:Assert] button text attributes only respected for UIControlStateNormal, UIControlStateHighlighted, UIControlStateDisabled and UIControlStateFocused. state = 4 is interpreted as UIControlStateHighlighted.
2026-08-12 15:37:53.309 E  IlliniCover[27246:3d2c12] [com.apple.UIKit:Assert] button text attributes only respected for UIControlStateNormal, UIControlStateHighlighted, UIControlStateDisabled and UIControlStateFocused. state = 4 is interpreted as UIControlStateHighlighted.
2026-08-12 15:37:53.350 Df IlliniCover[27246:3d2c12] [com.apple.UIKit:EventDispatch] Evaluating dispatch of UIEvent: 0x10a5a4c00; type: 0; subtype: 0; backing type: 11; shouldSend: 0; ignoreInteractionEvents: 0, systemGestureStateChange: 1
2026-08-12 15:37:53.351 A  IlliniCover[27246:3d2c12] (UIKitCore) send gesture actions
2026-08-12 15:37:53.351 A  IlliniCover[27246:3d2c12] (UIKitCore) send gesture actions
2026-08-12 15:37:54.979 Df IlliniCover[27246:3d2c1f] [com.apple.dt.xctest:Default] Received request to fetch matches for query:
2026-08-12 15:37:54.979 Df IlliniCover[27246:3d2c1f] [com.apple.dt.xctest:Default] Evaluating query:
2026-08-12 15:37:54.979 Df IlliniCover[27246:3d2c1f] [com.apple.dt.xctest:Default] Getting root element snapshot
2026-08-12 15:37:54.979 Df IlliniCover[27246:3d2c1f] [com.apple.dt.xctest:Default] Getting snapshot for App element pid: 27246 for query
2026-08-12 15:37:54.979 Df IlliniCover[27246:3d2c1f] [com.apple.dt.xctest:Default] Query requires iOS snapshot attributes .
2026-08-12 15:37:54.979 Df IlliniCover[27246:3d2c1f] [com.apple.dt.xctest:Default] XCTPerformOnMainRunLoop[not MT]: about to CFRunLoopPerform
2026-08-12 15:37:54.979 Df IlliniCover[27246:3d2c1f] [com.apple.dt.xctest:Default] XCTPerformOnMainRunLoop[not MT]: waiting with 30.00s responsiveness timeout
2026-08-12 15:37:54.979 Df IlliniCover[27246:3d2c12] [com.apple.dt.xctest:Default] XCTPerformOnMainRunLoop[MT]: inside CFRunLoopPerform
2026-08-12 15:37:54.979 Df IlliniCover[27246:3d2c12] [com.apple.dt.xctest:Default] XCTPerformOnMainRunLoop[MT]: MT responded in time (won the race to the busy flag)
2026-08-12 15:37:54.979 Df IlliniCover[27246:3d2c1f] [com.apple.dt.xctest:Default] XCTPerformOnMainRunLoop[not MT]: waiting 60.00s for work to complete
2026-08-12 15:37:54.980 Df IlliniCover[27246:3d2c12] [com.apple.dt.xctest:Default] Got main window <AXUIElementRef 0x121875800> {pid=27246} {uid=[ID:4 hash:0x10a608400]}
2026-08-12 15:37:54.980 Df IlliniCover[27246:3d2c12] [com.apple.dt.xctest:Default] Capturing hierarchy with attributes XC_kAXXCAttributeElementType, XC_kAXXCAttributeElementBaseType, XC_kAXXCAttributeParent, XC_kAXXCAttributeIdentifier, XC_kAXXCAttributeAutomationType, XC_kAXXCAttributeTraits
2026-08-12 15:37:54.980 Df IlliniCover[27246:3d2c12] [com.apple.dt.xctest:Default] Capturing hierarchy with parameters {
    attributes =     (
        5003,
        5004,
        5002,
        5019,
        5058,
        2004
    );
    maxArrayCount = 2147483647;
    maxChildren = 2147483647;
    maxDepth = 2147483647;
    snapshotKeyHonorModalViews = 0;
    traverseFromParentsToChildren = 1;
}
2026-08-12 15:37:54.980 Df IlliniCover[27246:3d2c12] [com.apple.dt.xctest:Default] Snapshot attributes 5003, 5004, 5002, 5019, 5058, 2004
2026-08-12 15:37:55.047 Df IlliniCover[27246:3d2c12] [com.apple.dt.xctest:Default] Got snapshot for <AXUIElementRef 0x1251ef540> {pid=27246} {uid=[ID:1 hash:0x0]}
2026-08-12 15:37:55.047 Df IlliniCover[27246:3d2c12] [com.apple.dt.xctest:Default] Got app orientation 0
2026-08-12 15:37:55.047 Df IlliniCover[27246:3d2c12] [com.apple.dt.xctest:Default] Captured accessibility snapshot data in 0.07s
2026-08-12 15:37:55.047 Df IlliniCover[27246:3d2c1f] [com.apple.dt.xctest:Default] Found main window: Window
2026-08-12 15:37:55.047 Df IlliniCover[27246:3d2c1f] [com.apple.dt.xctest:Default] Preferring automation type 48 instead of legacy element type OTHER derived from class/trait: UILabel:UILabel 8590000128
2026-08-12 15:37:55.048 Df IlliniCover[27246:3d2c1f] [com.apple.dt.xctest:Default] App orientation is 0 (not portrait) and UITextEffectsWindow window Window is not main window
2026-08-12 15:37:55.048 Df IlliniCover[27246:3d2c1f] [com.apple.dt.xctest:Default] Leaving frame unchanged for Window: either already correct or we can't detect it.
2026-08-12 15:37:55.048 Df IlliniCover[27246:3d2c1f] [com.apple.dt.xctest:Default] Query  found matching snapshots: {(
    Application, pid: 27246
)} (error: (null))
2026-08-12 15:37:55.048 Df IlliniCover[27246:3d2c1f] [com.apple.dt.xctest:Default] Replying to query  with results: <XCTElementQueryResults: 0x125d23f30> (error: (null))
2026-08-12 15:37:55.924 Df IlliniCover[27246:3d2c12] [com.apple.KeyboardArbiter:Client] TX focusApplication (peekAppEvent) stealKB:Y scene:com.illinicover.app-default
2026-08-12 15:37:55.924 Df IlliniCover[27246:3d2c12] [com.apple.UIKit:EventDispatch] Evaluating dispatch of UIEvent: 0x10a5a4c00; type: 0; subtype: 0; backing type: 11; shouldSend: 1; ignoreInteractionEvents: 0, systemGestureStateChange: 0
2026-08-12 15:37:55.924 Df IlliniCover[27246:3d2c12] [com.apple.UIKit:EventDispatch] Sending UIEvent type: 0; subtype: 0; to windows: 1
2026-08-12 15:37:55.924 Df IlliniCover[27246:3d2c12] [com.apple.UIKit:EventDispatch] Sending UIEvent type: 0; subtype: 0; to window: <UIWindow: 0x10a608400>; contextId: 0xC51DB142
2026-08-12 15:37:55.938 Df IlliniCover[27246:3d2c12] [com.apple.UIKit:EventDispatch] Evaluating dispatch of UIEvent: 0x10a5a4c00; type: 0; subtype: 0; backing type: 11; shouldSend: 0; ignoreInteractionEvents: 0, systemGestureStateChange: 0
2026-08-12 15:37:55.955 Df IlliniCover[27246:3d2c12] [com.apple.UIKit:EventDispatch] Evaluating dispatch of UIEvent: 0x10a5a4c00; type: 0; subtype: 0; backing type: 11; shouldSend: 0; ignoreInteractionEvents: 0, systemGestureStateChange: 0
2026-08-12 15:37:55.972 Df IlliniCover[27246:3d2c12] [com.apple.UIKit:EventDispatch] Evaluating dispatch of UIEvent: 0x10a5a4c00; type: 0; subtype: 0; backing type: 11; shouldSend: 0; ignoreInteractionEvents: 0, systemGestureStateChange: 0
2026-08-12 15:37:55.988 Df IlliniCover[27246:3d2c12] [com.apple.UIKit:EventDispatch] Evaluating dispatch of UIEvent: 0x10a5a4c00; type: 0; subtype: 0; backing type: 11; shouldSend: 0; ignoreInteractionEvents: 0, systemGestureStateChange: 0
2026-08-12 15:37:56.005 Df IlliniCover[27246:3d2c12] [com.apple.UIKit:EventDispatch] Evaluating dispatch of UIEvent: 0x10a5a4c00; type: 0; subtype: 0; backing type: 11; shouldSend: 0; ignoreInteractionEvents: 0, systemGestureStateChange: 0
2026-08-12 15:37:56.022 Df IlliniCover[27246:3d2c12] [com.apple.UIKit:EventDispatch] Evaluating dispatch of UIEvent: 0x10a5a4c00; type: 0; subtype: 0; backing type: 11; shouldSend: 0; ignoreInteractionEvents: 0, systemGestureStateChange: 1
2026-08-12 15:37:56.022 Df IlliniCover[27246:3d2c12] [com.apple.UIKit:EventDispatch] Evaluating dispatch of UIEvent: 0x10a5a4c00; type: 0; subtype: 0; backing type: 11; shouldSend: 0; ignoreInteractionEvents: 0, systemGestureStateChange: 0
2026-08-12 15:37:56.022 A  IlliniCover[27246:3d2c12] (UIKitCore) send gesture actions
2026-08-12 15:37:56.038 Df IlliniCover[27246:3d2c12] [com.apple.UIKit:EventDispatch] Evaluating dispatch of UIEvent: 0x10a5a4c00; type: 0; subtype: 0; backing type: 11; shouldSend: 0; ignoreInteractionEvents: 0, systemGestureStateChange: 0
2026-08-12 15:37:56.055 Df IlliniCover[27246:3d2c12] [com.apple.UIKit:EventDispatch] Evaluating dispatch of UIEvent: 0x10a5a4c00; type: 0; subtype: 0; backing type: 11; shouldSend: 0; ignoreInteractionEvents: 0, systemGestureStateChange: 0
2026-08-12 15:37:56.055 Df IlliniCover[27246:3d2c12] [com.apple.UIKit:EventDispatch] Evaluating dispatch of UIEvent: 0x10a5a4c00; type: 0; subtype: 0; backing type: 11; shouldSend: 1; ignoreInteractionEvents: 0, systemGestureStateChange: 0
2026-08-12 15:37:56.055 Df IlliniCover[27246:3d2c12] [com.apple.UIKit:EventDispatch] Sending UIEvent type: 0; subtype: 0; to windows: 1
2026-08-12 15:37:56.055 Df IlliniCover[27246:3d2c12] [com.apple.UIKit:EventDispatch] Sending UIEvent type: 0; subtype: 0; to window: <UIWindow: 0x10a608400>; contextId: 0xC51DB142
2026-08-12 15:37:56.055 A  IlliniCover[27246:3d2c12] (UIKitCore) send gesture actions
2026-08-12 15:37:56.061 Df IlliniCover[27246:3d2c12] [com.apple.UIKit:KeyWindow] UIWindowScene: 0x10d87e600: Window became key in scene: UIWindow: 0x12635a800; contextId: 0x4DB3B23A: reason: UIWindowScene: 0x10d87e600: Window requested to become key in scene: 0x12635a800
2026-08-12 15:37:56.061 Df IlliniCover[27246:3d2c12] [com.apple.UIKit:KeyWindow] Key window needs update: 1; currentKeyWindowScene: 0x10d87e600; evaluatedKeyWindowScene: 0x10d87e600; currentApplicationKeyWindow: 0x10a608400; evaluatedApplicationKeyWindow: 0x12635a800; reason: UIWindowScene: 0x10d87e600: Window requested to become key in scene: 0x12635a800
2026-08-12 15:37:56.061 Df IlliniCover[27246:3d2c12] [com.apple.UIKit:KeyWindow] Window did become application key: UIWindow: 0x12635a800; contextId: 0x4DB3B23A; scene identity: com.apple.frontboard.systemappservices/FBSceneManager:sceneID%3Acom.illinicover.app-default
2026-08-12 15:37:56.061 Df IlliniCover[27246:3d2c12] [com.apple.UIKit:EventDeferring] [0x10d896300] Beginning and ending local event deferring requested for token: 0x10a6593e0; environments: 1; reason: UIWindowScene: 0x10d87e600: Begin event deferring in keyboardFocus for window: 0x12635a800
2026-08-12 15:37:56.061 Df IlliniCover[27246:3d2c12] [com.apple.UIKit:EventDeferring] [0x10d896300] Begin local event deferring requested for token: 0x120de0a80; environments: 1; reason: UIWindowScene: 0x10d87e600: Begin event deferring in keyboardFocus for window: 0x12635a800
2026-08-12 15:37:56.061 Df IlliniCover[27246:3d2c12] [com.apple.UIKit:KeyWindow] Window resigning application key: UIWindow: 0x10a608400; contextId: 0xC51DB142; scene identity: com.apple.frontboard.systemappservices/FBSceneManager:sceneID%3Acom.illinicover.app-default
2026-08-12 15:37:56.064 Df IlliniCover[27246:3d2c12] [com.apple.UIKit:KeyboardSceneDelegate] Reloading input views for key-window scene responder: <(null): 0x0; > force:N
2026-08-12 15:37:56.074 Df IlliniCover[27246:3d2c12] [com.apple.UIKit:UIFocusSystemSceneComponent] Override focusSystemState: (ENABLED) for reason(s): {(
    "<_UIAlertControllerPhoneTVMacView 0x125c88f00>"
)}
2026-08-12 15:37:56.074 Df IlliniCover[27246:3d2c12] [com.apple.UIKit:InterfaceStyle] Not push traits update to screen for new style 2, <UIWindowScene: 0x10d87e600> (2050C5AC-6A26-42BC-8E8F-FBAE5EDC0388)
2026-08-12 15:37:56.112 Df IlliniCover[27246:3d2c12] [com.apple.UIKit:UIAlertControllerStackManager] _willShowAlertController: <RCTAlertController: 0x125350c00>
2026-08-12 15:37:56.113 Df IlliniCover[27246:3d2c12] [com.apple.UIKit:UIAlertControllerStackManager] _addAlertControllerToStack: Adding Alert to stack : <RCTAlertController: 0x125350c00>
2026-08-12 15:37:56.115 Df IlliniCover[27246:3d2c12] [com.apple.UIKit:KeyboardSceneDelegate] Reloading input views for key-window scene responder: <RCTAlertController: 0x125350c00; > force:N
2026-08-12 15:37:56.115 Df IlliniCover[27246:3d2c12] [com.apple.UIKit:KeyboardSceneDelegate] _reloadInputViewsForKeyWindowSceneResponder: 1 force: 0, fromBecomeFirstResponder: 1 (automaticKeyboard: 1, reloadIdentifier: B895F3C1-414B-4A6B-A669-72F4CEBCCC3F)
2026-08-12 15:37:56.115 Df IlliniCover[27246:3d2c12] [com.apple.UIKit:KeyboardSceneDelegate] _inputViewsForResponder: <RCTAlertController: 0x125350c00; >, automaticKeyboard: 1, force: 0
2026-08-12 15:37:56.115 Df IlliniCover[27246:3d2c12] [com.apple.UIKit:KeyboardSceneDelegate] _inputViewsForResponder, found custom inputView: <(null): 0x0>, customInputViewController: <(null): 0x0>
2026-08-12 15:37:56.115 Df IlliniCover[27246:3d2c12] [com.apple.UIKit:KeyboardSceneDelegate] _inputViewsForResponder, found inputAccessoryView: <(null): 0x0>
2026-08-12 15:37:56.115 Df IlliniCover[27246:3d2c12] [com.apple.UIKit:KeyboardSceneDelegate] _inputViewsForResponder, responderRequiresKeyboard 0 (automaticKeyboardEnabled: 1, activeInstance: <UIKeyboardAutomatic: 0x1219e6a80; frame = {{0, 0}, {390, 233}}; alpha = 1.000000; isHidden = 0; tAMIC = 0>, self.isOnScreen: 0, requiresKBWhenFirstResponder: 0)
2026-08-12 15:37:56.115 Df IlliniCover[27246:3d2c12] [com.apple.UIKit:KeyboardSceneDelegate] _inputViewsForResponder, useKeyboard 0 (allowsSystemInputView: 1, !inputView <(null): 0x0>, responderRequiresKeyboard 0)
2026-08-12 15:37:56.115 Df IlliniCover[27246:3d2c12] [com.apple.UIKit:KeyboardSceneDelegate] _inputViewsForResponder, configuring _responderWithoutAutomaticAppearanceEnabled: <(null): 0x0> (_automaticAppearEnabled: 1)
2026-08-12 15:37:56.115 Df IlliniCover[27246:3d2c12] [com.apple.UIKit:KeyboardSceneDelegate] _inputViewsForResponder, needsIVPlaceholder: 0, needsIAVPlaceholder: 0, needsInputSetWithPlaceholder: 0
2026-08-12 15:37:56.115 Df IlliniCover[27246:3d2c12] [com.apple.UIKit:KeyboardSceneDelegate] _inputViewsForResponder returning: <<UIInputViewSet: 0x1271a4480>; (empty)>
2026-08-12 15:37:56.116 Df IlliniCover[27246:3d2c12] [com.apple.BackBoard:Keyboard] currently observing: YES
2026-08-12 15:37:56.116 Df IlliniCover[27246:3d2c12] [com.apple.BackBoard:Keyboard] currently observing: NO
2026-08-12 15:37:56.116 E  IlliniCover[27246:3d2c12] [com.apple.RemoteTextInput:RTILog] -[RTIInputSystemClient remoteTextInputSessionWithID:performInputOperation:]  perform input operation requires a valid sessionID. inputModality = Keyboard, inputOperation = <null selector>, customInfoType = UIEmojiSearchOperations
2026-08-12 15:37:56.116 Df IlliniCover[27246:3d2c12] [com.apple.xpc:connection] [0x12711cdc0] activating connection: mach=true listener=false peer=false name=com.apple.TextInput
2026-08-12 15:37:56.117 Df IlliniCover[27246:3d2c12] [com.apple.UIKit:UIPeripheralHost] endPlacementForInputViewSet: <<UIInputViewSet: 0x1271a4480>; (empty)> windowScene: <UIWindowScene: 0x10d87e600; role: UIWindowSceneSessionRoleApplication; persistentIdentifier: 2050C5AC-6A26-42BC-8E8F-FBAE5EDC0388; activationState: UISceneActivationStateForegroundActive>
2026-08-12 15:37:56.117 Df IlliniCover[27246:3d2c12] [com.apple.UIKit:KeyboardArbiterClientLog] -[_UIRemoteKeyboards prepareToMoveKeyboard:withIAV:isIAVRelevant:showing:notifyRemote:forScene:] position: {{0, 0}, {0, 0}} visible: 0; notifyRemote: 1; isMinimized: NO
2026-08-12 15:37:56.117 Df IlliniCover[27246:3d2c12] [com.apple.UIKit:KeyboardVisualMode] Show keyboard with visual mode windowed (0)
2026-08-12 15:37:56.117 Df IlliniCover[27246:3d2c12] [com.apple.UIKit:TrackingElementWindowController] Setting tracking element input views: <<UIInputViewSet: 0x1271a4600>; (empty)>
2026-08-12 15:37:56.117 Df IlliniCover[27246:3d2c12] [com.apple.UIKit:UIPeripheralHost] endPlacementForInputViewSet: <<UIInputViewSet: 0x1271a4600>; (empty)> windowScene: <UIWindowScene: 0x10d87e600; role: UIWindowSceneSessionRoleApplication; persistentIdentifier: 2050C5AC-6A26-42BC-8E8F-FBAE5EDC0388; activationState: UISceneActivationStateForegroundActive>
2026-08-12 15:37:56.117 Df IlliniCover[27246:3d2c12] [com.apple.UIKit:TrackingElementWindowController] Moving from placement: <UIInputViewSetPlacementOffScreenDown> to placement: <UIInputViewSetPlacementOffScreenDown> (currentPlacement: <UIInputViewSetPlacementOffScreenDown>)
2026-08-12 15:37:56.117 Df IlliniCover[27246:3d2c12] [com.apple.UIKit:TrackingElementWindowController] Change from input view set: <<UIInputViewSet: 0x121b11c80>; (empty)>
2026-08-12 15:37:56.117 Df IlliniCover[27246:3d2c12] [com.apple.UIKit:TrackingElementWindowController] Change to input view set: <<UIInputViewSet: 0x1271a4600>; (empty)>
2026-08-12 15:37:56.118 Df IlliniCover[27246:3d2c12] [com.apple.UIKit:UIPeripheralHost] endPlacementForInputViewSet: <<UIInputViewSet: 0x1271a4600>; (empty)> windowScene: <UIWindowScene: 0x10d87e600; role: UIWindowSceneSessionRoleApplication; persistentIdentifier: 2050C5AC-6A26-42BC-8E8F-FBAE5EDC0388; activationState: UISceneActivationStateForegroundActive>
2026-08-12 15:37:56.118 Df IlliniCover[27246:3d2c12] [com.apple.UIKit:TrackingElementWindowController] updatePlacementWithPlacement: <UIInputViewSetPlacementOffScreenDown>
2026-08-12 15:37:56.998 Df IlliniCover[27246:3d2c18] [com.apple.dt.xctest:Default] Received request to fetch matches for query:
2026-08-12 15:37:56.998 Df IlliniCover[27246:3d2c18] [com.apple.dt.xctest:Default] Evaluating query:
2026-08-12 15:37:56.998 Df IlliniCover[27246:3d2c18] [com.apple.dt.xctest:Default] Getting root element snapshot
2026-08-12 15:37:56.998 Df IlliniCover[27246:3d2c18] [com.apple.dt.xctest:Default] Getting snapshot for App element pid: 27246 for query
2026-08-12 15:37:56.998 Df IlliniCover[27246:3d2c18] [com.apple.dt.xctest:Default] Query requires iOS snapshot attributes .
2026-08-12 15:37:56.998 Df IlliniCover[27246:3d2c18] [com.apple.dt.xctest:Default] XCTPerformOnMainRunLoop[not MT]: about to CFRunLoopPerform
2026-08-12 15:37:56.998 Df IlliniCover[27246:3d2c18] [com.apple.dt.xctest:Default] XCTPerformOnMainRunLoop[not MT]: waiting with 30.00s responsiveness timeout
2026-08-12 15:37:56.998 Df IlliniCover[27246:3d2c12] [com.apple.dt.xctest:Default] XCTPerformOnMainRunLoop[MT]: inside CFRunLoopPerform
2026-08-12 15:37:56.998 Df IlliniCover[27246:3d2c12] [com.apple.dt.xctest:Default] XCTPerformOnMainRunLoop[MT]: MT responded in time (won the race to the busy flag)
2026-08-12 15:37:56.998 Df IlliniCover[27246:3d2c18] [com.apple.dt.xctest:Default] XCTPerformOnMainRunLoop[not MT]: waiting 60.00s for work to complete
2026-08-12 15:37:56.999 Df IlliniCover[27246:3d2c12] [com.apple.dt.xctest:Default] Got main window <AXUIElementRef 0x120f88e40> {pid=27246} {uid=[ID:423 hash:0x12635a800]}
2026-08-12 15:37:56.999 Df IlliniCover[27246:3d2c12] [com.apple.dt.xctest:Default] Capturing hierarchy with attributes XC_kAXXCAttributeElementType, XC_kAXXCAttributeElementBaseType, XC_kAXXCAttributeParent, XC_kAXXCAttributeIdentifier, XC_kAXXCAttributeAutomationType, XC_kAXXCAttributeTraits
2026-08-12 15:37:56.999 Df IlliniCover[27246:3d2c12] [com.apple.dt.xctest:Default] Capturing hierarchy with parameters {
    attributes =     (
        5003,
        5004,
        5002,
        5019,
        5058,
        2004
    );
    maxArrayCount = 2147483647;
    maxChildren = 2147483647;
    maxDepth = 2147483647;
    snapshotKeyHonorModalViews = 0;
    traverseFromParentsToChildren = 1;
}
2026-08-12 15:37:56.999 Df IlliniCover[27246:3d2c12] [com.apple.dt.xctest:Default] Snapshot attributes 5003, 5004, 5002, 5019, 5058, 2004
2026-08-12 15:37:57.066 Df IlliniCover[27246:3d2c12] [com.apple.dt.xctest:Default] Got snapshot for <AXUIElementRef 0x121875380> {pid=27246} {uid=[ID:1 hash:0x0]}
2026-08-12 15:37:57.066 Df IlliniCover[27246:3d2c12] [com.apple.dt.xctest:Default] Got app orientation 0
2026-08-12 15:37:57.066 Df IlliniCover[27246:3d2c12] [com.apple.dt.xctest:Default] Captured accessibility snapshot data in 0.07s
2026-08-12 15:37:57.066 Df IlliniCover[27246:3d2c18] [com.apple.dt.xctest:Default] App orientation is 0 (not portrait) and UIWindow window Window is not main window
2026-08-12 15:37:57.066 Df IlliniCover[27246:3d2c18] [com.apple.dt.xctest:Default] Leaving frame unchanged for Window: either already correct or we can't detect it.
2026-08-12 15:37:57.066 Df IlliniCover[27246:3d2c18] [com.apple.dt.xctest:Default] Preferring automation type 48 instead of legacy element type OTHER derived from class/trait: UILabel:UILabel 8590000128
2026-08-12 15:37:57.067 Df IlliniCover[27246:3d2c18] [com.apple.dt.xctest:Default] App orientation is 0 (not portrait) and UITextEffectsWindow window Window is not main window
2026-08-12 15:37:57.067 Df IlliniCover[27246:3d2c18] [com.apple.dt.xctest:Default] Leaving frame unchanged for Window: either already correct or we can't detect it.
2026-08-12 15:37:57.067 Df IlliniCover[27246:3d2c18] [com.apple.dt.xctest:Default] Found main window: Window
2026-08-12 15:37:57.067 Df IlliniCover[27246:3d2c18] [com.apple.dt.xctest:Default] Preferring automation type 5 instead of legacy element type OTHER derived from class/trait: _UIAlertControllerPhoneTVMacView:_UIAlertControllerPhoneTVMacView 72057602627862528
2026-08-12 15:37:57.067 E  IlliniCover[27246:3d2c18] [com.apple.dt.xctest:Default] Automation type mismatch; legacy system derived element type 7 from class _UIAlertControllerPhoneTVMacView:_UIAlertControllerPhoneTVMacView, traits 72057602627862528, but AXAutomationType returned 3 which maps to 5
2026-08-12 15:37:57.067 Df IlliniCover[27246:3d2c18] [com.apple.dt.xctest:Default] Preferring automation type 46 instead of legacy element type OTHER derived from class/trait: _UIInterfaceActionGroupHeaderScrollView:_UIInterfaceActionGroupHeaderScrollView 8589934592
2026-08-12 15:37:57.067 Df IlliniCover[27246:3d2c18] [com.apple.dt.xctest:Default] Preferring automation type 46 instead of legacy element type OTHER derived from class/trait: _UIInterfaceActionRepresentationsSequenceView:_UIInterfaceActionRepresentationsSequenceView 8589934592
2026-08-12 15:37:57.068 Df IlliniCover[27246:3d2c18] [com.apple.dt.xctest:Default] Query  found matching snapshots: {(
    Application, pid: 27246
)} (error: (null))
2026-08-12 15:37:57.068 Df IlliniCover[27246:3d2c18] [com.apple.dt.xctest:Default] Replying to query  with results: <XCTElementQueryResults: 0x125d23000> (error: (null))
2026-08-12 15:37:57.577 Df IlliniCover[27246:3d2c18] [com.apple.dt.xctest:Default] Received request to fetch matches for query:
2026-08-12 15:37:57.577 Df IlliniCover[27246:3d2c1d] [com.apple.dt.xctest:Default] Evaluating query:
2026-08-12 15:37:57.577 Df IlliniCover[27246:3d2c1d] [com.apple.dt.xctest:Default] Getting root element snapshot
2026-08-12 15:37:57.577 Df IlliniCover[27246:3d2c1d] [com.apple.dt.xctest:Default] Getting snapshot for App element pid: 27246 for query
2026-08-12 15:37:57.577 Df IlliniCover[27246:3d2c1d] [com.apple.dt.xctest:Default] Query requires iOS snapshot attributes .
2026-08-12 15:37:57.577 Df IlliniCover[27246:3d2c1d] [com.apple.dt.xctest:Default] XCTPerformOnMainRunLoop[not MT]: about to CFRunLoopPerform
2026-08-12 15:37:57.577 Df IlliniCover[27246:3d2c1d] [com.apple.dt.xctest:Default] XCTPerformOnMainRunLoop[not MT]: waiting with 30.00s responsiveness timeout
2026-08-12 15:37:57.577 Df IlliniCover[27246:3d2c12] [com.apple.dt.xctest:Default] XCTPerformOnMainRunLoop[MT]: inside CFRunLoopPerform
2026-08-12 15:37:57.577 Df IlliniCover[27246:3d2c12] [com.apple.dt.xctest:Default] XCTPerformOnMainRunLoop[MT]: MT responded in time (won the race to the busy flag)
2026-08-12 15:37:57.577 Df IlliniCover[27246:3d2c1d] [com.apple.dt.xctest:Default] XCTPerformOnMainRunLoop[not MT]: waiting 60.00s for work to complete
2026-08-12 15:37:57.578 Df IlliniCover[27246:3d2c12] [com.apple.dt.xctest:Default] Got main window <AXUIElementRef 0x12726dfb0> {pid=27246} {uid=[ID:423 hash:0x12635a800]}
2026-08-12 15:37:57.578 Df IlliniCover[27246:3d2c12] [com.apple.dt.xctest:Default] Capturing hierarchy with attributes XC_kAXXCAttributeElementType, XC_kAXXCAttributeElementBaseType, XC_kAXXCAttributeParent, XC_kAXXCAttributeIdentifier, XC_kAXXCAttributeAutomationType, XC_kAXXCAttributeTraits
2026-08-12 15:37:57.578 Df IlliniCover[27246:3d2c12] [com.apple.dt.xctest:Default] Capturing hierarchy with parameters {
    attributes =     (
        5003,
        5004,
        5002,
        5019,
        5058,
        2004
    );
    maxArrayCount = 2147483647;
    maxChildren = 2147483647;
    maxDepth = 2147483647;
    snapshotKeyHonorModalViews = 0;
    traverseFromParentsToChildren = 1;
}
2026-08-12 15:37:57.578 Df IlliniCover[27246:3d2c12] [com.apple.dt.xctest:Default] Snapshot attributes 5003, 5004, 5002, 5019, 5058, 2004
2026-08-12 15:37:57.642 Df IlliniCover[27246:3d2c12] [com.apple.dt.xctest:Default] Got snapshot for <AXUIElementRef 0x120f589f0> {pid=27246} {uid=[ID:1 hash:0x0]}
2026-08-12 15:37:57.642 Df IlliniCover[27246:3d2c12] [com.apple.dt.xctest:Default] Got app orientation 0
2026-08-12 15:37:57.642 Df IlliniCover[27246:3d2c12] [com.apple.dt.xctest:Default] Captured accessibility snapshot data in 0.07s
2026-08-12 15:37:57.642 Df IlliniCover[27246:3d2c1d] [com.apple.dt.xctest:Default] App orientation is 0 (not portrait) and UIWindow window Window is not main window
2026-08-12 15:37:57.642 Df IlliniCover[27246:3d2c1d] [com.apple.dt.xctest:Default] Leaving frame unchanged for Window: either already correct or we can't detect it.
2026-08-12 15:37:57.643 Df IlliniCover[27246:3d2c1d] [com.apple.dt.xctest:Default] Preferring automation type 48 instead of legacy element type OTHER derived from class/trait: UILabel:UILabel 8590000128
2026-08-12 15:37:57.643 Df IlliniCover[27246:3d2c1d] [com.apple.dt.xctest:Default] App orientation is 0 (not portrait) and UITextEffectsWindow window Window is not main window
2026-08-12 15:37:57.643 Df IlliniCover[27246:3d2c1d] [com.apple.dt.xctest:Default] Leaving frame unchanged for Window: either already correct or we can't detect it.
2026-08-12 15:37:57.644 Df IlliniCover[27246:3d2c1d] [com.apple.dt.xctest:Default] Found main window: Window
2026-08-12 15:37:57.644 Df IlliniCover[27246:3d2c1d] [com.apple.dt.xctest:Default] Preferring automation type 5 instead of legacy element type OTHER derived from class/trait: _UIAlertControllerPhoneTVMacView:_UIAlertControllerPhoneTVMacView 72057602627862528
2026-08-12 15:37:57.644 E  IlliniCover[27246:3d2c1d] [com.apple.dt.xctest:Default] Automation type mismatch; legacy system derived element type 7 from class _UIAlertControllerPhoneTVMacView:_UIAlertControllerPhoneTVMacView, traits 72057602627862528, but AXAutomationType returned 3 which maps to 5
2026-08-12 15:37:57.644 Df IlliniCover[27246:3d2c1d] [com.apple.dt.xctest:Default] Preferring automation type 46 instead of legacy element type OTHER derived from class/trait: _UIInterfaceActionGroupHeaderScrollView:_UIInterfaceActionGroupHeaderScrollView 8589934592
2026-08-12 15:37:57.644 Df IlliniCover[27246:3d2c1d] [com.apple.dt.xctest:Default] Preferring automation type 46 instead of legacy element type OTHER derived from class/trait: _UIInterfaceActionRepresentationsSequenceView:_UIInterfaceActionRepresentationsSequenceView 8589934592
2026-08-12 15:37:57.644 Df IlliniCover[27246:3d2c1d] [com.apple.dt.xctest:Default] Query  found matching snapshots: {(
    Application, pid: 27246
)} (error: (null))
2026-08-12 15:37:57.644 Df IlliniCover[27246:3d2c1d] [com.apple.dt.xctest:Default] Replying to query  with results: <XCTElementQueryResults: 0x125d23db0> (error: (null))
2026-08-12 15:37:58.178 Df IlliniCover[27246:3d2c1d] [com.apple.dt.xctest:Default] Received request to fetch matches for query:
2026-08-12 15:37:58.178 Df IlliniCover[27246:3d2c1d] [com.apple.dt.xctest:Default] Evaluating query:
2026-08-12 15:37:58.178 Df IlliniCover[27246:3d2c1d] [com.apple.dt.xctest:Default] Getting root element snapshot
2026-08-12 15:37:58.178 Df IlliniCover[27246:3d2c1d] [com.apple.dt.xctest:Default] Getting snapshot for App element pid: 27246 for query
2026-08-12 15:37:58.178 Df IlliniCover[27246:3d2c1d] [com.apple.dt.xctest:Default] Query requires iOS snapshot attributes .
2026-08-12 15:37:58.178 Df IlliniCover[27246:3d2c1d] [com.apple.dt.xctest:Default] XCTPerformOnMainRunLoop[not MT]: about to CFRunLoopPerform
2026-08-12 15:37:58.178 Df IlliniCover[27246:3d2c1d] [com.apple.dt.xctest:Default] XCTPerformOnMainRunLoop[not MT]: waiting with 30.00s responsiveness timeout
2026-08-12 15:37:58.178 Df IlliniCover[27246:3d2c12] [com.apple.dt.xctest:Default] XCTPerformOnMainRunLoop[MT]: inside CFRunLoopPerform
2026-08-12 15:37:58.178 Df IlliniCover[27246:3d2c12] [com.apple.dt.xctest:Default] XCTPerformOnMainRunLoop[MT]: MT responded in time (won the race to the busy flag)
2026-08-12 15:37:58.178 Df IlliniCover[27246:3d2c1d] [com.apple.dt.xctest:Default] XCTPerformOnMainRunLoop[not MT]: waiting 60.00s for work to complete
2026-08-12 15:37:58.178 Df IlliniCover[27246:3d2c12] [com.apple.dt.xctest:Default] Got main window <AXUIElementRef 0x12725a3a0> {pid=27246} {uid=[ID:423 hash:0x12635a800]}
2026-08-12 15:37:58.178 Df IlliniCover[27246:3d2c12] [com.apple.dt.xctest:Default] Capturing hierarchy with attributes XC_kAXXCAttributeElementType, XC_kAXXCAttributeElementBaseType, XC_kAXXCAttributeParent, XC_kAXXCAttributeIdentifier, XC_kAXXCAttributeAutomationType, XC_kAXXCAttributeTraits
2026-08-12 15:37:58.179 Df IlliniCover[27246:3d2c12] [com.apple.dt.xctest:Default] Capturing hierarchy with parameters {
    attributes =     (
        5003,
        5004,
        5002,
        5019,
        5058,
        2004
    );
    maxArrayCount = 2147483647;
    maxChildren = 2147483647;
    maxDepth = 2147483647;
    snapshotKeyHonorModalViews = 0;
    traverseFromParentsToChildren = 1;
}
2026-08-12 15:37:58.179 Df IlliniCover[27246:3d2c12] [com.apple.dt.xctest:Default] Snapshot attributes 5003, 5004, 5002, 5019, 5058, 2004
2026-08-12 15:37:58.241 Df IlliniCover[27246:3d2c12] [com.apple.dt.xctest:Default] Got snapshot for <AXUIElementRef 0x11b5bf9f0> {pid=27246} {uid=[ID:1 hash:0x0]}
2026-08-12 15:37:58.241 Df IlliniCover[27246:3d2c12] [com.apple.dt.xctest:Default] Got app orientation 0
2026-08-12 15:37:58.241 Df IlliniCover[27246:3d2c12] [com.apple.dt.xctest:Default] Captured accessibility snapshot data in 0.06s
2026-08-12 15:37:58.241 Df IlliniCover[27246:3d2c1d] [com.apple.dt.xctest:Default] App orientation is 0 (not portrait) and UIWindow window Window is not main window
2026-08-12 15:37:58.241 Df IlliniCover[27246:3d2c1d] [com.apple.dt.xctest:Default] Leaving frame unchanged for Window: either already correct or we can't detect it.
2026-08-12 15:37:58.242 Df IlliniCover[27246:3d2c1d] [com.apple.dt.xctest:Default] Preferring automation type 48 instead of legacy element type OTHER derived from class/trait: UILabel:UILabel 8590000128
2026-08-12 15:37:58.242 Df IlliniCover[27246:3d2c1d] [com.apple.dt.xctest:Default] App orientation is 0 (not portrait) and UITextEffectsWindow window Window is not main window
2026-08-12 15:37:58.242 Df IlliniCover[27246:3d2c1d] [com.apple.dt.xctest:Default] Leaving frame unchanged for Window: either already correct or we can't detect it.
2026-08-12 15:37:58.242 Df IlliniCover[27246:3d2c1d] [com.apple.dt.xctest:Default] Found main window: Window
2026-08-12 15:37:58.242 Df IlliniCover[27246:3d2c1d] [com.apple.dt.xctest:Default] Preferring automation type 5 instead of legacy element type OTHER derived from class/trait: _UIAlertControllerPhoneTVMacView:_UIAlertControllerPhoneTVMacView 72057602627862528
2026-08-12 15:37:58.243 E  IlliniCover[27246:3d2c1d] [com.apple.dt.xctest:Default] Automation type mismatch; legacy system derived element type 7 from class _UIAlertControllerPhoneTVMacView:_UIAlertControllerPhoneTVMacView, traits 72057602627862528, but AXAutomationType returned 3 which maps to 5
2026-08-12 15:37:58.243 Df IlliniCover[27246:3d2c1d] [com.apple.dt.xctest:Default] Preferring automation type 46 instead of legacy element type OTHER derived from class/trait: _UIInterfaceActionGroupHeaderScrollView:_UIInterfaceActionGroupHeaderScrollView 8589934592
2026-08-12 15:37:58.243 Df IlliniCover[27246:3d2c1d] [com.apple.dt.xctest:Default] Preferring automation type 46 instead of legacy element type OTHER derived from class/trait: _UIInterfaceActionRepresentationsSequenceView:_UIInterfaceActionRepresentationsSequenceView 8589934592
2026-08-12 15:37:58.243 Df IlliniCover[27246:3d2c1d] [com.apple.dt.xctest:Default] Query  found matching snapshots: {(
    Application, pid: 27246
)} (error: (null))
2026-08-12 15:37:58.243 Df IlliniCover[27246:3d2c1d] [com.apple.dt.xctest:Default] Replying to query  with results: <XCTElementQueryResults: 0x125d23420> (error: (null))
2026-08-12 15:37:59.931 Df IlliniCover[27246:3d2c1e] [com.apple.xpc:connection] [0x10a574780] invalidated because the client process (pid 27201) either cancelled the connection or exited
2026-08-12 15:37:59.931 Df IlliniCover[27246:3d2c1e] [com.apple.dt.xctest:Default] Connection from client with pid 27201 was invalidated.
2026-08-12 15:37:59.938 Df IlliniCover[27246:3d2c1e] [com.apple.dt.automationmode:Default] Handling posted change notification (com.apple.dt.automationmode.state-changed)
2026-08-12 15:37:59.939 Df IlliniCover[27246:3d2c1e] [com.apple.dt.automationmode:Default] XAM shared observer connecting to com.apple.dt.automationmode.reader
2026-08-12 15:37:59.939 Df IlliniCover[27246:3d2c1e] [com.apple.xpc:connection] [0x127060780] activating connection: mach=true listener=false peer=false name=com.apple.dt.automationmode.reader
2026-08-12 15:37:59.941 Df IlliniCover[27246:3d2c1e] [com.apple.xpc:connection] [0x127060780] invalidated because the current process cancelled the connection by calling xpc_connection_cancel()
2026-08-12 15:37:59.941 Df IlliniCover[27246:3d2c1e] [com.apple.dt.automationmode:Default] Comparing previous enabled state (1) to current enabled state (0)
2026-08-12 15:37:59.941 Df IlliniCover[27246:3d2c1e] [com.apple.dt.xctest:Default] Automation Mode has been disabled, existing connections will be invalidated.
2026-08-12 15:38:01.464 Df IlliniCover[27246:3d2c18] [com.apple.launchservices:db] NotifyToken::RegisterDispatch(com.apple.LaunchServices.database) fired for session key LSSessionKey(system: 0 uid: 501)
2026-08-12 15:38:08.706 Df IlliniCover[27246:3d2c18] [com.apple.dt.automationmode:Default] Handling posted change notification (com.apple.dt.automationmode.state-changed)
2026-08-12 15:38:08.706 Df IlliniCover[27246:3d2c18] [com.apple.dt.automationmode:Default] XAM shared observer connecting to com.apple.dt.automationmode.reader
2026-08-12 15:38:08.706 Df IlliniCover[27246:3d2c18] [com.apple.xpc:connection] [0x121a34a00] activating connection: mach=true listener=false peer=false name=com.apple.dt.automationmode.reader
2026-08-12 15:38:08.708 Df IlliniCover[27246:3d2c18] [com.apple.xpc:connection] [0x121a34a00] invalidated because the current process cancelled the connection by calling xpc_connection_cancel()
2026-08-12 15:38:08.708 Df IlliniCover[27246:3d2c18] [com.apple.dt.automationmode:Default] Comparing previous enabled state (0) to current enabled state (1)
2026-08-12 15:38:09.629 Df IlliniCover[27246:3d2c1e] [com.apple.dt.xctest:Default] Received request for endpoint.
2026-08-12 15:38:09.629 Df IlliniCover[27246:3d2c1e] [com.apple.dt.xctest:Default] Sending anonymous endpoint.
2026-08-12 15:38:09.629 Df IlliniCover[27246:3d2c1e] [com.apple.xpc:connection] [0x10a5e1180] Connection returned listener port: 0x5d1b
2026-08-12 15:38:09.631 Df IlliniCover[27246:3d2c1e] [com.apple.dt.xctest:Default] Received client to target connection.
2026-08-12 15:38:09.632 Df IlliniCover[27246:3d2c1e] [com.apple.dt.automationmode:Default] Returning 1 for enabled state
2026-08-12 15:38:09.632 Df IlliniCover[27246:3d2c1e] [com.apple.xpc:connection] [0x122d2c600] activating connection: mach=false listener=false peer=true name=com.apple.xpc.anonymous.0x10a5e1180.peer[27489].0x122d2c600
2026-08-12 15:38:09.632 Df IlliniCover[27246:3d2c1e] [com.apple.dt.xctest:Default] Received request to exchange capabilities, remote interface capabilities are: <XCTCapabilities: 0x10a677f00>: {
    "query runtime issue reporting" = 1;
    "query runtime issue reporting/automation type mismatch" = 1;
}
2026-08-12 15:38:09.633 Df IlliniCover[27246:3d2c1e] [com.apple.dt.xctest:Default] Received request to fetch matches for query:
2026-08-12 15:38:09.633 Df IlliniCover[27246:3d2c1e] [com.apple.dt.xctest:Default] Evaluating query:
2026-08-12 15:38:09.633 Df IlliniCover[27246:3d2c1e] [com.apple.dt.xctest:Default] Getting root element snapshot
2026-08-12 15:38:09.633 Df IlliniCover[27246:3d2c1e] [com.apple.dt.xctest:Default] Getting snapshot for App element pid: 27246 for query
2026-08-12 15:38:09.633 Df IlliniCover[27246:3d2c1e] [com.apple.dt.xctest:Default] Query requires iOS snapshot attributes .
2026-08-12 15:38:09.633 Df IlliniCover[27246:3d2c1e] [com.apple.dt.xctest:Default] XCTPerformOnMainRunLoop[not MT]: about to CFRunLoopPerform
2026-08-12 15:38:09.633 Df IlliniCover[27246:3d2c1e] [com.apple.dt.xctest:Default] XCTPerformOnMainRunLoop[not MT]: waiting with 30.00s responsiveness timeout
2026-08-12 15:38:09.633 Df IlliniCover[27246:3d2c12] [com.apple.dt.xctest:Default] XCTPerformOnMainRunLoop[MT]: inside CFRunLoopPerform
2026-08-12 15:38:09.633 Df IlliniCover[27246:3d2c12] [com.apple.dt.xctest:Default] XCTPerformOnMainRunLoop[MT]: MT responded in time (won the race to the busy flag)
2026-08-12 15:38:09.633 Df IlliniCover[27246:3d2c1e] [com.apple.dt.xctest:Default] XCTPerformOnMainRunLoop[not MT]: waiting 60.00s for work to complete
2026-08-12 15:38:09.634 Df IlliniCover[27246:3d2c12] [com.apple.dt.xctest:Default] Got main window <AXUIElementRef 0x12724d620> {pid=27246} {uid=[ID:423 hash:0x12635a800]}
2026-08-12 15:38:09.634 Df IlliniCover[27246:3d2c12] [com.apple.dt.xctest:Default] Capturing hierarchy with attributes XC_kAXXCAttributeElementType, XC_kAXXCAttributeElementBaseType, XC_kAXXCAttributeParent, XC_kAXXCAttributeIdentifier, XC_kAXXCAttributeAutomationType, XC_kAXXCAttributeTraits
2026-08-12 15:38:09.634 Df IlliniCover[27246:3d2c12] [com.apple.dt.xctest:Default] Capturing hierarchy with parameters {
    attributes =     (
        5003,
        5004,
        5002,
        5019,
        5058,
        2004
    );
    maxArrayCount = 2147483647;
    maxChildren = 2147483647;
    maxDepth = 2147483647;
    snapshotKeyHonorModalViews = 0;
    traverseFromParentsToChildren = 1;
}
2026-08-12 15:38:09.634 Df IlliniCover[27246:3d2c12] [com.apple.dt.xctest:Default] Snapshot attributes 5003, 5004, 5002, 5019, 5058, 2004
2026-08-12 15:38:09.704 Df IlliniCover[27246:3d2c12] [com.apple.dt.xctest:Default] Got snapshot for <AXUIElementRef 0x1218a91d0> {pid=27246} {uid=[ID:1 hash:0x0]}
2026-08-12 15:38:09.704 Df IlliniCover[27246:3d2c12] [com.apple.dt.xctest:Default] Got app orientation 0
2026-08-12 15:38:09.704 Df IlliniCover[27246:3d2c12] [com.apple.dt.xctest:Default] Captured accessibility snapshot data in 0.07s
2026-08-12 15:38:09.704 Df IlliniCover[27246:3d2c1e] [com.apple.dt.xctest:Default] App orientation is 0 (not portrait) and UIWindow window Window is not main window
2026-08-12 15:38:09.704 Df IlliniCover[27246:3d2c1e] [com.apple.dt.xctest:Default] Leaving frame unchanged for Window: either already correct or we can't detect it.
2026-08-12 15:38:09.705 Df IlliniCover[27246:3d2c1e] [com.apple.dt.xctest:Default] Preferring automation type 48 instead of legacy element type OTHER derived from class/trait: UILabel:UILabel 8590000128
2026-08-12 15:38:09.706 Df IlliniCover[27246:3d2c1e] [com.apple.dt.xctest:Default] App orientation is 0 (not portrait) and UITextEffectsWindow window Window is not main window
2026-08-12 15:38:09.706 Df IlliniCover[27246:3d2c1e] [com.apple.dt.xctest:Default] Leaving frame unchanged for Window: either already correct or we can't detect it.
2026-08-12 15:38:09.706 Df IlliniCover[27246:3d2c1e] [com.apple.dt.xctest:Default] Found main window: Window
2026-08-12 15:38:09.706 Df IlliniCover[27246:3d2c1e] [com.apple.dt.xctest:Default] Preferring automation type 5 instead of legacy element type OTHER derived from class/trait: _UIAlertControllerPhoneTVMacView:_UIAlertControllerPhoneTVMacView 72057602627862528
2026-08-12 15:38:09.706 E  IlliniCover[27246:3d2c1e] [com.apple.dt.xctest:Default] Automation type mismatch; legacy system derived element type 7 from class _UIAlertControllerPhoneTVMacView:_UIAlertControllerPhoneTVMacView, traits 72057602627862528, but AXAutomationType returned 3 which maps to 5
2026-08-12 15:38:09.706 Df IlliniCover[27246:3d2c1e] [com.apple.dt.xctest:Default] Preferring automation type 46 instead of legacy element type OTHER derived from class/trait: _UIInterfaceActionGroupHeaderScrollView:_UIInterfaceActionGroupHeaderScrollView 8589934592
2026-08-12 15:38:09.706 Df IlliniCover[27246:3d2c1e] [com.apple.dt.xctest:Default] Preferring automation type 46 instead of legacy element type OTHER derived from class/trait: _UIInterfaceActionRepresentationsSequenceView:_UIInterfaceActionRepresentationsSequenceView 8589934592
2026-08-12 15:38:09.707 Df IlliniCover[27246:3d2c1e] [com.apple.dt.xctest:Default] Query  found matching snapshots: {(
    Application, pid: 27246
)} (error: (null))
2026-08-12 15:38:09.707 Df IlliniCover[27246:3d2c1e] [com.apple.dt.xctest:Default] Replying to query  with results: <XCTElementQueryResults: 0x125d20db0> (error: (null))
2026-08-12 15:38:09.924 Df IlliniCover[27246:3d2c1e] [com.apple.dt.xctest:Default] Received request to fetch matches for query:
2026-08-12 15:38:09.924 Df IlliniCover[27246:3d2c18] [com.apple.dt.xctest:Default] Evaluating query:
2026-08-12 15:38:09.924 Df IlliniCover[27246:3d2c18] [com.apple.dt.xctest:Default] Getting root element snapshot
2026-08-12 15:38:09.924 Df IlliniCover[27246:3d2c18] [com.apple.dt.xctest:Default] Getting snapshot for App element pid: 27246 for query
2026-08-12 15:38:09.924 Df IlliniCover[27246:3d2c18] [com.apple.dt.xctest:Default] Query requires iOS snapshot attributes .
2026-08-12 15:38:09.924 Df IlliniCover[27246:3d2c18] [com.apple.dt.xctest:Default] XCTPerformOnMainRunLoop[not MT]: about to CFRunLoopPerform
2026-08-12 15:38:09.924 Df IlliniCover[27246:3d2c18] [com.apple.dt.xctest:Default] XCTPerformOnMainRunLoop[not MT]: waiting with 30.00s responsiveness timeout
2026-08-12 15:38:09.924 Df IlliniCover[27246:3d2c12] [com.apple.dt.xctest:Default] XCTPerformOnMainRunLoop[MT]: inside CFRunLoopPerform
2026-08-12 15:38:09.924 Df IlliniCover[27246:3d2c12] [com.apple.dt.xctest:Default] XCTPerformOnMainRunLoop[MT]: MT responded in time (won the race to the busy flag)
2026-08-12 15:38:09.924 Df IlliniCover[27246:3d2c18] [com.apple.dt.xctest:Default] XCTPerformOnMainRunLoop[not MT]: waiting 60.00s for work to complete
2026-08-12 15:38:09.925 Df IlliniCover[27246:3d2c12] [com.apple.dt.xctest:Default] Got main window <AXUIElementRef 0x1262ee220> {pid=27246} {uid=[ID:423 hash:0x12635a800]}
2026-08-12 15:38:09.925 Df IlliniCover[27246:3d2c12] [com.apple.dt.xctest:Default] Capturing hierarchy with attributes XC_kAXXCAttributeElementType, XC_kAXXCAttributeElementBaseType, XC_kAXXCAttributeParent, XC_kAXXCAttributeIdentifier, XC_kAXXCAttributeAutomationType, XC_kAXXCAttributeTraits
2026-08-12 15:38:09.925 Df IlliniCover[27246:3d2c12] [com.apple.dt.xctest:Default] Capturing hierarchy with parameters {
    attributes =     (
        5003,
        5004,
        5002,
        5019,
        5058,
        2004
    );
    maxArrayCount = 2147483647;
    maxChildren = 2147483647;
    maxDepth = 2147483647;
    snapshotKeyHonorModalViews = 0;
    traverseFromParentsToChildren = 1;
}
2026-08-12 15:38:09.925 Df IlliniCover[27246:3d2c12] [com.apple.dt.xctest:Default] Snapshot attributes 5003, 5004, 5002, 5019, 5058, 2004
2026-08-12 15:38:09.985 Df IlliniCover[27246:3d2c12] [com.apple.dt.xctest:Default] Got snapshot for <AXUIElementRef 0x120f58c00> {pid=27246} {uid=[ID:1 hash:0x0]}
2026-08-12 15:38:09.985 Df IlliniCover[27246:3d2c12] [com.apple.dt.xctest:Default] Got app orientation 0
2026-08-12 15:38:09.985 Df IlliniCover[27246:3d2c12] [com.apple.dt.xctest:Default] Captured accessibility snapshot data in 0.06s
2026-08-12 15:38:09.985 Df IlliniCover[27246:3d2c18] [com.apple.dt.xctest:Default] App orientation is 0 (not portrait) and UIWindow window Window is not main window
2026-08-12 15:38:09.986 Df IlliniCover[27246:3d2c18] [com.apple.dt.xctest:Default] Leaving frame unchanged for Window: either already correct or we can't detect it.
2026-08-12 15:38:09.986 Df IlliniCover[27246:3d2c18] [com.apple.dt.xctest:Default] Preferring automation type 48 instead of legacy element type OTHER derived from class/trait: UILabel:UILabel 8590000128
2026-08-12 15:38:09.986 Df IlliniCover[27246:3d2c18] [com.apple.dt.xctest:Default] App orientation is 0 (not portrait) and UITextEffectsWindow window Window is not main window
2026-08-12 15:38:09.987 Df IlliniCover[27246:3d2c18] [com.apple.dt.xctest:Default] Leaving frame unchanged for Window: either already correct or we can't detect it.
2026-08-12 15:38:09.987 Df IlliniCover[27246:3d2c18] [com.apple.dt.xctest:Default] Found main window: Window
2026-08-12 15:38:09.987 Df IlliniCover[27246:3d2c18] [com.apple.dt.xctest:Default] Preferring automation type 5 instead of legacy element type OTHER derived from class/trait: _UIAlertControllerPhoneTVMacView:_UIAlertControllerPhoneTVMacView 72057602627862528
2026-08-12 15:38:09.987 E  IlliniCover[27246:3d2c18] [com.apple.dt.xctest:Default] Automation type mismatch; legacy system derived element type 7 from class _UIAlertControllerPhoneTVMacView:_UIAlertControllerPhoneTVMacView, traits 72057602627862528, but AXAutomationType returned 3 which maps to 5
2026-08-12 15:38:09.987 Df IlliniCover[27246:3d2c18] [com.apple.dt.xctest:Default] Preferring automation type 46 instead of legacy element type OTHER derived from class/trait: _UIInterfaceActionGroupHeaderScrollView:_UIInterfaceActionGroupHeaderScrollView 8589934592
2026-08-12 15:38:09.987 Df IlliniCover[27246:3d2c18] [com.apple.dt.xctest:Default] Preferring automation type 46 instead of legacy element type OTHER derived from class/trait: _UIInterfaceActionRepresentationsSequenceView:_UIInterfaceActionRepresentationsSequenceView 8589934592
2026-08-12 15:38:09.987 Df IlliniCover[27246:3d2c18] [com.apple.dt.xctest:Default] Query  found matching snapshots: {(
    Application, pid: 27246
)} (error: (null))
2026-08-12 15:38:09.987 Df IlliniCover[27246:3d2c18] [com.apple.dt.xctest:Default] Replying to query  with results: <XCTElementQueryResults: 0x125d22d90> (error: (null))
