Timestamp               Ty Process[PID:TID]
2026-08-12 15:38:59.124 Df IlliniCover[27692:3d3a49] [com.apple.dt.xctest:Default] Got snapshot for <AXUIElementRef 0x10d6d0bd0> {pid=27692} {uid=[ID:1 hash:0x0]}
2026-08-12 15:38:59.124 Df IlliniCover[27692:3d3a49] [com.apple.dt.xctest:Default] Got app orientation 0
2026-08-12 15:38:59.124 Df IlliniCover[27692:3d3a49] [com.apple.dt.xctest:Default] Captured accessibility snapshot data in 0.09s
2026-08-12 15:38:59.125 Df IlliniCover[27692:3d3a8d] [com.apple.dt.xctest:Default] Found main window: Window
2026-08-12 15:38:59.125 Df IlliniCover[27692:3d3a8d] [com.apple.dt.xctest:Default] Preferring automation type 48 instead of legacy element type OTHER derived from class/trait: UILabel:UILabel 8590000128
2026-08-12 15:38:59.126 Df IlliniCover[27692:3d3a8d] [com.apple.dt.xctest:Default] Preferring automation type 14 instead of legacy element type OTHER derived from class/trait: SwiftUI.AccessibilityNode:UIResponder 1108101562369
2026-08-12 15:38:59.126 E  IlliniCover[27692:3d3a8d] [com.apple.dt.xctest:Default] Automation type mismatch; legacy system derived element type 9 from class SwiftUI.AccessibilityNode:UIResponder, traits 1108101562369, but AXAutomationType returned 14 which maps to 14
2026-08-12 15:38:59.126 Df IlliniCover[27692:3d3a8d] [com.apple.dt.xctest:Default] StaticText is not actually a child of Button, including at this point anyway (rdar://problem/20738636)
2026-08-12 15:38:59.126 Df IlliniCover[27692:3d3a8d] [com.apple.dt.xctest:Default] Image, identifier: 'chevron.down' is not actually a child of Button, including at this point anyway (rdar://problem/20738636)
2026-08-12 15:38:59.126 Df IlliniCover[27692:3d3a8d] [com.apple.dt.xctest:Default] Button is not actually a child of Button, identifier: 'deal-timing-kind-picker', including at this point anyway (rdar://problem/20738636)
2026-08-12 15:38:59.126 Df IlliniCover[27692:3d3a8d] [com.apple.dt.xctest:Default] Preferring automation type 14 instead of legacy element type OTHER derived from class/trait: SwiftUI.AccessibilityNode:UIResponder 1108101562369
2026-08-12 15:38:59.126 E  IlliniCover[27692:3d3a8d] [com.apple.dt.xctest:Default] Automation type mismatch; legacy system derived element type 9 from class SwiftUI.AccessibilityNode:UIResponder, traits 1108101562369, but AXAutomationType returned 14 which maps to 14
2026-08-12 15:38:59.126 Df IlliniCover[27692:3d3a8d] [com.apple.dt.xctest:Default] StaticText is not actually a child of Button, including at this point anyway (rdar://problem/20738636)
2026-08-12 15:38:59.126 Df IlliniCover[27692:3d3a8d] [com.apple.dt.xctest:Default] Image, identifier: 'chevron.down' is not actually a child of Button, including at this point anyway (rdar://problem/20738636)
2026-08-12 15:38:59.126 Df IlliniCover[27692:3d3a8d] [com.apple.dt.xctest:Default] Button is not actually a child of Button, identifier: 'deal-serving-picker', including at this point anyway (rdar://problem/20738636)
2026-08-12 15:38:59.126 Df IlliniCover[27692:3d3a8d] [com.apple.dt.xctest:Default] App orientation is 0 (not portrait) and UITextEffectsWindow window Window is not main window
2026-08-12 15:38:59.126 Df IlliniCover[27692:3d3a8d] [com.apple.dt.xctest:Default] Leaving frame unchanged for Window: either already correct or we can't detect it.
2026-08-12 15:38:59.127 Df IlliniCover[27692:3d3a8d] [com.apple.dt.xctest:Default] Query  found matching snapshots: {(
    Application, pid: 27692
)} (error: (null))
2026-08-12 15:38:59.127 Df IlliniCover[27692:3d3a8d] [com.apple.dt.xctest:Default] Replying to query  with results: <XCTElementQueryResults: 0x125340f30> (error: (null))
2026-08-12 15:38:59.453 Df IlliniCover[27692:3d3a8d] [com.apple.dt.xctest:Default] Received request to fetch matches for query:
2026-08-12 15:38:59.453 Df IlliniCover[27692:3d3a8f] [com.apple.dt.xctest:Default] Evaluating query:
2026-08-12 15:38:59.453 Df IlliniCover[27692:3d3a8f] [com.apple.dt.xctest:Default] Getting root element snapshot
2026-08-12 15:38:59.453 Df IlliniCover[27692:3d3a8f] [com.apple.dt.xctest:Default] Getting snapshot for App element pid: 27692 for query
2026-08-12 15:38:59.453 Df IlliniCover[27692:3d3a8f] [com.apple.dt.xctest:Default] Query requires iOS snapshot attributes .
2026-08-12 15:38:59.453 Df IlliniCover[27692:3d3a8f] [com.apple.dt.xctest:Default] XCTPerformOnMainRunLoop[not MT]: about to CFRunLoopPerform
2026-08-12 15:38:59.453 Df IlliniCover[27692:3d3a8f] [com.apple.dt.xctest:Default] XCTPerformOnMainRunLoop[not MT]: waiting with 30.00s responsiveness timeout
2026-08-12 15:38:59.453 Df IlliniCover[27692:3d3a49] [com.apple.dt.xctest:Default] XCTPerformOnMainRunLoop[MT]: inside CFRunLoopPerform
2026-08-12 15:38:59.453 Df IlliniCover[27692:3d3a49] [com.apple.dt.xctest:Default] XCTPerformOnMainRunLoop[MT]: MT responded in time (won the race to the busy flag)
2026-08-12 15:38:59.453 Df IlliniCover[27692:3d3a8f] [com.apple.dt.xctest:Default] XCTPerformOnMainRunLoop[not MT]: waiting 60.00s for work to complete
2026-08-12 15:38:59.454 Df IlliniCover[27692:3d3a49] [com.apple.dt.xctest:Default] Got main window <AXUIElementRef 0x1245805d0> {pid=27692} {uid=[ID:3 hash:0x10a20c800]}
2026-08-12 15:38:59.454 Df IlliniCover[27692:3d3a49] [com.apple.dt.xctest:Default] Capturing hierarchy with attributes XC_kAXXCAttributeElementType, XC_kAXXCAttributeElementBaseType, XC_kAXXCAttributeParent, XC_kAXXCAttributeIdentifier, XC_kAXXCAttributeAutomationType, XC_kAXXCAttributeTraits
2026-08-12 15:38:59.454 Df IlliniCover[27692:3d3a49] [com.apple.dt.xctest:Default] Capturing hierarchy with parameters {
    attributes =     (
        5003,
        5004,
        5002,
        5019,
        5058,
        2004
    );
    maxArrayCount = 2147483647;
    maxChildren = 2147483647;
    maxDepth = 2147483647;
    snapshotKeyHonorModalViews = 0;
    traverseFromParentsToChildren = 1;
}
2026-08-12 15:38:59.454 Df IlliniCover[27692:3d3a49] [com.apple.dt.xctest:Default] Snapshot attributes 5003, 5004, 5002, 5019, 5058, 2004
2026-08-12 15:38:59.542 Df IlliniCover[27692:3d3a49] [com.apple.dt.xctest:Default] Got snapshot for <AXUIElementRef 0x1240ef1e0> {pid=27692} {uid=[ID:1 hash:0x0]}
2026-08-12 15:38:59.542 Df IlliniCover[27692:3d3a49] [com.apple.dt.xctest:Default] Got app orientation 0
2026-08-12 15:38:59.542 Df IlliniCover[27692:3d3a49] [com.apple.dt.xctest:Default] Captured accessibility snapshot data in 0.09s
2026-08-12 15:38:59.542 Df IlliniCover[27692:3d3a8f] [com.apple.dt.xctest:Default] Found main window: Window
2026-08-12 15:38:59.543 Df IlliniCover[27692:3d3a8f] [com.apple.dt.xctest:Default] Preferring automation type 48 instead of legacy element type OTHER derived from class/trait: UILabel:UILabel 8590000128
2026-08-12 15:38:59.544 Df IlliniCover[27692:3d3a8f] [com.apple.dt.xctest:Default] Preferring automation type 14 instead of legacy element type OTHER derived from class/trait: SwiftUI.AccessibilityNode:UIResponder 1108101562369
2026-08-12 15:38:59.544 E  IlliniCover[27692:3d3a8f] [com.apple.dt.xctest:Default] Automation type mismatch; legacy system derived element type 9 from class SwiftUI.AccessibilityNode:UIResponder, traits 1108101562369, but AXAutomationType returned 14 which maps to 14
2026-08-12 15:38:59.544 Df IlliniCover[27692:3d3a8f] [com.apple.dt.xctest:Default] StaticText is not actually a child of Button, including at this point anyway (rdar://problem/20738636)
2026-08-12 15:38:59.544 Df IlliniCover[27692:3d3a8f] [com.apple.dt.xctest:Default] Image, identifier: 'chevron.down' is not actually a child of Button, including at this point anyway (rdar://problem/20738636)
2026-08-12 15:38:59.544 Df IlliniCover[27692:3d3a8f] [com.apple.dt.xctest:Default] Button is not actually a child of Button, identifier: 'deal-timing-kind-picker', including at this point anyway (rdar://problem/20738636)
2026-08-12 15:38:59.544 Df IlliniCover[27692:3d3a8f] [com.apple.dt.xctest:Default] Preferring automation type 14 instead of legacy element type OTHER derived from class/trait: SwiftUI.AccessibilityNode:UIResponder 1108101562369
2026-08-12 15:38:59.544 E  IlliniCover[27692:3d3a8f] [com.apple.dt.xctest:Default] Automation type mismatch; legacy system derived element type 9 from class SwiftUI.AccessibilityNode:UIResponder, traits 1108101562369, but AXAutomationType returned 14 which maps to 14
2026-08-12 15:38:59.544 Df IlliniCover[27692:3d3a8f] [com.apple.dt.xctest:Default] StaticText is not actually a child of Button, including at this point anyway (rdar://problem/20738636)
2026-08-12 15:38:59.544 Df IlliniCover[27692:3d3a8f] [com.apple.dt.xctest:Default] Image, identifier: 'chevron.down' is not actually a child of Button, including at this point anyway (rdar://problem/20738636)
2026-08-12 15:38:59.544 Df IlliniCover[27692:3d3a8f] [com.apple.dt.xctest:Default] Button is not actually a child of Button, identifier: 'deal-serving-picker', including at this point anyway (rdar://problem/20738636)
2026-08-12 15:38:59.544 Df IlliniCover[27692:3d3a8f] [com.apple.dt.xctest:Default] App orientation is 0 (not portrait) and UITextEffectsWindow window Window is not main window
2026-08-12 15:38:59.544 Df IlliniCover[27692:3d3a8f] [com.apple.dt.xctest:Default] Leaving frame unchanged for Window: either already correct or we can't detect it.
2026-08-12 15:38:59.544 Df IlliniCover[27692:3d3a8f] [com.apple.dt.xctest:Default] Query  found matching snapshots: {(
    Application, pid: 27692
)} (error: (null))
2026-08-12 15:38:59.544 Df IlliniCover[27692:3d3a8f] [com.apple.dt.xctest:Default] Replying to query  with results: <XCTElementQueryResults: 0x1253413e0> (error: (null))
2026-08-12 15:38:59.792 Df IlliniCover[27692:3d3a8f] [com.apple.dt.xctest:Default] Received request to fetch matches for query:
2026-08-12 15:38:59.792 Df IlliniCover[27692:3d3a8d] [com.apple.dt.xctest:Default] Evaluating query:
2026-08-12 15:38:59.792 Df IlliniCover[27692:3d3a8d] [com.apple.dt.xctest:Default] Getting root element snapshot
2026-08-12 15:38:59.792 Df IlliniCover[27692:3d3a8d] [com.apple.dt.xctest:Default] Getting snapshot for App element pid: 27692 for query
2026-08-12 15:38:59.792 Df IlliniCover[27692:3d3a8d] [com.apple.dt.xctest:Default] Query requires iOS snapshot attributes .
2026-08-12 15:38:59.792 Df IlliniCover[27692:3d3a8d] [com.apple.dt.xctest:Default] XCTPerformOnMainRunLoop[not MT]: about to CFRunLoopPerform
2026-08-12 15:38:59.792 Df IlliniCover[27692:3d3a8d] [com.apple.dt.xctest:Default] XCTPerformOnMainRunLoop[not MT]: waiting with 30.00s responsiveness timeout
2026-08-12 15:38:59.792 Df IlliniCover[27692:3d3a49] [com.apple.dt.xctest:Default] XCTPerformOnMainRunLoop[MT]: inside CFRunLoopPerform
2026-08-12 15:38:59.792 Df IlliniCover[27692:3d3a49] [com.apple.dt.xctest:Default] XCTPerformOnMainRunLoop[MT]: MT responded in time (won the race to the busy flag)
2026-08-12 15:38:59.793 Df IlliniCover[27692:3d3a8d] [com.apple.dt.xctest:Default] XCTPerformOnMainRunLoop[not MT]: waiting 60.00s for work to complete
2026-08-12 15:38:59.793 Df IlliniCover[27692:3d3a49] [com.apple.dt.xctest:Default] Got main window <AXUIElementRef 0x1245805d0> {pid=27692} {uid=[ID:3 hash:0x10a20c800]}
2026-08-12 15:38:59.793 Df IlliniCover[27692:3d3a49] [com.apple.dt.xctest:Default] Capturing hierarchy with attributes XC_kAXXCAttributeElementType, XC_kAXXCAttributeElementBaseType, XC_kAXXCAttributeParent, XC_kAXXCAttributeIdentifier, XC_kAXXCAttributeAutomationType, XC_kAXXCAttributeTraits
2026-08-12 15:38:59.793 Df IlliniCover[27692:3d3a49] [com.apple.dt.xctest:Default] Capturing hierarchy with parameters {
    attributes =     (
        5003,
        5004,
        5002,
        5019,
        5058,
        2004
    );
    maxArrayCount = 2147483647;
    maxChildren = 2147483647;
    maxDepth = 2147483647;
    snapshotKeyHonorModalViews = 0;
    traverseFromParentsToChildren = 1;
}
2026-08-12 15:38:59.793 Df IlliniCover[27692:3d3a49] [com.apple.dt.xctest:Default] Snapshot attributes 5003, 5004, 5002, 5019, 5058, 2004
2026-08-12 15:38:59.881 Df IlliniCover[27692:3d3a49] [com.apple.dt.xctest:Default] Got snapshot for <AXUIElementRef 0x1252fd0e0> {pid=27692} {uid=[ID:1 hash:0x0]}
2026-08-12 15:38:59.881 Df IlliniCover[27692:3d3a49] [com.apple.dt.xctest:Default] Got app orientation 0
2026-08-12 15:38:59.881 Df IlliniCover[27692:3d3a49] [com.apple.dt.xctest:Default] Captured accessibility snapshot data in 0.09s
2026-08-12 15:38:59.881 Df IlliniCover[27692:3d3a8d] [com.apple.dt.xctest:Default] Found main window: Window
2026-08-12 15:38:59.881 Df IlliniCover[27692:3d3a8d] [com.apple.dt.xctest:Default] Preferring automation type 48 instead of legacy element type OTHER derived from class/trait: UILabel:UILabel 8590000128
2026-08-12 15:38:59.882 Df IlliniCover[27692:3d3a8d] [com.apple.dt.xctest:Default] Preferring automation type 14 instead of legacy element type OTHER derived from class/trait: SwiftUI.AccessibilityNode:UIResponder 1108101562369
2026-08-12 15:38:59.882 E  IlliniCover[27692:3d3a8d] [com.apple.dt.xctest:Default] Automation type mismatch; legacy system derived element type 9 from class SwiftUI.AccessibilityNode:UIResponder, traits 1108101562369, but AXAutomationType returned 14 which maps to 14
2026-08-12 15:38:59.882 Df IlliniCover[27692:3d3a8d] [com.apple.dt.xctest:Default] StaticText is not actually a child of Button, including at this point anyway (rdar://problem/20738636)
2026-08-12 15:38:59.882 Df IlliniCover[27692:3d3a8d] [com.apple.dt.xctest:Default] Image, identifier: 'chevron.down' is not actually a child of Button, including at this point anyway (rdar://problem/20738636)
2026-08-12 15:38:59.882 Df IlliniCover[27692:3d3a8d] [com.apple.dt.xctest:Default] Button is not actually a child of Button, identifier: 'deal-timing-kind-picker', including at this point anyway (rdar://problem/20738636)
2026-08-12 15:38:59.882 Df IlliniCover[27692:3d3a8d] [com.apple.dt.xctest:Default] Preferring automation type 14 instead of legacy element type OTHER derived from class/trait: SwiftUI.AccessibilityNode:UIResponder 1108101562369
2026-08-12 15:38:59.882 E  IlliniCover[27692:3d3a8d] [com.apple.dt.xctest:Default] Automation type mismatch; legacy system derived element type 9 from class SwiftUI.AccessibilityNode:UIResponder, traits 1108101562369, but AXAutomationType returned 14 which maps to 14
2026-08-12 15:38:59.882 Df IlliniCover[27692:3d3a8d] [com.apple.dt.xctest:Default] StaticText is not actually a child of Button, including at this point anyway (rdar://problem/20738636)
2026-08-12 15:38:59.883 Df IlliniCover[27692:3d3a8d] [com.apple.dt.xctest:Default] Image, identifier: 'chevron.down' is not actually a child of Button, including at this point anyway (rdar://problem/20738636)
2026-08-12 15:38:59.883 Df IlliniCover[27692:3d3a8d] [com.apple.dt.xctest:Default] Button is not actually a child of Button, identifier: 'deal-serving-picker', including at this point anyway (rdar://problem/20738636)
2026-08-12 15:38:59.883 Df IlliniCover[27692:3d3a8d] [com.apple.dt.xctest:Default] App orientation is 0 (not portrait) and UITextEffectsWindow window Window is not main window
2026-08-12 15:38:59.883 Df IlliniCover[27692:3d3a8d] [com.apple.dt.xctest:Default] Leaving frame unchanged for Window: either already correct or we can't detect it.
2026-08-12 15:38:59.883 Df IlliniCover[27692:3d3a8d] [com.apple.dt.xctest:Default] Query  found matching snapshots: {(
    Application, pid: 27692
)} (error: (null))
2026-08-12 15:38:59.883 Df IlliniCover[27692:3d3a8d] [com.apple.dt.xctest:Default] Replying to query  with results: <XCTElementQueryResults: 0x1253411d0> (error: (null))
2026-08-12 15:39:00.135 Df IlliniCover[27692:3d3a8d] [com.apple.dt.xctest:Default] Received request to fetch matches for query:
2026-08-12 15:39:00.135 Df IlliniCover[27692:3d3a8d] [com.apple.dt.xctest:Default] Evaluating query:
2026-08-12 15:39:00.135 Df IlliniCover[27692:3d3a8d] [com.apple.dt.xctest:Default] Getting root element snapshot
2026-08-12 15:39:00.135 Df IlliniCover[27692:3d3a8d] [com.apple.dt.xctest:Default] Getting snapshot for App element pid: 27692 for query
2026-08-12 15:39:00.135 Df IlliniCover[27692:3d3a8d] [com.apple.dt.xctest:Default] Query requires iOS snapshot attributes .
2026-08-12 15:39:00.135 Df IlliniCover[27692:3d3a8d] [com.apple.dt.xctest:Default] XCTPerformOnMainRunLoop[not MT]: about to CFRunLoopPerform
2026-08-12 15:39:00.135 Df IlliniCover[27692:3d3a8d] [com.apple.dt.xctest:Default] XCTPerformOnMainRunLoop[not MT]: waiting with 30.00s responsiveness timeout
2026-08-12 15:39:00.135 Df IlliniCover[27692:3d3a49] [com.apple.dt.xctest:Default] XCTPerformOnMainRunLoop[MT]: inside CFRunLoopPerform
2026-08-12 15:39:00.135 Df IlliniCover[27692:3d3a49] [com.apple.dt.xctest:Default] XCTPerformOnMainRunLoop[MT]: MT responded in time (won the race to the busy flag)
2026-08-12 15:39:00.135 Df IlliniCover[27692:3d3a8d] [com.apple.dt.xctest:Default] XCTPerformOnMainRunLoop[not MT]: waiting 60.00s for work to complete
2026-08-12 15:39:00.135 Df IlliniCover[27692:3d3a49] [com.apple.dt.xctest:Default] Got main window <AXUIElementRef 0x1245805d0> {pid=27692} {uid=[ID:3 hash:0x10a20c800]}
2026-08-12 15:39:00.135 Df IlliniCover[27692:3d3a49] [com.apple.dt.xctest:Default] Capturing hierarchy with attributes XC_kAXXCAttributeElementType, XC_kAXXCAttributeElementBaseType, XC_kAXXCAttributeParent, XC_kAXXCAttributeIdentifier, XC_kAXXCAttributeAutomationType, XC_kAXXCAttributeTraits
2026-08-12 15:39:00.135 Df IlliniCover[27692:3d3a49] [com.apple.dt.xctest:Default] Capturing hierarchy with parameters {
    attributes =     (
        5003,
        5004,
        5002,
        5019,
        5058,
        2004
    );
    maxArrayCount = 2147483647;
    maxChildren = 2147483647;
    maxDepth = 2147483647;
    snapshotKeyHonorModalViews = 0;
    traverseFromParentsToChildren = 1;
}
2026-08-12 15:39:00.135 Df IlliniCover[27692:3d3a49] [com.apple.dt.xctest:Default] Snapshot attributes 5003, 5004, 5002, 5019, 5058, 2004
2026-08-12 15:39:00.224 Df IlliniCover[27692:3d3a49] [com.apple.dt.xctest:Default] Got snapshot for <AXUIElementRef 0x10d6d0bd0> {pid=27692} {uid=[ID:1 hash:0x0]}
2026-08-12 15:39:00.224 Df IlliniCover[27692:3d3a49] [com.apple.dt.xctest:Default] Got app orientation 0
2026-08-12 15:39:00.224 Df IlliniCover[27692:3d3a49] [com.apple.dt.xctest:Default] Captured accessibility snapshot data in 0.09s
2026-08-12 15:39:00.224 Df IlliniCover[27692:3d3a8d] [com.apple.dt.xctest:Default] Found main window: Window
2026-08-12 15:39:00.224 Df IlliniCover[27692:3d3a8d] [com.apple.dt.xctest:Default] Preferring automation type 48 instead of legacy element type OTHER derived from class/trait: UILabel:UILabel 8590000128
2026-08-12 15:39:00.226 Df IlliniCover[27692:3d3a8d] [com.apple.dt.xctest:Default] Preferring automation type 14 instead of legacy element type OTHER derived from class/trait: SwiftUI.AccessibilityNode:UIResponder 1108101562369
2026-08-12 15:39:00.226 E  IlliniCover[27692:3d3a8d] [com.apple.dt.xctest:Default] Automation type mismatch; legacy system derived element type 9 from class SwiftUI.AccessibilityNode:UIResponder, traits 1108101562369, but AXAutomationType returned 14 which maps to 14
2026-08-12 15:39:00.226 Df IlliniCover[27692:3d3a8d] [com.apple.dt.xctest:Default] StaticText is not actually a child of Button, including at this point anyway (rdar://problem/20738636)
2026-08-12 15:39:00.226 Df IlliniCover[27692:3d3a8d] [com.apple.dt.xctest:Default] Image, identifier: 'chevron.down' is not actually a child of Button, including at this point anyway (rdar://problem/20738636)
2026-08-12 15:39:00.226 Df IlliniCover[27692:3d3a8d] [com.apple.dt.xctest:Default] Button is not actually a child of Button, identifier: 'deal-timing-kind-picker', including at this point anyway (rdar://problem/20738636)
2026-08-12 15:39:00.226 Df IlliniCover[27692:3d3a8d] [com.apple.dt.xctest:Default] Preferring automation type 14 instead of legacy element type OTHER derived from class/trait: SwiftUI.AccessibilityNode:UIResponder 1108101562369
2026-08-12 15:39:00.226 E  IlliniCover[27692:3d3a8d] [com.apple.dt.xctest:Default] Automation type mismatch; legacy system derived element type 9 from class SwiftUI.AccessibilityNode:UIResponder, traits 1108101562369, but AXAutomationType returned 14 which maps to 14
2026-08-12 15:39:00.226 Df IlliniCover[27692:3d3a8d] [com.apple.dt.xctest:Default] StaticText is not actually a child of Button, including at this point anyway (rdar://problem/20738636)
2026-08-12 15:39:00.226 Df IlliniCover[27692:3d3a8d] [com.apple.dt.xctest:Default] Image, identifier: 'chevron.down' is not actually a child of Button, including at this point anyway (rdar://problem/20738636)
2026-08-12 15:39:00.226 Df IlliniCover[27692:3d3a8d] [com.apple.dt.xctest:Default] Button is not actually a child of Button, identifier: 'deal-serving-picker', including at this point anyway (rdar://problem/20738636)
2026-08-12 15:39:00.226 Df IlliniCover[27692:3d3a8d] [com.apple.dt.xctest:Default] App orientation is 0 (not portrait) and UITextEffectsWindow window Window is not main window
2026-08-12 15:39:00.226 Df IlliniCover[27692:3d3a8d] [com.apple.dt.xctest:Default] Leaving frame unchanged for Window: either already correct or we can't detect it.
2026-08-12 15:39:00.226 Df IlliniCover[27692:3d3a8d] [com.apple.dt.xctest:Default] Query  found matching snapshots: {(
    Application, pid: 27692
)} (error: (null))
2026-08-12 15:39:00.226 Df IlliniCover[27692:3d3a8d] [com.apple.dt.xctest:Default] Replying to query  with results: <XCTElementQueryResults: 0x125340ea0> (error: (null))
2026-08-12 15:39:00.459 Df IlliniCover[27692:3d3a8d] [com.apple.dt.xctest:Default] Received request to fetch matches for query:
2026-08-12 15:39:00.459 Df IlliniCover[27692:3d3a8d] [com.apple.dt.xctest:Default] Evaluating query:
2026-08-12 15:39:00.459 Df IlliniCover[27692:3d3a8d] [com.apple.dt.xctest:Default] Getting root element snapshot
2026-08-12 15:39:00.459 Df IlliniCover[27692:3d3a8d] [com.apple.dt.xctest:Default] Getting snapshot for App element pid: 27692 for query
2026-08-12 15:39:00.459 Df IlliniCover[27692:3d3a8d] [com.apple.dt.xctest:Default] Query requires iOS snapshot attributes .
2026-08-12 15:39:00.459 Df IlliniCover[27692:3d3a8d] [com.apple.dt.xctest:Default] XCTPerformOnMainRunLoop[not MT]: about to CFRunLoopPerform
2026-08-12 15:39:00.459 Df IlliniCover[27692:3d3a8d] [com.apple.dt.xctest:Default] XCTPerformOnMainRunLoop[not MT]: waiting with 30.00s responsiveness timeout
2026-08-12 15:39:00.459 Df IlliniCover[27692:3d3a49] [com.apple.dt.xctest:Default] XCTPerformOnMainRunLoop[MT]: inside CFRunLoopPerform
2026-08-12 15:39:00.460 Df IlliniCover[27692:3d3a49] [com.apple.dt.xctest:Default] XCTPerformOnMainRunLoop[MT]: MT responded in time (won the race to the busy flag)
2026-08-12 15:39:00.460 Df IlliniCover[27692:3d3a8d] [com.apple.dt.xctest:Default] XCTPerformOnMainRunLoop[not MT]: waiting 60.00s for work to complete
2026-08-12 15:39:00.460 Df IlliniCover[27692:3d3a49] [com.apple.dt.xctest:Default] Got main window <AXUIElementRef 0x1245805d0> {pid=27692} {uid=[ID:3 hash:0x10a20c800]}
2026-08-12 15:39:00.460 Df IlliniCover[27692:3d3a49] [com.apple.dt.xctest:Default] Capturing hierarchy with attributes XC_kAXXCAttributeElementType, XC_kAXXCAttributeElementBaseType, XC_kAXXCAttributeParent, XC_kAXXCAttributeIdentifier, XC_kAXXCAttributeAutomationType, XC_kAXXCAttributeTraits
2026-08-12 15:39:00.460 Df IlliniCover[27692:3d3a49] [com.apple.dt.xctest:Default] Capturing hierarchy with parameters {
    attributes =     (
        5003,
        5004,
        5002,
        5019,
        5058,
        2004
    );
    maxArrayCount = 2147483647;
    maxChildren = 2147483647;
    maxDepth = 2147483647;
    snapshotKeyHonorModalViews = 0;
    traverseFromParentsToChildren = 1;
}
2026-08-12 15:39:00.460 Df IlliniCover[27692:3d3a49] [com.apple.dt.xctest:Default] Snapshot attributes 5003, 5004, 5002, 5019, 5058, 2004
2026-08-12 15:39:00.543 Df IlliniCover[27692:3d3a49] [com.apple.dt.xctest:Default] Got snapshot for <AXUIElementRef 0x125059f20> {pid=27692} {uid=[ID:1 hash:0x0]}
2026-08-12 15:39:00.543 Df IlliniCover[27692:3d3a49] [com.apple.dt.xctest:Default] Got app orientation 0
2026-08-12 15:39:00.543 Df IlliniCover[27692:3d3a49] [com.apple.dt.xctest:Default] Captured accessibility snapshot data in 0.08s
2026-08-12 15:39:00.543 Df IlliniCover[27692:3d3a8d] [com.apple.dt.xctest:Default] Found main window: Window
2026-08-12 15:39:00.543 Df IlliniCover[27692:3d3a8d] [com.apple.dt.xctest:Default] Preferring automation type 48 instead of legacy element type OTHER derived from class/trait: UILabel:UILabel 8590000128
2026-08-12 15:39:00.544 Df IlliniCover[27692:3d3a8d] [com.apple.dt.xctest:Default] Preferring automation type 14 instead of legacy element type OTHER derived from class/trait: SwiftUI.AccessibilityNode:UIResponder 1108101562369
2026-08-12 15:39:00.544 E  IlliniCover[27692:3d3a8d] [com.apple.dt.xctest:Default] Automation type mismatch; legacy system derived element type 9 from class SwiftUI.AccessibilityNode:UIResponder, traits 1108101562369, but AXAutomationType returned 14 which maps to 14
2026-08-12 15:39:00.544 Df IlliniCover[27692:3d3a8d] [com.apple.dt.xctest:Default] StaticText is not actually a child of Button, including at this point anyway (rdar://problem/20738636)
2026-08-12 15:39:00.544 Df IlliniCover[27692:3d3a8d] [com.apple.dt.xctest:Default] Image, identifier: 'chevron.down' is not actually a child of Button, including at this point anyway (rdar://problem/20738636)
2026-08-12 15:39:00.544 Df IlliniCover[27692:3d3a8d] [com.apple.dt.xctest:Default] Button is not actually a child of Button, identifier: 'deal-timing-kind-picker', including at this point anyway (rdar://problem/20738636)
2026-08-12 15:39:00.544 Df IlliniCover[27692:3d3a8d] [com.apple.dt.xctest:Default] Preferring automation type 14 instead of legacy element type OTHER derived from class/trait: SwiftUI.AccessibilityNode:UIResponder 1108101562369
2026-08-12 15:39:00.544 E  IlliniCover[27692:3d3a8d] [com.apple.dt.xctest:Default] Automation type mismatch; legacy system derived element type 9 from class SwiftUI.AccessibilityNode:UIResponder, traits 1108101562369, but AXAutomationType returned 14 which maps to 14
2026-08-12 15:39:00.544 Df IlliniCover[27692:3d3a8d] [com.apple.dt.xctest:Default] StaticText is not actually a child of Button, including at this point anyway (rdar://problem/20738636)
2026-08-12 15:39:00.544 Df IlliniCover[27692:3d3a8d] [com.apple.dt.xctest:Default] Image, identifier: 'chevron.down' is not actually a child of Button, including at this point anyway (rdar://problem/20738636)
2026-08-12 15:39:00.544 Df IlliniCover[27692:3d3a8d] [com.apple.dt.xctest:Default] Button is not actually a child of Button, identifier: 'deal-serving-picker', including at this point anyway (rdar://problem/20738636)
2026-08-12 15:39:00.545 Df IlliniCover[27692:3d3a8d] [com.apple.dt.xctest:Default] App orientation is 0 (not portrait) and UITextEffectsWindow window Window is not main window
2026-08-12 15:39:00.545 Df IlliniCover[27692:3d3a8d] [com.apple.dt.xctest:Default] Leaving frame unchanged for Window: either already correct or we can't detect it.
2026-08-12 15:39:00.545 Df IlliniCover[27692:3d3a8d] [com.apple.dt.xctest:Default] Query  found matching snapshots: {(
    Application, pid: 27692
)} (error: (null))
2026-08-12 15:39:00.545 Df IlliniCover[27692:3d3a8d] [com.apple.dt.xctest:Default] Replying to query  with results: <XCTElementQueryResults: 0x125342040> (error: (null))
2026-08-12 15:39:00.739 Df IlliniCover[27692:3d3a8d] [com.apple.dt.xctest:Default] Received request to fetch matches for query:
2026-08-12 15:39:00.739 Df IlliniCover[27692:3d3a8f] [com.apple.dt.xctest:Default] Evaluating query:
2026-08-12 15:39:00.739 Df IlliniCover[27692:3d3a8f] [com.apple.dt.xctest:Default] Getting root element snapshot
2026-08-12 15:39:00.739 Df IlliniCover[27692:3d3a8f] [com.apple.dt.xctest:Default] Getting snapshot for App element pid: 27692 for query
2026-08-12 15:39:00.739 Df IlliniCover[27692:3d3a8f] [com.apple.dt.xctest:Default] Query requires iOS snapshot attributes .
2026-08-12 15:39:00.739 Df IlliniCover[27692:3d3a8f] [com.apple.dt.xctest:Default] XCTPerformOnMainRunLoop[not MT]: about to CFRunLoopPerform
2026-08-12 15:39:00.739 Df IlliniCover[27692:3d3a8f] [com.apple.dt.xctest:Default] XCTPerformOnMainRunLoop[not MT]: waiting with 30.00s responsiveness timeout
2026-08-12 15:39:00.739 Df IlliniCover[27692:3d3a49] [com.apple.dt.xctest:Default] XCTPerformOnMainRunLoop[MT]: inside CFRunLoopPerform
2026-08-12 15:39:00.739 Df IlliniCover[27692:3d3a49] [com.apple.dt.xctest:Default] XCTPerformOnMainRunLoop[MT]: MT responded in time (won the race to the busy flag)
2026-08-12 15:39:00.739 Df IlliniCover[27692:3d3a8f] [com.apple.dt.xctest:Default] XCTPerformOnMainRunLoop[not MT]: waiting 60.00s for work to complete
2026-08-12 15:39:00.740 Df IlliniCover[27692:3d3a49] [com.apple.dt.xctest:Default] Got main window <AXUIElementRef 0x1245805d0> {pid=27692} {uid=[ID:3 hash:0x10a20c800]}
2026-08-12 15:39:00.740 Df IlliniCover[27692:3d3a49] [com.apple.dt.xctest:Default] Capturing hierarchy with attributes XC_kAXXCAttributeElementType, XC_kAXXCAttributeElementBaseType, XC_kAXXCAttributeParent, XC_kAXXCAttributeIdentifier, XC_kAXXCAttributeAutomationType, XC_kAXXCAttributeTraits
2026-08-12 15:39:00.740 Df IlliniCover[27692:3d3a49] [com.apple.dt.xctest:Default] Capturing hierarchy with parameters {
    attributes =     (
        5003,
        5004,
        5002,
        5019,
        5058,
        2004
    );
    maxArrayCount = 2147483647;
    maxChildren = 2147483647;
    maxDepth = 2147483647;
    snapshotKeyHonorModalViews = 0;
    traverseFromParentsToChildren = 1;
}
2026-08-12 15:39:00.740 Df IlliniCover[27692:3d3a49] [com.apple.dt.xctest:Default] Snapshot attributes 5003, 5004, 5002, 5019, 5058, 2004
2026-08-12 15:39:00.823 Df IlliniCover[27692:3d3a49] [com.apple.dt.xctest:Default] Got snapshot for <AXUIElementRef 0x1261353e0> {pid=27692} {uid=[ID:1 hash:0x0]}
2026-08-12 15:39:00.823 Df IlliniCover[27692:3d3a49] [com.apple.dt.xctest:Default] Got app orientation 0
2026-08-12 15:39:00.823 Df IlliniCover[27692:3d3a49] [com.apple.dt.xctest:Default] Captured accessibility snapshot data in 0.08s
2026-08-12 15:39:00.823 Df IlliniCover[27692:3d3a8f] [com.apple.dt.xctest:Default] Found main window: Window
2026-08-12 15:39:00.823 Df IlliniCover[27692:3d3a8f] [com.apple.dt.xctest:Default] Preferring automation type 48 instead of legacy element type OTHER derived from class/trait: UILabel:UILabel 8590000128
2026-08-12 15:39:00.824 Df IlliniCover[27692:3d3a8f] [com.apple.dt.xctest:Default] Preferring automation type 14 instead of legacy element type OTHER derived from class/trait: SwiftUI.AccessibilityNode:UIResponder 1108101562369
2026-08-12 15:39:00.824 E  IlliniCover[27692:3d3a8f] [com.apple.dt.xctest:Default] Automation type mismatch; legacy system derived element type 9 from class SwiftUI.AccessibilityNode:UIResponder, traits 1108101562369, but AXAutomationType returned 14 which maps to 14
2026-08-12 15:39:00.825 Df IlliniCover[27692:3d3a8f] [com.apple.dt.xctest:Default] StaticText is not actually a child of Button, including at this point anyway (rdar://problem/20738636)
2026-08-12 15:39:00.825 Df IlliniCover[27692:3d3a8f] [com.apple.dt.xctest:Default] Image, identifier: 'chevron.down' is not actually a child of Button, including at this point anyway (rdar://problem/20738636)
2026-08-12 15:39:00.825 Df IlliniCover[27692:3d3a8f] [com.apple.dt.xctest:Default] Button is not actually a child of Button, identifier: 'deal-timing-kind-picker', including at this point anyway (rdar://problem/20738636)
2026-08-12 15:39:00.825 Df IlliniCover[27692:3d3a8f] [com.apple.dt.xctest:Default] Preferring automation type 14 instead of legacy element type OTHER derived from class/trait: SwiftUI.AccessibilityNode:UIResponder 1108101562369
2026-08-12 15:39:00.825 E  IlliniCover[27692:3d3a8f] [com.apple.dt.xctest:Default] Automation type mismatch; legacy system derived element type 9 from class SwiftUI.AccessibilityNode:UIResponder, traits 1108101562369, but AXAutomationType returned 14 which maps to 14
2026-08-12 15:39:00.825 Df IlliniCover[27692:3d3a8f] [com.apple.dt.xctest:Default] StaticText is not actually a child of Button, including at this point anyway (rdar://problem/20738636)
2026-08-12 15:39:00.825 Df IlliniCover[27692:3d3a8f] [com.apple.dt.xctest:Default] Image, identifier: 'chevron.down' is not actually a child of Button, including at this point anyway (rdar://problem/20738636)
2026-08-12 15:39:00.825 Df IlliniCover[27692:3d3a8f] [com.apple.dt.xctest:Default] Button is not actually a child of Button, identifier: 'deal-serving-picker', including at this point anyway (rdar://problem/20738636)
2026-08-12 15:39:00.825 Df IlliniCover[27692:3d3a8f] [com.apple.dt.xctest:Default] App orientation is 0 (not portrait) and UITextEffectsWindow window Window is not main window
2026-08-12 15:39:00.825 Df IlliniCover[27692:3d3a8f] [com.apple.dt.xctest:Default] Leaving frame unchanged for Window: either already correct or we can't detect it.
2026-08-12 15:39:00.825 Df IlliniCover[27692:3d3a8f] [com.apple.dt.xctest:Default] Query  found matching snapshots: {(
    Application, pid: 27692
)} (error: (null))
2026-08-12 15:39:00.825 Df IlliniCover[27692:3d3a8f] [com.apple.dt.xctest:Default] Replying to query  with results: <XCTElementQueryResults: 0x1253426a0> (error: (null))
2026-08-12 15:39:01.070 Df IlliniCover[27692:3d3a8f] [com.apple.dt.xctest:Default] Received request to fetch matches for query:
2026-08-12 15:39:01.070 Df IlliniCover[27692:3d3a8d] [com.apple.dt.xctest:Default] Evaluating query:
2026-08-12 15:39:01.070 Df IlliniCover[27692:3d3a8d] [com.apple.dt.xctest:Default] Getting root element snapshot
2026-08-12 15:39:01.070 Df IlliniCover[27692:3d3a8d] [com.apple.dt.xctest:Default] Getting snapshot for App element pid: 27692 for query
2026-08-12 15:39:01.070 Df IlliniCover[27692:3d3a8d] [com.apple.dt.xctest:Default] Query requires iOS snapshot attributes .
2026-08-12 15:39:01.070 Df IlliniCover[27692:3d3a8d] [com.apple.dt.xctest:Default] XCTPerformOnMainRunLoop[not MT]: about to CFRunLoopPerform
2026-08-12 15:39:01.070 Df IlliniCover[27692:3d3a8d] [com.apple.dt.xctest:Default] XCTPerformOnMainRunLoop[not MT]: waiting with 30.00s responsiveness timeout
2026-08-12 15:39:01.070 Df IlliniCover[27692:3d3a49] [com.apple.dt.xctest:Default] XCTPerformOnMainRunLoop[MT]: inside CFRunLoopPerform
2026-08-12 15:39:01.070 Df IlliniCover[27692:3d3a49] [com.apple.dt.xctest:Default] XCTPerformOnMainRunLoop[MT]: MT responded in time (won the race to the busy flag)
2026-08-12 15:39:01.070 Df IlliniCover[27692:3d3a8d] [com.apple.dt.xctest:Default] XCTPerformOnMainRunLoop[not MT]: waiting 60.00s for work to complete
2026-08-12 15:39:01.071 Df IlliniCover[27692:3d3a49] [com.apple.dt.xctest:Default] Got main window <AXUIElementRef 0x1245805d0> {pid=27692} {uid=[ID:3 hash:0x10a20c800]}
2026-08-12 15:39:01.071 Df IlliniCover[27692:3d3a49] [com.apple.dt.xctest:Default] Capturing hierarchy with attributes XC_kAXXCAttributeElementType, XC_kAXXCAttributeElementBaseType, XC_kAXXCAttributeParent, XC_kAXXCAttributeIdentifier, XC_kAXXCAttributeAutomationType, XC_kAXXCAttributeTraits
2026-08-12 15:39:01.071 Df IlliniCover[27692:3d3a49] [com.apple.dt.xctest:Default] Capturing hierarchy with parameters {
    attributes =     (
        5003,
        5004,
        5002,
        5019,
        5058,
        2004
    );
    maxArrayCount = 2147483647;
    maxChildren = 2147483647;
    maxDepth = 2147483647;
    snapshotKeyHonorModalViews = 0;
    traverseFromParentsToChildren = 1;
}
2026-08-12 15:39:01.071 Df IlliniCover[27692:3d3a49] [com.apple.dt.xctest:Default] Snapshot attributes 5003, 5004, 5002, 5019, 5058, 2004
2026-08-12 15:39:01.184 Df IlliniCover[27692:3d3a49] [com.apple.dt.xctest:Default] Got snapshot for <AXUIElementRef 0x120a3b480> {pid=27692} {uid=[ID:1 hash:0x0]}
2026-08-12 15:39:01.184 Df IlliniCover[27692:3d3a49] [com.apple.dt.xctest:Default] Got app orientation 0
2026-08-12 15:39:01.184 Df IlliniCover[27692:3d3a49] [com.apple.dt.xctest:Default] Captured accessibility snapshot data in 0.11s
2026-08-12 15:39:01.184 Df IlliniCover[27692:3d3a8d] [com.apple.dt.xctest:Default] Found main window: Window
2026-08-12 15:39:01.185 Df IlliniCover[27692:3d3a8d] [com.apple.dt.xctest:Default] Preferring automation type 48 instead of legacy element type OTHER derived from class/trait: UILabel:UILabel 8590000128
2026-08-12 15:39:01.188 Df IlliniCover[27692:3d3a8d] [com.apple.dt.xctest:Default] Preferring automation type 14 instead of legacy element type OTHER derived from class/trait: SwiftUI.AccessibilityNode:UIResponder 1108101562369
2026-08-12 15:39:01.188 E  IlliniCover[27692:3d3a8d] [com.apple.dt.xctest:Default] Automation type mismatch; legacy system derived element type 9 from class SwiftUI.AccessibilityNode:UIResponder, traits 1108101562369, but AXAutomationType returned 14 which maps to 14
2026-08-12 15:39:01.188 Df IlliniCover[27692:3d3a8d] [com.apple.dt.xctest:Default] StaticText is not actually a child of Button, including at this point anyway (rdar://problem/20738636)
2026-08-12 15:39:01.188 Df IlliniCover[27692:3d3a8d] [com.apple.dt.xctest:Default] Image, identifier: 'chevron.down' is not actually a child of Button, including at this point anyway (rdar://problem/20738636)
2026-08-12 15:39:01.188 Df IlliniCover[27692:3d3a8d] [com.apple.dt.xctest:Default] Button is not actually a child of Button, identifier: 'deal-timing-kind-picker', including at this point anyway (rdar://problem/20738636)
2026-08-12 15:39:01.188 Df IlliniCover[27692:3d3a8d] [com.apple.dt.xctest:Default] Preferring automation type 14 instead of legacy element type OTHER derived from class/trait: SwiftUI.AccessibilityNode:UIResponder 1108101562369
2026-08-12 15:39:01.188 E  IlliniCover[27692:3d3a8d] [com.apple.dt.xctest:Default] Automation type mismatch; legacy system derived element type 9 from class SwiftUI.AccessibilityNode:UIResponder, traits 1108101562369, but AXAutomationType returned 14 which maps to 14
2026-08-12 15:39:01.188 Df IlliniCover[27692:3d3a8d] [com.apple.dt.xctest:Default] StaticText is not actually a child of Button, including at this point anyway (rdar://problem/20738636)
2026-08-12 15:39:01.188 Df IlliniCover[27692:3d3a8d] [com.apple.dt.xctest:Default] Image, identifier: 'chevron.down' is not actually a child of Button, including at this point anyway (rdar://problem/20738636)
2026-08-12 15:39:01.188 Df IlliniCover[27692:3d3a8d] [com.apple.dt.xctest:Default] Button is not actually a child of Button, identifier: 'deal-serving-picker', including at this point anyway (rdar://problem/20738636)
2026-08-12 15:39:01.189 Df IlliniCover[27692:3d3a8d] [com.apple.dt.xctest:Default] App orientation is 0 (not portrait) and UITextEffectsWindow window Window is not main window
2026-08-12 15:39:01.189 Df IlliniCover[27692:3d3a8d] [com.apple.dt.xctest:Default] Leaving frame unchanged for Window: either already correct or we can't detect it.
2026-08-12 15:39:01.189 Df IlliniCover[27692:3d3a8d] [com.apple.dt.xctest:Default] Query  found matching snapshots: {(
    Application, pid: 27692
)} (error: (null))
2026-08-12 15:39:01.189 Df IlliniCover[27692:3d3a8d] [com.apple.dt.xctest:Default] Replying to query  with results: <XCTElementQueryResults: 0x125342550> (error: (null))
2026-08-12 15:39:02.675 Df IlliniCover[27692:3d3a8d] [com.apple.xpc:connection] [0x10a170f00] invalidated because the client process (pid 27639) either cancelled the connection or exited
2026-08-12 15:39:02.675 Df IlliniCover[27692:3d3a8d] [com.apple.dt.xctest:Default] Connection from client with pid 27639 was invalidated.
2026-08-12 15:39:02.689 Df IlliniCover[27692:3d3a8d] [com.apple.dt.automationmode:Default] Handling posted change notification (com.apple.dt.automationmode.state-changed)
2026-08-12 15:39:02.689 Df IlliniCover[27692:3d3a8d] [com.apple.dt.automationmode:Default] XAM shared observer connecting to com.apple.dt.automationmode.reader
2026-08-12 15:39:02.689 Df IlliniCover[27692:3d3a8d] [com.apple.xpc:connection] [0x1243df200] activating connection: mach=true listener=false peer=false name=com.apple.dt.automationmode.reader
2026-08-12 15:39:02.693 Df IlliniCover[27692:3d3a8d] [com.apple.xpc:connection] [0x1243df200] invalidated because the current process cancelled the connection by calling xpc_connection_cancel()
2026-08-12 15:39:02.693 Df IlliniCover[27692:3d3a8d] [com.apple.dt.automationmode:Default] Comparing previous enabled state (1) to current enabled state (0)
2026-08-12 15:39:02.693 Df IlliniCover[27692:3d3a8d] [com.apple.dt.xctest:Default] Automation Mode has been disabled, existing connections will be invalidated.
2026-08-12 15:39:04.345 Df IlliniCover[27692:3d3a8f] [com.apple.launchservices:db] NotifyToken::RegisterDispatch(com.apple.LaunchServices.database) fired for session key LSSessionKey(system: 0 uid: 501)
2026-08-12 15:39:07.255 Df IlliniCover[27692:3d3a8f] [com.apple.CFNetwork:Default] Task <FC661F0F-B589-4282-B0DD-CC7B308E39AC>.<5> resuming, timeouts(0.0, 604800.0) qos(0x19) voucher((null)) activity(00000000-0000-0000-0000-000000000000)
2026-08-12 15:39:07.263 Df IlliniCover[27692:3d3a8d] [com.apple.network:connection] [C2] event: client:connection_reused @30.072s
2026-08-12 15:39:07.300 Df IlliniCover[27692:3d3a8d] [com.apple.CFNetwork:Default] Task <FC661F0F-B589-4282-B0DD-CC7B308E39AC>.<5> now using Connection 2
2026-08-12 15:39:07.300 Df IlliniCover[27692:3d3a8f] [com.apple.CFNetwork:Default] Task <3AE77885-44EA-4DB3-B17D-10AA1AD51D6C>.<6> resuming, timeouts(0.0, 604800.0) qos(0x19) voucher((null)) activity(00000000-0000-0000-0000-000000000000)
2026-08-12 15:39:07.314 Df IlliniCover[27692:3d3a8d] [com.apple.cfnetwork:h3stream] 0x120aaad98 ID=12 Task <FC661F0F-B589-4282-B0DD-CC7B308E39AC>.<5> sent request, body N 0
2026-08-12 15:39:07.315 Df IlliniCover[27692:3d3a8d] [com.apple.CFNetwork:Default] Connection 0: creating secure tcp or quic connection
2026-08-12 15:39:07.319 Df IlliniCover[27692:3d3a8d] [com.apple.CFNetwork:Default] Connection 4: enabling TLS
2026-08-12 15:39:07.319 Df IlliniCover[27692:3d3a8d] [com.apple.CFNetwork:Default] Connection 4: starting, TC(0x0)
2026-08-12 15:39:07.320 Df IlliniCover[27692:3d3a8d] [com.apple.network:connection] [C4 8041FF15-344F-48BA-A55A-B0EC05F337D7 Hostname#56ed563e:443 quic-connection, url: https://us.i.posthog.com/batch/, definite, attribution: developer, context: com.apple.CFNetwork.NSURLSession.{DE93CD03-3C53-4B1B-9ED7-C46B2253A64F}{(null)}{Y}{2}{0x0} (private), proc: D65E3B26-71A5-3DAD-A8B4-60173E19864C, delegated upid: 0] start
2026-08-12 15:39:07.320 Df IlliniCover[27692:3d3a8d] [com.apple.network:connection] [C4 Hostname#56ed563e:443 initial parent-flow ((null))] event: path:start @0.000s
2026-08-12 15:39:07.323 Df IlliniCover[27692:3d3a8d] [com.apple.network:connection] [C4 Hostname#56ed563e:443 waiting parent-flow (satisfied (Path is satisfied), interface: en0[802.11], uses wifi, LQM: unknown)] event: path:satisfied @0.002s, uuid: 5AD7D0BD-27AB-4300-AC91-8962E13F86B5
2026-08-12 15:39:07.323 Df IlliniCover[27692:3d3a8d] [com.apple.network:connection] [C4 Hostname#56ed563e:443 in_progress parent-flow (satisfied (Path is satisfied), interface: en0[802.11], uses wifi, LQM: unknown)] event: flow:start_connect @0.003s
2026-08-12 15:39:07.323 Df IlliniCover[27692:3d3a8d] [com.apple.network:connection] nw_connection_report_state_with_handler_on_nw_queue [C4] reporting state preparing
2026-08-12 15:39:07.543 E  IlliniCover[27692:3d3a49] [com.apple.UIKit:RefreshControl] A UIRefreshControl received offscreen beginRefreshing. Ignored. Break on UIRefreshControlReceivedOffscreenBeginRefreshing to debug. <UIRefreshControl: 0x121646800; frame = (0 0; 390 60); autoresize = W; layer = <CALayer: 0x1216b1290>>
2026-08-12 15:39:08.659 Df IlliniCover[27692:3d3a8d] [com.apple.network:connection] [C4 Hostname#56ed563e:443 in_progress parent-flow (satisfied (Path is satisfied), interface: en0[802.11], uses wifi, LQM: unknown)] event: flow:start_child @1.338s
2026-08-12 15:39:08.659 Df IlliniCover[27692:3d3a8d] [com.apple.network:connection] [C4.1 Hostname#56ed563e:443 initial path ((null))] event: path:start @1.339s
2026-08-12 15:39:08.659 Df IlliniCover[27692:3d3a8d] [com.apple.network:connection] [C4.1 Hostname#56ed563e:443 waiting path (satisfied (Path is satisfied), interface: en0[802.11], uses wifi, LQM: unknown)] event: path:satisfied @1.339s, uuid: 5AD7D0BD-27AB-4300-AC91-8962E13F86B5
2026-08-12 15:39:08.659 Df IlliniCover[27692:3d3a8d] [com.apple.network:connection] [C4.1 Hostname#56ed563e:443 in_progress transform (satisfied (Path is satisfied), interface: en0[802.11], uses wifi, LQM: unknown)] event: transform:start @1.339s
2026-08-12 15:39:08.660 Df IlliniCover[27692:3d3a8d] [com.apple.network:connection] [C4.1.1 Hostname#56ed563e:443 initial path ((null))] event: path:start @1.339s
2026-08-12 15:39:08.660 Df IlliniCover[27692:3d3a8d] [com.apple.network:connection] [C4.1.1 Hostname#56ed563e:443 waiting path (satisfied (Path is satisfied), interface: en0[802.11], uses wifi, LQM: unknown)] event: path:satisfied @1.340s, uuid: 65B5AB8E-7F30-4C48-995B-46FB15D934F0
2026-08-12 15:39:08.661 Df IlliniCover[27692:3d3a8d] [com.apple.network:connection] [C4.1.1 Hostname#56ed563e:443 in_progress resolver (satisfied (Path is satisfied), interface: en0[802.11], uses wifi, LQM: unknown)] event: resolver:start_dns @1.340s
2026-08-12 15:39:08.661 Df IlliniCover[27692:3d3a8d] [com.apple.CFNetwork:Default] Task <3AE77885-44EA-4DB3-B17D-10AA1AD51D6C>.<6> setting up Connection 4
2026-08-12 15:39:08.665 Df IlliniCover[27692:3d3a8d] [com.apple.cfnetwork:h3stream] 0x120aaad98 ID=12 Task <FC661F0F-B589-4282-B0DD-CC7B308E39AC>.<5> received response, status 200 content K
2026-08-12 15:39:08.666 Df IlliniCover[27692:3d3a8d] [com.apple.CFNetwork:Default] Task <FC661F0F-B589-4282-B0DD-CC7B308E39AC>.<5> response ended
2026-08-12 15:39:08.666 Df IlliniCover[27692:3d3a8d] [com.apple.network:connection] [C2] event: client:connection_idle @31.475s
2026-08-12 15:39:08.666 Df IlliniCover[27692:3d3a8d] [com.apple.CFNetwork:Default] Task <FC661F0F-B589-4282-B0DD-CC7B308E39AC>.<5> done using Connection 2
2026-08-12 15:39:08.666 Df IlliniCover[27692:3d3a8d] [com.apple.network:connection] nw_endpoint_resolver_update [C4.1.1 Hostname#56ed563e:443 in_progress resolver (satisfied (Path is satisfied), interface: en0[802.11], uses wifi, LQM: unknown)] Adding endpoint handler for IPv6#dd727531.443
2026-08-12 15:39:08.666 Df IlliniCover[27692:3d3a8e] [com.apple.CFNetwork:Summary] Task <FC661F0F-B589-4282-B0DD-CC7B308E39AC>.<5> summary for task success {transaction_duration_ms=1409, response_status=200, connection=2, reused=1, reused_after_ms=22531, request_start_ms=42, request_duration_ms=13, response_start_ms=1406, response_duration_ms=1, request_bytes=368, request_throughput_kbps=210, response_bytes=2626, response_throughput_kbps=10970, cache_hit=true}
2026-08-12 15:39:08.667 Df IlliniCover[27692:3d3a8d] [com.apple.network:connection] nw_endpoint_resolver_update [C4.1.1 Hostname#56ed563e:443 in_progress resolver (satisfied (Path is satisfied), interface: en0[802.11], uses wifi, LQM: unknown)] Adding endpoint handler for IPv6#4c38e922.443
2026-08-12 15:39:08.667 Df IlliniCover[27692:3d3a8d] [com.apple.network:connection] nw_endpoint_resolver_update [C4.1.1 Hostname#56ed563e:443 in_progress resolver (satisfied (Path is satisfied), interface: en0[802.11], uses wifi, LQM: unknown)] Adding endpoint handler for IPv4#a0ce53be:443
2026-08-12 15:39:08.667 Df IlliniCover[27692:3d3a8d] [com.apple.network:connection] nw_endpoint_resolver_update [C4.1.1 Hostname#56ed563e:443 in_progress resolver (satisfied (Path is satisfied), interface: en0[802.11], uses wifi, LQM: unknown)] Adding endpoint handler for IPv6#c22e17da.443
2026-08-12 15:39:08.667 Df IlliniCover[27692:3d3a8d] [com.apple.network:connection] nw_endpoint_resolver_update [C4.1.1 Hostname#56ed563e:443 in_progress resolver (satisfied (Path is satisfied), interface: en0[802.11], uses wifi, LQM: unknown)] Adding endpoint handler for IPv6#a51a6ca2.443
2026-08-12 15:39:08.667 Df IlliniCover[27692:3d3a8d] [com.apple.network:connection] nw_endpoint_resolver_update [C4.1.1 Hostname#56ed563e:443 in_progress resolver (satisfied (Path is satisfied), interface: en0[802.11], uses wifi, LQM: unknown)] Adding endpoint handler for IPv6#57aa4bb3.443
2026-08-12 15:39:08.667 Df IlliniCover[27692:3d3a8d] [com.apple.network:connection] nw_endpoint_resolver_update [C4.1.1 Hostname#56ed563e:443 in_progress resolver (satisfied (Path is satisfied), interface: en0[802.11], uses wifi, LQM: unknown)] Adding endpoint handler for IPv6#4fe05d57.443
2026-08-12 15:39:08.667 Df IlliniCover[27692:3d3a8d] [com.apple.network:connection] nw_endpoint_resolver_update [C4.1.1 Hostname#56ed563e:443 in_progress resolver (satisfied (Path is satisfied), interface: en0[802.11], uses wifi, LQM: unknown)] Adding endpoint handler for IPv6#9a92fdea.443
2026-08-12 15:39:08.667 Df IlliniCover[27692:3d3a8d] [com.apple.network:connection] nw_endpoint_resolver_update [C4.1.1 Hostname#56ed563e:443 in_progress resolver (satisfied (Path is satisfied), interface: en0[802.11], uses wifi, LQM: unknown)] Adding endpoint handler for IPv6#f3c966e8.443
2026-08-12 15:39:08.667 Df IlliniCover[27692:3d3a8d] [com.apple.network:connection] nw_endpoint_resolver_update [C4.1.1 Hostname#56ed563e:443 in_progress resolver (satisfied (Path is satisfied), interface: en0[802.11], uses wifi, LQM: unknown)] Adding endpoint handler for IPv4#c7b813e3:443
2026-08-12 15:39:08.667 Df IlliniCover[27692:3d3a8d] [com.apple.network:connection] nw_endpoint_resolver_update [C4.1.1 Hostname#56ed563e:443 in_progress resolver (satisfied (Path is satisfied), interface: en0[802.11], uses wifi, LQM: unknown)] Adding endpoint handler for IPv4#6351ef73:443
2026-08-12 15:39:08.667 Df IlliniCover[27692:3d3a8d] [com.apple.network:connection] nw_endpoint_resolver_update [C4.1.1 Hostname#56ed563e:443 in_progress resolver (satisfied (Path is satisfied), interface: en0[802.11], uses wifi, LQM: unknown)] Adding endpoint handler for IPv4#133c7a3b:443
2026-08-12 15:39:08.667 Df IlliniCover[27692:3d3a8d] [com.apple.network:connection] nw_endpoint_resolver_update [C4.1.1 Hostname#56ed563e:443 in_progress resolver (satisfied (Path is satisfied), interface: en0[802.11], uses wifi, LQM: unknown)] Adding endpoint handler for IPv4#f7c31ffd:443
2026-08-12 15:39:08.667 Df IlliniCover[27692:3d3a8d] [com.apple.network:connection] nw_endpoint_resolver_update [C4.1.1 Hostname#56ed563e:443 in_progress resolver (satisfied (Path is satisfied), interface: en0[802.11], uses wifi, LQM: unknown)] Adding endpoint handler for IPv4#e40ae9ea:443
2026-08-12 15:39:08.667 Df IlliniCover[27692:3d3a8d] [com.apple.network:connection] nw_endpoint_resolver_update [C4.1.1 Hostname#56ed563e:443 in_progress resolver (satisfied (Path is satisfied), interface: en0[802.11], uses wifi, LQM: unknown)] Adding endpoint handler for IPv4#54eca71c:443
2026-08-12 15:39:08.667 Df IlliniCover[27692:3d3a8d] [com.apple.network:connection] nw_endpoint_resolver_update [C4.1.1 Hostname#56ed563e:443 in_progress resolver (satisfied (Path is satisfied), interface: en0[802.11], uses wifi, LQM: unknown)] Adding endpoint handler for IPv4#002a9156:443
2026-08-12 15:39:08.667 Df IlliniCover[27692:3d3a8d] [com.apple.network:connection] [C4.1.1 Hostname#56ed563e:443 in_progress resolver (satisfied (Path is satisfied), interface: en0[802.11], uses wifi, LQM: unknown)] event: resolver:receive_dns @1.347s
2026-08-12 15:39:08.668 Df IlliniCover[27692:3d3a8e] [com.apple.CFNetwork:Default] Task <FC661F0F-B589-4282-B0DD-CC7B308E39AC>.<5> finished successfully
2026-08-12 15:39:08.668 Df IlliniCover[27692:3d3a8d] [com.apple.network:connection] [C4.1.1.1 IPv6#dd727531.443 initial path ((null))] event: path:start @1.348s
2026-08-12 15:39:08.668 Df IlliniCover[27692:3d3a8d] [com.apple.network:connection] [C4.1.1.1 IPv6#dd727531.443 waiting path (satisfied (Path is satisfied), interface: en0[802.11], uses wifi, LQM: unknown)] event: path:satisfied @1.348s, uuid: FF33733B-8351-4C93-90F8-C3D77B77A1E9
2026-08-12 15:39:08.671 Df IlliniCover[27692:3d3a8d] [com.apple.network:connection] [C4.1.1.1 IPv6#dd727531.443 in_progress socket-flow (satisfied (Path is satisfied), interface: en0[802.11], uses wifi, LQM: unknown)] event: flow:start_connect @1.351s
2026-08-12 15:39:08.703 Df IlliniCover[27692:3d3e03] [com.apple.network:connection] nw_socket_handle_socket_event [C4.1.1.1:3] Socket received CONNECTED event
2026-08-12 15:39:08.703 Df IlliniCover[27692:3d3e03] [com.apple.network:connection] nw_flow_connected [C4.1.1.1 IPv6#dd727531.443 in_progress socket-flow (satisfied (Path is satisfied), interface: en0[802.11], uses wifi, LQM: unknown)] Transport protocol connected (socket)
2026-08-12 15:39:08.703 Df IlliniCover[27692:3d3e03] [com.apple.network:connection] [C4.1.1.1 IPv6#dd727531.443 in_progress socket-flow (satisfied (Path is satisfied), interface: en0[802.11], uses wifi, LQM: unknown)] event: flow:finish_transport @1.383s
2026-08-12 15:39:08.704 Df IlliniCover[27692:3d3e03] [com.apple.network:boringssl] boringssl_session_apply_protocol_options_for_transport_block_invoke_2(2367) [C4.1.1.1:2][0x1244f0560] TLS configured [server(0) min_version(0x0303) max_version(0x0304) name(redacted) tickets(false) false_start(false) enforce_ev(false) enforce_ats(false) ats_non_pfs_ciphersuite_allowed(false) cc_mode_enforced(false) ech(false) pqtls(true), pake(false) skip_ats_trust(false)]
2026-08-12 15:39:08.704 Df IlliniCover[27692:3d3e03] [com.apple.network:boringssl] boringssl_context_info_handler(2806) [C4.1.1.1:2][0x1244f0560] Client handshake started
2026-08-12 15:39:08.705 Df IlliniCover[27692:3d3e03] [com.apple.network:boringssl] boringssl_context_info_handler(2823) [C4.1.1.1:2][0x1244f0560] Client handshake state: TLS client enter_early_data
2026-08-12 15:39:08.705 Df IlliniCover[27692:3d3e03] [com.apple.network:boringssl] boringssl_context_info_handler(2823) [C4.1.1.1:2][0x1244f0560] Client handshake state: TLS client read_server_hello
2026-08-12 15:39:08.740 Df IlliniCover[27692:3d3e03] [com.apple.network:boringssl] boringssl_context_info_handler(2823) [C4.1.1.1:2][0x1244f0560] Client handshake state: TLS 1.3 client read_hello_retry_request
2026-08-12 15:39:08.740 Df IlliniCover[27692:3d3e03] [com.apple.network:boringssl] boringssl_context_info_handler(2823) [C4.1.1.1:2][0x1244f0560] Client handshake state: TLS 1.3 client read_server_hello
2026-08-12 15:39:08.740 Df IlliniCover[27692:3d3e03] [com.apple.network:boringssl] boringssl_context_info_handler(2823) [C4.1.1.1:2][0x1244f0560] Client handshake state: TLS 1.3 client read_encrypted_extensions
2026-08-12 15:39:08.740 Df IlliniCover[27692:3d3e03] [com.apple.network:boringssl] boringssl_context_info_handler(2823) [C4.1.1.1:2][0x1244f0560] Client handshake state: TLS 1.3 client read_certificate_request
2026-08-12 15:39:08.740 Df IlliniCover[27692:3d3e03] [com.apple.network:boringssl] boringssl_context_info_handler(2823) [C4.1.1.1:2][0x1244f0560] Client handshake state: TLS 1.3 client read_server_certificate
2026-08-12 15:39:08.740 Df IlliniCover[27692:3d3e03] [com.apple.network:boringssl] boringssl_context_info_handler(2823) [C4.1.1.1:2][0x1244f0560] Client handshake state: TLS 1.3 client read_server_certificate_verify
2026-08-12 15:39:08.742 Df IlliniCover[27692:3d3e03] [com.apple.network:boringssl] boringssl_context_evaluate_trust_async(2249) [C4.1.1.1:2][0x1244f0560] Performing external trust evaluation
2026-08-12 15:39:08.742 A  IlliniCover[27692:3d3e03] (Security) SecKeyCopyPublicBytes
2026-08-12 15:39:08.742 Df IlliniCover[27692:3d3e03] [com.apple.network:boringssl] boringssl_context_evaluate_trust_async_external(2234) [C4.1.1.1:2][0x1244f0560] Asyncing for external verify block
2026-08-12 15:39:08.742 Df IlliniCover[27692:3d3e03] [com.apple.CFNetwork:Default] Connection 4: asked to evaluate TLS Trust
2026-08-12 15:39:08.742 Df IlliniCover[27692:3d3a8f] [com.apple.CFNetwork:Default] Task <3AE77885-44EA-4DB3-B17D-10AA1AD51D6C>.<6> auth completion disp=1 cred=0x0
2026-08-12 15:39:08.742 Df IlliniCover[27692:3d3e03] [com.apple.securityd:trust] (Trust 0x12607c000) No pending evals, starting
2026-08-12 15:39:08.742 A  IlliniCover[27692:3d3e03] (Security) SecTrustEvaluateIfNecessaryFastAsync
2026-08-12 15:39:08.743 Df IlliniCover[27692:3d3e03] [com.apple.xpc:connection] [0x126056080] activating connection: mach=true listener=false peer=false name=com.apple.trustd
2026-08-12 15:39:08.743 Df IlliniCover[27692:3d3e03] [com.apple.securityd:trust] (Trust 0x12607c000) Completed async eval kickoff
2026-08-12 15:39:09.045 Df IlliniCover[27692:3d3e03] [com.apple.securityd:trust] (Trust 0x12607c000) trustd returned 4
2026-08-12 15:39:09.045 Df IlliniCover[27692:3d3e03] [com.apple.CFNetwork:Default] System Trust Evaluation yielded status(0)
2026-08-12 15:39:09.045 Df IlliniCover[27692:3d3e03] [com.apple.securityd:trust] (Trust 0x12607ca80) No pending evals, starting
2026-08-12 15:39:09.045 A  IlliniCover[27692:3d3e03] (Security) SecTrustEvaluateIfNecessaryFastAsync
2026-08-12 15:39:09.045 Df IlliniCover[27692:3d3e03] [com.apple.xpc:connection] [0x126054640] activating connection: mach=true listener=false peer=false name=com.apple.trustd
2026-08-12 15:39:09.045 Df IlliniCover[27692:3d3e03] [com.apple.securityd:trust] (Trust 0x12607ca80) Completed async eval kickoff
2026-08-12 15:39:09.045 Df IlliniCover[27692:3d3e03] [com.apple.xpc:connection] [0x126056080] invalidated because the current process cancelled the connection by calling xpc_connection_cancel()
2026-08-12 15:39:09.046 Df IlliniCover[27692:3d3a8f] [com.apple.securityd:trust] (Trust 0x12607ca80) trustd returned 4
2026-08-12 15:39:09.047 Df IlliniCover[27692:3d3a8f] [com.apple.CFNetwork:Default] Connection 4: TLS Trust result 0
2026-08-12 15:39:09.047 Df IlliniCover[27692:3d3a8f] [com.apple.network:boringssl] boringssl_context_evaluate_trust_async_external_block_invoke_3(2148) [C4.1.1.1:2][0x1244f0560] Returning from external verify block with result: true
2026-08-12 15:39:09.047 Df IlliniCover[27692:3d3a8f] [com.apple.network:boringssl] boringssl_context_certificate_verify_callback(2430) [C4.1.1.1:2][0x1244f0560] Certificate verification result: OK
2026-08-12 15:39:09.047 Df IlliniCover[27692:3d3a8f] [com.apple.network:boringssl] boringssl_context_info_handler(2823) [C4.1.1.1:2][0x1244f0560] Client handshake state: TLS 1.3 client read_server_finished
2026-08-12 15:39:09.047 Df IlliniCover[27692:3d3a8f] [com.apple.network:boringssl] boringssl_context_info_handler(2823) [C4.1.1.1:2][0x1244f0560] Client handshake state: TLS 1.3 client send_end_of_early_data
2026-08-12 15:39:09.047 Df IlliniCover[27692:3d3a8f] [com.apple.network:boringssl] boringssl_context_info_handler(2823) [C4.1.1.1:2][0x1244f0560] Client handshake state: TLS 1.3 client send_client_encrypted_extensions
2026-08-12 15:39:09.047 Df IlliniCover[27692:3d3a8f] [com.apple.network:boringssl] boringssl_context_info_handler(2823) [C4.1.1.1:2][0x1244f0560] Client handshake state: TLS 1.3 client send_client_certificate
2026-08-12 15:39:09.047 Df IlliniCover[27692:3d3a8f] [com.apple.network:boringssl] boringssl_context_info_handler(2823) [C4.1.1.1:2][0x1244f0560] Client handshake state: TLS 1.3 client complete_second_flight
2026-08-12 15:39:09.047 Df IlliniCover[27692:3d3a8f] [com.apple.network:boringssl] boringssl_context_info_handler(2823) [C4.1.1.1:2][0x1244f0560] Client handshake state: TLS 1.3 client done
2026-08-12 15:39:09.047 Df IlliniCover[27692:3d3a8f] [com.apple.network:boringssl] boringssl_context_info_handler(2823) [C4.1.1.1:2][0x1244f0560] Client handshake state: TLS client finish_client_handshake
2026-08-12 15:39:09.047 Df IlliniCover[27692:3d3a8f] [com.apple.network:boringssl] boringssl_context_info_handler(2823) [C4.1.1.1:2][0x1244f0560] Client handshake state: TLS client done
2026-08-12 15:39:09.047 Df IlliniCover[27692:3d3a8f] [com.apple.network:boringssl] boringssl_context_info_handler(2812) [C4.1.1.1:2][0x1244f0560] Client handshake done
2026-08-12 15:39:09.047 A  IlliniCover[27692:3d3a8f] (Security) SecKeyCopyPublicBytes
2026-08-12 15:39:09.047 Df IlliniCover[27692:3d3a8f] [com.apple.network:boringssl] nw_protocol_boringssl_signal_connected(895) [C4.1.1.1:2][0x1244f0560] TLS connected [server(0) version(0x0304) ciphersuite(TLS_AES_128_GCM_SHA256) group(0x001d) signature_alg(0x0804) alpn(h2) resumed(0) offered_ticket(0) in_early_data(0) early_data_accepted(0) false_started(0) ocsp_received(0) sct_received(0) connect_time(343ms) flight_time(35ms) rtt(35ms) write_stalls(0) read_stalls(2) pake(0x0000)]
2026-08-12 15:39:09.047 Df IlliniCover[27692:3d3a8f] [com.apple.network:connection] nw_flow_connected [C4.1.1.1 IPv6#dd727531.443 in_progress socket-flow (satisfied (Path is satisfied), interface: en0[802.11], uses wifi, LQM: unknown)] Output protocol connected (CFNetworkConnection-1402628477)
2026-08-12 15:39:09.048 Df IlliniCover[27692:3d3a8f] [com.apple.network:connection] [C4.1.1.1 IPv6#dd727531.443 ready socket-flow (satisfied (Path is satisfied), interface: en0[802.11], uses wifi, LQM: unknown)] event: flow:child_finish_connect @1.728s
2026-08-12 15:39:09.048 Df IlliniCover[27692:3d3a8f] [com.apple.network:connection] [C4.1.1 Hostname#56ed563e:443 ready resolver (satisfied (Path is satisfied), interface: en0[802.11], uses wifi, LQM: unknown)] event: flow:child_finish_connect @1.728s
2026-08-12 15:39:09.048 Df IlliniCover[27692:3d3a8f] [com.apple.network:connection] [C4.1 Hostname#56ed563e:443 ready transform (satisfied (Path is satisfied), interface: en0[802.11], uses wifi, LQM: unknown)] event: flow:child_finish_connect @1.728s
2026-08-12 15:39:09.048 Df IlliniCover[27692:3d3a8f] [com.apple.network:connection] nw_flow_connected [C4 IPv6#dd727531.443 in_progress parent-flow (satisfied (Path is satisfied), interface: en0[802.11], uses wifi, LQM: unknown)] Output protocol connected (endpoint_flow)
2026-08-12 15:39:09.048 Df IlliniCover[27692:3d3a8f] [com.apple.network:connection] [C4 IPv6#dd727531.443 ready parent-flow (satisfied (Path is satisfied), interface: en0[802.11], uses wifi, LQM: unknown)] event: flow:finish_connect @1.728s
2026-08-12 15:39:09.049 Df IlliniCover[27692:3d3a8f] [com.apple.network:connection] nw_connection_report_state_with_handler_on_nw_queue [C4] reporting state ready
2026-08-12 15:39:09.049 Df IlliniCover[27692:3d3a8f] [com.apple.xpc:connection] [0x126054640] invalidated because the current process cancelled the connection by calling xpc_connection_cancel()
2026-08-12 15:39:09.049 Df IlliniCover[27692:3d3a8f] [com.apple.CFNetwork:Default] Connection 4: connected successfully
2026-08-12 15:39:09.049 Df IlliniCover[27692:3d3a8f] [com.apple.CFNetwork:Default] Connection 4: TLS handshake complete
2026-08-12 15:39:09.050 Df IlliniCover[27692:3d3a8f] [com.apple.CFNetwork:Default] Connection 4: ready C(N) E(N)
2026-08-12 15:39:09.050 Df IlliniCover[27692:3d3a8f] [com.apple.network:connection] [C4] event: client:connection_reused @1.730s
2026-08-12 15:39:09.050 Df IlliniCover[27692:3d3a8f] [com.apple.network:connection] nw_protocol_socket_notify [C4.1.1.1:3] nw_protocol_notification_type_connection_idle is false
2026-08-12 15:39:09.051 Df IlliniCover[27692:3d3a8f] [com.apple.CFNetwork:Default] Task <3AE77885-44EA-4DB3-B17D-10AA1AD51D6C>.<6> now using Connection 4
2026-08-12 15:39:09.052 Df IlliniCover[27692:3d3a8f] [com.apple.CFNetwork:Default] Task <3AE77885-44EA-4DB3-B17D-10AA1AD51D6C>.<6> sent request, body S 2765
2026-08-12 15:39:09.076 A  IlliniCover[27692:3d3e03] (Security) SecKeyCopyPublicBytes
2026-08-12 15:39:09.110 Df IlliniCover[27692:3d3e03] [com.apple.CFNetwork:Default] Task <3AE77885-44EA-4DB3-B17D-10AA1AD51D6C>.<6> received response, status 200 content K
2026-08-12 15:39:09.110 Df IlliniCover[27692:3d3e03] [com.apple.CFNetwork:Default] Task <3AE77885-44EA-4DB3-B17D-10AA1AD51D6C>.<6> done using Connection 4
2026-08-12 15:39:09.110 Df IlliniCover[27692:3d3e03] [com.apple.network:connection] [C4] event: client:connection_idle @1.790s
2026-08-12 15:39:09.110 Df IlliniCover[27692:3d3e03] [com.apple.network:connection] nw_protocol_socket_notify [C4.1.1.1:3] nw_protocol_notification_type_connection_idle is true
2026-08-12 15:39:09.111 Df IlliniCover[27692:3d3e03] [com.apple.CFNetwork:Default] Task <3AE77885-44EA-4DB3-B17D-10AA1AD51D6C>.<6> response ended
2026-08-12 15:39:09.111 Df IlliniCover[27692:3d3a8e] [com.apple.CFNetwork:Summary] Task <3AE77885-44EA-4DB3-B17D-10AA1AD51D6C>.<6> summary for task success {transaction_duration_ms=1810, response_status=200, connection=4, protocol="h2", domain_lookup_duration_ms=7, connect_duration_ms=377, secure_connection_duration_ms=343, private_relay=false, request_start_ms=1750, request_duration_ms=0, response_start_ms=1809, response_duration_ms=0, request_bytes=3099, request_throughput_kbps=72920, response_bytes=251, response_throughput_kbps=6759, cache_hit=true}
2026-08-12 15:39:09.111 Df IlliniCover[27692:3d3a8e] [com.apple.CFNetwork:Default] Task <3AE77885-44EA-4DB3-B17D-10AA1AD51D6C>.<6> finished successfully
2026-08-12 15:39:09.113 E  IlliniCover[27692:3d3a8f] [dev.expo.modules:expo] 🟠 Invalid state - currentState[3] validStates[4]
2026-08-12 15:39:13.811 Df IlliniCover[27692:3d4660] [com.apple.dt.automationmode:Default] Handling posted change notification (com.apple.dt.automationmode.state-changed)
2026-08-12 15:39:13.811 Df IlliniCover[27692:3d4660] [com.apple.dt.automationmode:Default] XAM shared observer connecting to com.apple.dt.automationmode.reader
2026-08-12 15:39:13.811 Df IlliniCover[27692:3d4660] [com.apple.xpc:connection] [0x126054640] activating connection: mach=true listener=false peer=false name=com.apple.dt.automationmode.reader
2026-08-12 15:39:13.814 Df IlliniCover[27692:3d4660] [com.apple.xpc:connection] [0x126054640] invalidated because the current process cancelled the connection by calling xpc_connection_cancel()
2026-08-12 15:39:13.814 Df IlliniCover[27692:3d4660] [com.apple.dt.automationmode:Default] Comparing previous enabled state (0) to current enabled state (1)
2026-08-12 15:39:13.816 A  IlliniCover[27692:3d4660] (CoreFoundation) Loading Preferences From User Session CFPrefsD
2026-08-12 15:39:13.816 A  IlliniCover[27692:3d4660] (CoreFoundation) Loading Preferences From User Session CFPrefsD
2026-08-12 15:39:16.408 Df IlliniCover[27692:3d4660] [com.apple.dt.xctest:Default] Received request for endpoint.
2026-08-12 15:39:16.408 Df IlliniCover[27692:3d4660] [com.apple.dt.xctest:Default] Sending anonymous endpoint.
2026-08-12 15:39:16.408 Df IlliniCover[27692:3d4660] [com.apple.xpc:connection] [0x10a1de080] Connection returned listener port: 0x621b
2026-08-12 15:39:16.409 Df IlliniCover[27692:3d4660] [com.apple.dt.xctest:Default] Received client to target connection.
2026-08-12 15:39:16.409 Df IlliniCover[27692:3d4660] [com.apple.dt.automationmode:Default] Returning 1 for enabled state
2026-08-12 15:39:16.410 Df IlliniCover[27692:3d4660] [com.apple.xpc:connection] [0x122d25380] activating connection: mach=false listener=false peer=true name=com.apple.xpc.anonymous.0x10a1de080.peer[28039].0x122d25380
2026-08-12 15:39:16.411 Df IlliniCover[27692:3d4660] [com.apple.dt.xctest:Default] Received request to exchange capabilities, remote interface capabilities are: <XCTCapabilities: 0x126361b70>: {
    "query runtime issue reporting" = 1;
    "query runtime issue reporting/automation type mismatch" = 1;
}
2026-08-12 15:39:16.412 Df IlliniCover[27692:3d4660] [com.apple.dt.xctest:Default] Received request to fetch matches for query:
2026-08-12 15:39:16.412 Df IlliniCover[27692:3d3a8f] [com.apple.dt.xctest:Default] Evaluating query:
2026-08-12 15:39:16.412 Df IlliniCover[27692:3d3a8f] [com.apple.dt.xctest:Default] Getting root element snapshot
2026-08-12 15:39:16.412 Df IlliniCover[27692:3d3a8f] [com.apple.dt.xctest:Default] Getting snapshot for App element pid: 27692 for query
2026-08-12 15:39:16.413 Df IlliniCover[27692:3d3a8f] [com.apple.dt.xctest:Default] Query requires iOS snapshot attributes .
2026-08-12 15:39:16.413 Df IlliniCover[27692:3d3a8f] [com.apple.dt.xctest:Default] XCTPerformOnMainRunLoop[not MT]: about to CFRunLoopPerform
2026-08-12 15:39:16.413 Df IlliniCover[27692:3d3a8f] [com.apple.dt.xctest:Default] XCTPerformOnMainRunLoop[not MT]: waiting with 30.00s responsiveness timeout
2026-08-12 15:39:16.413 Df IlliniCover[27692:3d3a49] [com.apple.dt.xctest:Default] XCTPerformOnMainRunLoop[MT]: inside CFRunLoopPerform
2026-08-12 15:39:16.413 Df IlliniCover[27692:3d3a49] [com.apple.dt.xctest:Default] XCTPerformOnMainRunLoop[MT]: MT responded in time (won the race to the busy flag)
2026-08-12 15:39:16.413 Df IlliniCover[27692:3d3a8f] [com.apple.dt.xctest:Default] XCTPerformOnMainRunLoop[not MT]: waiting 60.00s for work to complete
2026-08-12 15:39:16.414 Df IlliniCover[27692:3d3a49] [com.apple.dt.xctest:Default] Got main window <AXUIElementRef 0x124580ab0> {pid=27692} {uid=[ID:3 hash:0x10a20c800]}
2026-08-12 15:39:16.414 Df IlliniCover[27692:3d3a49] [com.apple.dt.xctest:Default] Capturing hierarchy with attributes XC_kAXXCAttributeElementType, XC_kAXXCAttributeElementBaseType, XC_kAXXCAttributeParent, XC_kAXXCAttributeIdentifier, XC_kAXXCAttributeAutomationType, XC_kAXXCAttributeTraits
2026-08-12 15:39:16.414 Df IlliniCover[27692:3d3a49] [com.apple.dt.xctest:Default] Capturing hierarchy with parameters {
    attributes =     (
        5003,
        5004,
        5002,
        5019,
        5058,
        2004
    );
    maxArrayCount = 2147483647;
    maxChildren = 2147483647;
    maxDepth = 2147483647;
    snapshotKeyHonorModalViews = 0;
    traverseFromParentsToChildren = 1;
}
2026-08-12 15:39:16.414 Df IlliniCover[27692:3d3a49] [com.apple.dt.xctest:Default] Snapshot attributes 5003, 5004, 5002, 5019, 5058, 2004
2026-08-12 15:39:16.526 Df IlliniCover[27692:3d3a49] [com.apple.dt.xctest:Default] Got snapshot for <AXUIElementRef 0x12532f330> {pid=27692} {uid=[ID:1 hash:0x0]}
2026-08-12 15:39:16.527 Df IlliniCover[27692:3d3a49] [com.apple.dt.xctest:Default] Got app orientation 0
2026-08-12 15:39:16.527 Df IlliniCover[27692:3d3a49] [com.apple.dt.xctest:Default] Captured accessibility snapshot data in 0.11s
2026-08-12 15:39:16.527 Df IlliniCover[27692:3d3a8f] [com.apple.dt.xctest:Default] Found main window: Window
2026-08-12 15:39:16.527 Df IlliniCover[27692:3d3a8f] [com.apple.dt.xctest:Default] Preferring automation type 48 instead of legacy element type OTHER derived from class/trait: UILabel:UILabel 8590000128
2026-08-12 15:39:16.528 Df IlliniCover[27692:3d3a8f] [com.apple.dt.xctest:Default] Preferring automation type 14 instead of legacy element type OTHER derived from class/trait: SwiftUI.AccessibilityNode:UIResponder 1108101562369
2026-08-12 15:39:16.528 E  IlliniCover[27692:3d3a8f] [com.apple.dt.xctest:Default] Automation type mismatch; legacy system derived element type 9 from class SwiftUI.AccessibilityNode:UIResponder, traits 1108101562369, but AXAutomationType returned 14 which maps to 14
2026-08-12 15:39:16.528 Df IlliniCover[27692:3d3a8f] [com.apple.dt.xctest:Default] StaticText is not actually a child of Button, including at this point anyway (rdar://problem/20738636)
2026-08-12 15:39:16.528 Df IlliniCover[27692:3d3a8f] [com.apple.dt.xctest:Default] Image, identifier: 'chevron.down' is not actually a child of Button, including at this point anyway (rdar://problem/20738636)
2026-08-12 15:39:16.528 Df IlliniCover[27692:3d3a8f] [com.apple.dt.xctest:Default] Button is not actually a child of Button, identifier: 'deal-timing-kind-picker', including at this point anyway (rdar://problem/20738636)
2026-08-12 15:39:16.528 Df IlliniCover[27692:3d3a8f] [com.apple.dt.xctest:Default] Preferring automation type 14 instead of legacy element type OTHER derived from class/trait: SwiftUI.AccessibilityNode:UIResponder 1108101562369
2026-08-12 15:39:16.528 E  IlliniCover[27692:3d3a8f] [com.apple.dt.xctest:Default] Automation type mismatch; legacy system derived element type 9 from class SwiftUI.AccessibilityNode:UIResponder, traits 1108101562369, but AXAutomationType returned 14 which maps to 14
2026-08-12 15:39:16.528 Df IlliniCover[27692:3d3a8f] [com.apple.dt.xctest:Default] StaticText is not actually a child of Button, including at this point anyway (rdar://problem/20738636)
2026-08-12 15:39:16.528 Df IlliniCover[27692:3d3a8f] [com.apple.dt.xctest:Default] Image, identifier: 'chevron.down' is not actually a child of Button, including at this point anyway (rdar://problem/20738636)
2026-08-12 15:39:16.528 Df IlliniCover[27692:3d3a8f] [com.apple.dt.xctest:Default] Button is not actually a child of Button, identifier: 'deal-serving-picker', including at this point anyway (rdar://problem/20738636)
2026-08-12 15:39:16.528 Df IlliniCover[27692:3d3a8f] [com.apple.dt.xctest:Default] App orientation is 0 (not portrait) and UITextEffectsWindow window Window is not main window
2026-08-12 15:39:16.528 Df IlliniCover[27692:3d3a8f] [com.apple.dt.xctest:Default] Leaving frame unchanged for Window: either already correct or we can't detect it.
2026-08-12 15:39:16.528 Df IlliniCover[27692:3d3a8f] [com.apple.dt.xctest:Default] Query  found matching snapshots: {(
    Application, pid: 27692
)} (error: (null))
2026-08-12 15:39:16.529 Df IlliniCover[27692:3d3a8f] [com.apple.dt.xctest:Default] Replying to query  with results: <XCTElementQueryResults: 0x125365320> (error: (null))
2026-08-12 15:39:16.718 Df IlliniCover[27692:3d3a8f] [com.apple.dt.xctest:Default] Received request to fetch matches for query:
2026-08-12 15:39:16.718 Df IlliniCover[27692:3d3a8f] [com.apple.dt.xctest:Default] Evaluating query:
2026-08-12 15:39:16.718 Df IlliniCover[27692:3d3a8f] [com.apple.dt.xctest:Default] Getting root element snapshot
2026-08-12 15:39:16.718 Df IlliniCover[27692:3d3a8f] [com.apple.dt.xctest:Default] Getting snapshot for App element pid: 27692 for query
2026-08-12 15:39:16.718 Df IlliniCover[27692:3d3a8f] [com.apple.dt.xctest:Default] Query requires iOS snapshot attributes .
2026-08-12 15:39:16.718 Df IlliniCover[27692:3d3a8f] [com.apple.dt.xctest:Default] XCTPerformOnMainRunLoop[not MT]: about to CFRunLoopPerform
2026-08-12 15:39:16.718 Df IlliniCover[27692:3d3a8f] [com.apple.dt.xctest:Default] XCTPerformOnMainRunLoop[not MT]: waiting with 30.00s responsiveness timeout
2026-08-12 15:39:16.718 Df IlliniCover[27692:3d3a49] [com.apple.dt.xctest:Default] XCTPerformOnMainRunLoop[MT]: inside CFRunLoopPerform
2026-08-12 15:39:16.718 Df IlliniCover[27692:3d3a49] [com.apple.dt.xctest:Default] XCTPerformOnMainRunLoop[MT]: MT responded in time (won the race to the busy flag)
2026-08-12 15:39:16.718 Df IlliniCover[27692:3d3a8f] [com.apple.dt.xctest:Default] XCTPerformOnMainRunLoop[not MT]: waiting 60.00s for work to complete
2026-08-12 15:39:16.719 Df IlliniCover[27692:3d3a49] [com.apple.dt.xctest:Default] Got main window <AXUIElementRef 0x12533c960> {pid=27692} {uid=[ID:3 hash:0x10a20c800]}
2026-08-12 15:39:16.719 Df IlliniCover[27692:3d3a49] [com.apple.dt.xctest:Default] Capturing hierarchy with attributes XC_kAXXCAttributeElementType, XC_kAXXCAttributeElementBaseType, XC_kAXXCAttributeParent, XC_kAXXCAttributeIdentifier, XC_kAXXCAttributeAutomationType, XC_kAXXCAttributeTraits
2026-08-12 15:39:16.719 Df IlliniCover[27692:3d3a49] [com.apple.dt.xctest:Default] Capturing hierarchy with parameters {
    attributes =     (
        5003,
        5004,
        5002,
        5019,
        5058,
        2004
    );
    maxArrayCount = 2147483647;
    maxChildren = 2147483647;
    maxDepth = 2147483647;
    snapshotKeyHonorModalViews = 0;
    traverseFromParentsToChildren = 1;
}
2026-08-12 15:39:16.719 Df IlliniCover[27692:3d3a49] [com.apple.dt.xctest:Default] Snapshot attributes 5003, 5004, 5002, 5019, 5058, 2004
2026-08-12 15:39:16.801 Df IlliniCover[27692:3d3a49] [com.apple.dt.xctest:Default] Got snapshot for <AXUIElementRef 0x126135320> {pid=27692} {uid=[ID:1 hash:0x0]}
2026-08-12 15:39:16.801 Df IlliniCover[27692:3d3a49] [com.apple.dt.xctest:Default] Got app orientation 0
2026-08-12 15:39:16.801 Df IlliniCover[27692:3d3a49] [com.apple.dt.xctest:Default] Captured accessibility snapshot data in 0.08s
2026-08-12 15:39:16.801 Df IlliniCover[27692:3d3a8f] [com.apple.dt.xctest:Default] Found main window: Window
2026-08-12 15:39:16.802 Df IlliniCover[27692:3d3a8f] [com.apple.dt.xctest:Default] Preferring automation type 48 instead of legacy element type OTHER derived from class/trait: UILabel:UILabel 8590000128
2026-08-12 15:39:16.803 Df IlliniCover[27692:3d3a8f] [com.apple.dt.xctest:Default] Preferring automation type 14 instead of legacy element type OTHER derived from class/trait: SwiftUI.AccessibilityNode:UIResponder 1108101562369
2026-08-12 15:39:16.803 E  IlliniCover[27692:3d3a8f] [com.apple.dt.xctest:Default] Automation type mismatch; legacy system derived element type 9 from class SwiftUI.AccessibilityNode:UIResponder, traits 1108101562369, but AXAutomationType returned 14 which maps to 14
2026-08-12 15:39:16.803 Df IlliniCover[27692:3d3a8f] [com.apple.dt.xctest:Default] StaticText is not actually a child of Button, including at this point anyway (rdar://problem/20738636)
2026-08-12 15:39:16.803 Df IlliniCover[27692:3d3a8f] [com.apple.dt.xctest:Default] Image, identifier: 'chevron.down' is not actually a child of Button, including at this point anyway (rdar://problem/20738636)
2026-08-12 15:39:16.803 Df IlliniCover[27692:3d3a8f] [com.apple.dt.xctest:Default] Button is not actually a child of Button, identifier: 'deal-timing-kind-picker', including at this point anyway (rdar://problem/20738636)
2026-08-12 15:39:16.803 Df IlliniCover[27692:3d3a8f] [com.apple.dt.xctest:Default] Preferring automation type 14 instead of legacy element type OTHER derived from class/trait: SwiftUI.AccessibilityNode:UIResponder 1108101562369
2026-08-12 15:39:16.803 E  IlliniCover[27692:3d3a8f] [com.apple.dt.xctest:Default] Automation type mismatch; legacy system derived element type 9 from class SwiftUI.AccessibilityNode:UIResponder, traits 1108101562369, but AXAutomationType returned 14 which maps to 14
2026-08-12 15:39:16.803 Df IlliniCover[27692:3d3a8f] [com.apple.dt.xctest:Default] StaticText is not actually a child of Button, including at this point anyway (rdar://problem/20738636)
2026-08-12 15:39:16.803 Df IlliniCover[27692:3d3a8f] [com.apple.dt.xctest:Default] Image, identifier: 'chevron.down' is not actually a child of Button, including at this point anyway (rdar://problem/20738636)
2026-08-12 15:39:16.803 Df IlliniCover[27692:3d3a8f] [com.apple.dt.xctest:Default] Button is not actually a child of Button, identifier: 'deal-serving-picker', including at this point anyway (rdar://problem/20738636)
2026-08-12 15:39:16.803 Df IlliniCover[27692:3d3a8f] [com.apple.dt.xctest:Default] App orientation is 0 (not portrait) and UITextEffectsWindow window Window is not main window
2026-08-12 15:39:16.803 Df IlliniCover[27692:3d3a8f] [com.apple.dt.xctest:Default] Leaving frame unchanged for Window: either already correct or we can't detect it.
2026-08-12 15:39:16.803 Df IlliniCover[27692:3d3a8f] [com.apple.dt.xctest:Default] Query  found matching snapshots: {(
    Application, pid: 27692
)} (error: (null))
2026-08-12 15:39:16.803 Df IlliniCover[27692:3d3a8f] [com.apple.dt.xctest:Default] Replying to query  with results: <XCTElementQueryResults: 0x125365260> (error: (null))
