Timestamp               Ty Process[PID:TID]
2026-08-12 15:48:30.324 Df IlliniCover[34076:3dd1f8] [com.apple.KeyboardArbiter:Client] TX focusApplication (peekAppEvent) stealKB:Y scene:com.illinicover.app-default
2026-08-12 15:48:30.324 Df IlliniCover[34076:3dd1f8] [com.apple.UIKit:EventDispatch] Evaluating dispatch of UIEvent: 0x10a195900; type: 0; subtype: 0; backing type: 11; shouldSend: 1; ignoreInteractionEvents: 0, systemGestureStateChange: 0
2026-08-12 15:48:30.324 Df IlliniCover[34076:3dd1f8] [com.apple.UIKit:EventDispatch] Sending UIEvent type: 0; subtype: 0; to windows: 1
2026-08-12 15:48:30.324 Df IlliniCover[34076:3dd1f8] [com.apple.UIKit:EventDispatch] Sending UIEvent type: 0; subtype: 0; to window: <UIWindow: 0x10a210400>; contextId: 0xF32523F0
2026-08-12 15:48:30.329 A  IlliniCover[34076:3dd1f8] (UIKitCore) send gesture actions
2026-08-12 15:48:30.331 A  IlliniCover[34076:3dd1f8] (UIKitCore) send gesture actions
2026-08-12 15:48:30.336 Df IlliniCover[34076:3dd1f8] [com.apple.UIKit:EventDispatch] Evaluating dispatch of UIEvent: 0x10a195900; type: 0; subtype: 0; backing type: 11; shouldSend: 0; ignoreInteractionEvents: 0, systemGestureStateChange: 0
2026-08-12 15:48:30.341 Df IlliniCover[34076:3dd1f8] [com.apple.UIKit:EventDispatch] Evaluating dispatch of UIEvent: 0x10a195900; type: 0; subtype: 0; backing type: 11; shouldSend: 0; ignoreInteractionEvents: 0, systemGestureStateChange: 0
2026-08-12 15:48:30.355 Df IlliniCover[34076:3dd1f8] [com.apple.UIKit:EventDispatch] Evaluating dispatch of UIEvent: 0x10a195900; type: 0; subtype: 0; backing type: 11; shouldSend: 0; ignoreInteractionEvents: 0, systemGestureStateChange: 0
2026-08-12 15:48:30.371 Df IlliniCover[34076:3dd1f8] [com.apple.UIKit:EventDispatch] Evaluating dispatch of UIEvent: 0x10a195900; type: 0; subtype: 0; backing type: 11; shouldSend: 0; ignoreInteractionEvents: 0, systemGestureStateChange: 0
2026-08-12 15:48:30.405 Df IlliniCover[34076:3dd1f8] [com.apple.UIKit:EventDispatch] Evaluating dispatch of UIEvent: 0x10a195900; type: 0; subtype: 0; backing type: 11; shouldSend: 0; ignoreInteractionEvents: 0, systemGestureStateChange: 0
2026-08-12 15:48:30.422 Df IlliniCover[34076:3dd1f8] [com.apple.UIKit:EventDispatch] Evaluating dispatch of UIEvent: 0x10a195900; type: 0; subtype: 0; backing type: 11; shouldSend: 0; ignoreInteractionEvents: 0, systemGestureStateChange: 0
2026-08-12 15:48:30.438 Df IlliniCover[34076:3dd1f8] [com.apple.UIKit:EventDispatch] Evaluating dispatch of UIEvent: 0x10a195900; type: 0; subtype: 0; backing type: 11; shouldSend: 0; ignoreInteractionEvents: 0, systemGestureStateChange: 0
2026-08-12 15:48:30.439 Df IlliniCover[34076:3dd1f8] [com.apple.UIKit:EventDispatch] Evaluating dispatch of UIEvent: 0x10a195900; type: 0; subtype: 0; backing type: 11; shouldSend: 1; ignoreInteractionEvents: 0, systemGestureStateChange: 0
2026-08-12 15:48:30.439 Df IlliniCover[34076:3dd1f8] [com.apple.UIKit:EventDispatch] Sending UIEvent type: 0; subtype: 0; to windows: 1
2026-08-12 15:48:30.439 Df IlliniCover[34076:3dd1f8] [com.apple.UIKit:EventDispatch] Sending UIEvent type: 0; subtype: 0; to window: <UIWindow: 0x10a210400>; contextId: 0xF32523F0
2026-08-12 15:48:30.439 A  IlliniCover[34076:3dd1f8] (UIKitCore) send gesture actions
2026-08-12 15:48:30.439 A  IlliniCover[34076:3dd1f8] (UIKitCore) send gesture actions
2026-08-12 15:48:30.439 A  IlliniCover[34076:3dd1f8] (UIKitCore) send control actions
2026-08-12 15:48:30.449 E  IlliniCover[34076:3dd1f8] [com.apple.UIKit:Assert] button text attributes only respected for UIControlStateNormal, UIControlStateHighlighted, UIControlStateDisabled and UIControlStateFocused. state = 4 is interpreted as UIControlStateHighlighted.
2026-08-12 15:48:30.464 E  IlliniCover[34076:3dd1f8] [com.apple.UIKit:Assert] button text attributes only respected for UIControlStateNormal, UIControlStateHighlighted, UIControlStateDisabled and UIControlStateFocused. state = 4 is interpreted as UIControlStateHighlighted.
2026-08-12 15:48:30.526 Df IlliniCover[34076:3dd1f8] [com.apple.UIKit:EventDispatch] Evaluating dispatch of UIEvent: 0x10a195900; type: 0; subtype: 0; backing type: 11; shouldSend: 0; ignoreInteractionEvents: 0, systemGestureStateChange: 1
2026-08-12 15:48:30.529 A  IlliniCover[34076:3dd1f8] (UIKitCore) send gesture actions
2026-08-12 15:48:30.529 A  IlliniCover[34076:3dd1f8] (UIKitCore) send gesture actions
2026-08-12 15:48:32.269 Df IlliniCover[34076:3dd205] [com.apple.dt.xctest:Default] Received request to fetch matches for query:
2026-08-12 15:48:32.269 Df IlliniCover[34076:3dd208] [com.apple.dt.xctest:Default] Evaluating query:
2026-08-12 15:48:32.269 Df IlliniCover[34076:3dd208] [com.apple.dt.xctest:Default] Getting root element snapshot
2026-08-12 15:48:32.269 Df IlliniCover[34076:3dd208] [com.apple.dt.xctest:Default] Getting snapshot for App element pid: 34076 for query
2026-08-12 15:48:32.269 Df IlliniCover[34076:3dd208] [com.apple.dt.xctest:Default] Query requires iOS snapshot attributes .
2026-08-12 15:48:32.269 Df IlliniCover[34076:3dd208] [com.apple.dt.xctest:Default] XCTPerformOnMainRunLoop[not MT]: about to CFRunLoopPerform
2026-08-12 15:48:32.269 Df IlliniCover[34076:3dd208] [com.apple.dt.xctest:Default] XCTPerformOnMainRunLoop[not MT]: waiting with 30.00s responsiveness timeout
2026-08-12 15:48:32.269 Df IlliniCover[34076:3dd1f8] [com.apple.dt.xctest:Default] XCTPerformOnMainRunLoop[MT]: inside CFRunLoopPerform
2026-08-12 15:48:32.269 Df IlliniCover[34076:3dd1f8] [com.apple.dt.xctest:Default] XCTPerformOnMainRunLoop[MT]: MT responded in time (won the race to the busy flag)
2026-08-12 15:48:32.269 Df IlliniCover[34076:3dd208] [com.apple.dt.xctest:Default] XCTPerformOnMainRunLoop[not MT]: waiting 60.00s for work to complete
2026-08-12 15:48:32.269 Df IlliniCover[34076:3dd1f8] [com.apple.dt.xctest:Default] Got main window <AXUIElementRef 0x125ec6100> {pid=34076} {uid=[ID:4 hash:0x10a210400]}
2026-08-12 15:48:32.269 Df IlliniCover[34076:3dd1f8] [com.apple.dt.xctest:Default] Capturing hierarchy with attributes XC_kAXXCAttributeElementType, XC_kAXXCAttributeElementBaseType, XC_kAXXCAttributeParent, XC_kAXXCAttributeIdentifier, XC_kAXXCAttributeAutomationType, XC_kAXXCAttributeTraits
2026-08-12 15:48:32.269 Df IlliniCover[34076:3dd1f8] [com.apple.dt.xctest:Default] Capturing hierarchy with parameters {
    attributes =     (
        5003,
        5004,
        5002,
        5019,
        5058,
        2004
    );
    maxArrayCount = 2147483647;
    maxChildren = 2147483647;
    maxDepth = 2147483647;
    snapshotKeyHonorModalViews = 0;
    traverseFromParentsToChildren = 1;
}
2026-08-12 15:48:32.269 Df IlliniCover[34076:3dd1f8] [com.apple.dt.xctest:Default] Snapshot attributes 5003, 5004, 5002, 5019, 5058, 2004
2026-08-12 15:48:32.337 Df IlliniCover[34076:3dd1f8] [com.apple.dt.xctest:Default] Got snapshot for <AXUIElementRef 0x1251eebb0> {pid=34076} {uid=[ID:1 hash:0x0]}
2026-08-12 15:48:32.337 Df IlliniCover[34076:3dd1f8] [com.apple.dt.xctest:Default] Got app orientation 0
2026-08-12 15:48:32.337 Df IlliniCover[34076:3dd1f8] [com.apple.dt.xctest:Default] Captured accessibility snapshot data in 0.07s
2026-08-12 15:48:32.337 Df IlliniCover[34076:3dd208] [com.apple.dt.xctest:Default] Found main window: Window
2026-08-12 15:48:32.337 Df IlliniCover[34076:3dd208] [com.apple.dt.xctest:Default] Preferring automation type 48 instead of legacy element type OTHER derived from class/trait: UILabel:UILabel 8590000128
2026-08-12 15:48:32.338 Df IlliniCover[34076:3dd208] [com.apple.dt.xctest:Default] App orientation is 0 (not portrait) and UITextEffectsWindow window Window is not main window
2026-08-12 15:48:32.338 Df IlliniCover[34076:3dd208] [com.apple.dt.xctest:Default] Leaving frame unchanged for Window: either already correct or we can't detect it.
2026-08-12 15:48:32.338 Df IlliniCover[34076:3dd208] [com.apple.dt.xctest:Default] Query  found matching snapshots: {(
    Application, pid: 34076
)} (error: (null))
2026-08-12 15:48:32.338 Df IlliniCover[34076:3dd208] [com.apple.dt.xctest:Default] Replying to query  with results: <XCTElementQueryResults: 0x1253c6520> (error: (null))
2026-08-12 15:48:33.155 Df IlliniCover[34076:3dd1f8] [com.apple.KeyboardArbiter:Client] TX focusApplication (peekAppEvent) stealKB:Y scene:com.illinicover.app-default
2026-08-12 15:48:33.156 Df IlliniCover[34076:3dd1f8] [com.apple.UIKit:EventDispatch] Evaluating dispatch of UIEvent: 0x10a195900; type: 0; subtype: 0; backing type: 11; shouldSend: 1; ignoreInteractionEvents: 0, systemGestureStateChange: 0
2026-08-12 15:48:33.156 Df IlliniCover[34076:3dd1f8] [com.apple.UIKit:EventDispatch] Sending UIEvent type: 0; subtype: 0; to windows: 1
2026-08-12 15:48:33.156 Df IlliniCover[34076:3dd1f8] [com.apple.UIKit:EventDispatch] Sending UIEvent type: 0; subtype: 0; to window: <UIWindow: 0x10a210400>; contextId: 0xF32523F0
2026-08-12 15:48:33.156 Df IlliniCover[34076:3dd1f8] [com.apple.UIKit:EventDispatch] Evaluating dispatch of UIEvent: 0x10a195900; type: 0; subtype: 0; backing type: 11; shouldSend: 0; ignoreInteractionEvents: 0, systemGestureStateChange: 0
2026-08-12 15:48:33.172 Df IlliniCover[34076:3dd1f8] [com.apple.UIKit:EventDispatch] Evaluating dispatch of UIEvent: 0x10a195900; type: 0; subtype: 0; backing type: 11; shouldSend: 0; ignoreInteractionEvents: 0, systemGestureStateChange: 0
2026-08-12 15:48:33.188 Df IlliniCover[34076:3dd1f8] [com.apple.UIKit:EventDispatch] Evaluating dispatch of UIEvent: 0x10a195900; type: 0; subtype: 0; backing type: 11; shouldSend: 0; ignoreInteractionEvents: 0, systemGestureStateChange: 0
2026-08-12 15:48:33.222 Df IlliniCover[34076:3dd1f8] [com.apple.UIKit:EventDispatch] Evaluating dispatch of UIEvent: 0x10a195900; type: 0; subtype: 0; backing type: 11; shouldSend: 0; ignoreInteractionEvents: 0, systemGestureStateChange: 0
2026-08-12 15:48:33.238 Df IlliniCover[34076:3dd1f8] [com.apple.UIKit:EventDispatch] Evaluating dispatch of UIEvent: 0x10a195900; type: 0; subtype: 0; backing type: 11; shouldSend: 0; ignoreInteractionEvents: 0, systemGestureStateChange: 1
2026-08-12 15:48:33.238 Df IlliniCover[34076:3dd1f8] [com.apple.UIKit:EventDispatch] Evaluating dispatch of UIEvent: 0x10a195900; type: 0; subtype: 0; backing type: 11; shouldSend: 0; ignoreInteractionEvents: 0, systemGestureStateChange: 0
2026-08-12 15:48:33.238 A  IlliniCover[34076:3dd1f8] (UIKitCore) send gesture actions
2026-08-12 15:48:33.255 Df IlliniCover[34076:3dd1f8] [com.apple.UIKit:EventDispatch] Evaluating dispatch of UIEvent: 0x10a195900; type: 0; subtype: 0; backing type: 11; shouldSend: 0; ignoreInteractionEvents: 0, systemGestureStateChange: 0
2026-08-12 15:48:33.272 Df IlliniCover[34076:3dd1f8] [com.apple.UIKit:EventDispatch] Evaluating dispatch of UIEvent: 0x10a195900; type: 0; subtype: 0; backing type: 11; shouldSend: 0; ignoreInteractionEvents: 0, systemGestureStateChange: 0
2026-08-12 15:48:33.272 Df IlliniCover[34076:3dd1f8] [com.apple.UIKit:EventDispatch] Evaluating dispatch of UIEvent: 0x10a195900; type: 0; subtype: 0; backing type: 11; shouldSend: 1; ignoreInteractionEvents: 0, systemGestureStateChange: 0
2026-08-12 15:48:33.272 Df IlliniCover[34076:3dd1f8] [com.apple.UIKit:EventDispatch] Sending UIEvent type: 0; subtype: 0; to windows: 1
2026-08-12 15:48:33.272 Df IlliniCover[34076:3dd1f8] [com.apple.UIKit:EventDispatch] Sending UIEvent type: 0; subtype: 0; to window: <UIWindow: 0x10a210400>; contextId: 0xF32523F0
2026-08-12 15:48:33.272 A  IlliniCover[34076:3dd1f8] (UIKitCore) send gesture actions
2026-08-12 15:48:33.274 Df IlliniCover[34076:3dd1f8] [com.apple.UIKit:Feedback] generator <UISelectionFeedbackGenerator: 0x12646c300> cannot play feedback <nil: 0x0> (enabled=0)
2026-08-12 15:48:33.275 Df IlliniCover[34076:3dd1f8] [com.apple.UIKit:Feedback] generator <UISelectionFeedbackGenerator: 0x12646c300> cannot play feedback <nil: 0x0> (enabled=0)
2026-08-12 15:48:33.327 Df IlliniCover[34076:3dd205] [com.apple.CFNetwork:Default] Task <E02AB427-6A7A-4424-937C-065C7D52919C>.<3> resuming, timeouts(0.0, 604800.0) qos(0x19) voucher((null)) activity(00000000-0000-0000-0000-000000000000)
2026-08-12 15:48:33.327 Df IlliniCover[34076:3dd205] [com.apple.CFNetwork:Default] Task <8CD7D008-8246-4063-9764-D42734118D4D>.<4> resuming, timeouts(0.0, 604800.0) qos(0x19) voucher((null)) activity(00000000-0000-0000-0000-000000000000)
2026-08-12 15:48:33.328 Df IlliniCover[34076:3dd259] [com.apple.network:connection] [C3] event: client:connection_reused @4.812s
2026-08-12 15:48:33.329 Df IlliniCover[34076:3dd259] [com.apple.CFNetwork:Default] Task <E02AB427-6A7A-4424-937C-065C7D52919C>.<3> now using Connection 3
2026-08-12 15:48:33.329 Df IlliniCover[34076:3dd259] [com.apple.CFNetwork:Default] Task <8CD7D008-8246-4063-9764-D42734118D4D>.<4> now using Connection 3
2026-08-12 15:48:33.329 Df IlliniCover[34076:3dd259] [com.apple.cfnetwork:h3stream] 0x120d11f98 ID=4 Task <E02AB427-6A7A-4424-937C-065C7D52919C>.<3> sent request, body N 0
2026-08-12 15:48:33.329 Df IlliniCover[34076:3dd259] [com.apple.cfnetwork:h3stream] 0x120d12858 ID=8 Task <8CD7D008-8246-4063-9764-D42734118D4D>.<4> sent request, body N 0
2026-08-12 15:48:33.341 E  IlliniCover[34076:3dd1f8] [com.apple.UIKit:UIFocus] RCTScrollViewComponentView implements focusItemsInRect: - caching for linear focus movement is limited as long as this view is on screen.
2026-08-12 15:48:33.414 E  IlliniCover[34076:3dd1f8] [com.apple.UIKit:Assert] button text attributes only respected for UIControlStateNormal, UIControlStateHighlighted, UIControlStateDisabled and UIControlStateFocused. state = 4 is interpreted as UIControlStateHighlighted.
2026-08-12 15:48:33.414 E  IlliniCover[34076:3dd1f8] [com.apple.UIKit:Assert] button text attributes only respected for UIControlStateNormal, UIControlStateHighlighted, UIControlStateDisabled and UIControlStateFocused. state = 4 is interpreted as UIControlStateHighlighted.
2026-08-12 15:48:33.431 E  IlliniCover[34076:3dd1f8] [com.apple.UIKit:Assert] button text attributes only respected for UIControlStateNormal, UIControlStateHighlighted, UIControlStateDisabled and UIControlStateFocused. state = 4 is interpreted as UIControlStateHighlighted.
2026-08-12 15:48:33.431 E  IlliniCover[34076:3dd1f8] [com.apple.UIKit:Assert] button text attributes only respected for UIControlStateNormal, UIControlStateHighlighted, UIControlStateDisabled and UIControlStateFocused. state = 4 is interpreted as UIControlStateHighlighted.
2026-08-12 15:48:33.690 Df IlliniCover[34076:3dd205] [com.apple.cfnetwork:h3stream] 0x120d11f98 ID=4 Task <E02AB427-6A7A-4424-937C-065C7D52919C>.<3> received response, status 200 content K
2026-08-12 15:48:33.690 Df IlliniCover[34076:3dd205] [com.apple.CFNetwork:Default] Task <E02AB427-6A7A-4424-937C-065C7D52919C>.<3> response ended
2026-08-12 15:48:33.690 Df IlliniCover[34076:3dd205] [com.apple.CFNetwork:Default] Task <E02AB427-6A7A-4424-937C-065C7D52919C>.<3> done using Connection 3
2026-08-12 15:48:33.690 Df IlliniCover[34076:3dd205] [com.apple.CFNetwork:Summary] Task <E02AB427-6A7A-4424-937C-065C7D52919C>.<3> summary for task success {transaction_duration_ms=362, response_status=200, connection=3, reused=1, reused_after_ms=4302, request_start_ms=0, request_duration_ms=0, response_start_ms=362, response_duration_ms=0, request_bytes=423, request_throughput_kbps=9145, response_bytes=1496, response_throughput_kbps=25036, cache_hit=true}
2026-08-12 15:48:33.691 Df IlliniCover[34076:3dd205] [com.apple.CFNetwork:Default] Task <E02AB427-6A7A-4424-937C-065C7D52919C>.<3> finished successfully
2026-08-12 15:48:33.738 Df IlliniCover[34076:3dd201] [com.apple.dt.xctest:Default] Received request to fetch matches for query:
2026-08-12 15:48:33.738 Df IlliniCover[34076:3dd201] [com.apple.dt.xctest:Default] Evaluating query:
2026-08-12 15:48:33.738 Df IlliniCover[34076:3dd201] [com.apple.dt.xctest:Default] Getting root element snapshot
2026-08-12 15:48:33.738 Df IlliniCover[34076:3dd201] [com.apple.dt.xctest:Default] Getting snapshot for App element pid: 34076 for query
2026-08-12 15:48:33.738 Df IlliniCover[34076:3dd201] [com.apple.dt.xctest:Default] Query requires iOS snapshot attributes .
2026-08-12 15:48:33.738 Df IlliniCover[34076:3dd201] [com.apple.dt.xctest:Default] XCTPerformOnMainRunLoop[not MT]: about to CFRunLoopPerform
2026-08-12 15:48:33.738 Df IlliniCover[34076:3dd201] [com.apple.dt.xctest:Default] XCTPerformOnMainRunLoop[not MT]: waiting with 30.00s responsiveness timeout
2026-08-12 15:48:33.738 Df IlliniCover[34076:3dd1f8] [com.apple.dt.xctest:Default] XCTPerformOnMainRunLoop[MT]: inside CFRunLoopPerform
2026-08-12 15:48:33.738 Df IlliniCover[34076:3dd1f8] [com.apple.dt.xctest:Default] XCTPerformOnMainRunLoop[MT]: MT responded in time (won the race to the busy flag)
2026-08-12 15:48:33.738 Df IlliniCover[34076:3dd201] [com.apple.dt.xctest:Default] XCTPerformOnMainRunLoop[not MT]: waiting 60.00s for work to complete
2026-08-12 15:48:33.738 Df IlliniCover[34076:3dd1f8] [com.apple.dt.xctest:Default] Got main window <AXUIElementRef 0x1263347b0> {pid=34076} {uid=[ID:4 hash:0x10a210400]}
2026-08-12 15:48:33.739 Df IlliniCover[34076:3dd1f8] [com.apple.dt.xctest:Default] Capturing hierarchy with attributes XC_kAXXCAttributeElementType, XC_kAXXCAttributeElementBaseType, XC_kAXXCAttributeParent, XC_kAXXCAttributeIdentifier, XC_kAXXCAttributeAutomationType, XC_kAXXCAttributeTraits
2026-08-12 15:48:33.739 Df IlliniCover[34076:3dd1f8] [com.apple.dt.xctest:Default] Capturing hierarchy with parameters {
    attributes =     (
        5003,
        5004,
        5002,
        5019,
        5058,
        2004
    );
    maxArrayCount = 2147483647;
    maxChildren = 2147483647;
    maxDepth = 2147483647;
    snapshotKeyHonorModalViews = 0;
    traverseFromParentsToChildren = 1;
}
2026-08-12 15:48:33.739 Df IlliniCover[34076:3dd1f8] [com.apple.dt.xctest:Default] Snapshot attributes 5003, 5004, 5002, 5019, 5058, 2004
2026-08-12 15:48:33.803 Df IlliniCover[34076:3dd205] [com.apple.cfnetwork:h3stream] 0x120d12858 ID=8 Task <8CD7D008-8246-4063-9764-D42734118D4D>.<4> received response, status 200 content K
2026-08-12 15:48:33.803 Df IlliniCover[34076:3dd205] [com.apple.CFNetwork:Default] Task <8CD7D008-8246-4063-9764-D42734118D4D>.<4> response ended
2026-08-12 15:48:33.803 Df IlliniCover[34076:3dd205] [com.apple.network:connection] [C3] event: client:connection_idle @5.287s
2026-08-12 15:48:33.804 Df IlliniCover[34076:3dd205] [com.apple.CFNetwork:Default] Task <8CD7D008-8246-4063-9764-D42734118D4D>.<4> done using Connection 3
2026-08-12 15:48:33.804 Df IlliniCover[34076:3dd259] [com.apple.CFNetwork:Summary] Task <8CD7D008-8246-4063-9764-D42734118D4D>.<4> summary for task success {transaction_duration_ms=475, response_status=200, connection=3, reused=1, reused_after_ms=0, request_start_ms=0, request_duration_ms=0, response_start_ms=475, response_duration_ms=0, request_bytes=417, request_throughput_kbps=31478, response_bytes=1459, response_throughput_kbps=23627, cache_hit=true}
2026-08-12 15:48:33.804 Df IlliniCover[34076:3dd259] [com.apple.CFNetwork:Default] Task <8CD7D008-8246-4063-9764-D42734118D4D>.<4> finished successfully
2026-08-12 15:48:33.855 Df IlliniCover[34076:3dd1f8] [com.apple.dt.xctest:Default] Got snapshot for <AXUIElementRef 0x126357780> {pid=34076} {uid=[ID:1 hash:0x0]}
2026-08-12 15:48:33.855 Df IlliniCover[34076:3dd1f8] [com.apple.dt.xctest:Default] Got app orientation 0
2026-08-12 15:48:33.855 Df IlliniCover[34076:3dd1f8] [com.apple.dt.xctest:Default] Captured accessibility snapshot data in 0.12s
2026-08-12 15:48:33.855 Df IlliniCover[34076:3dd201] [com.apple.dt.xctest:Default] Found main window: Window
2026-08-12 15:48:33.855 Df IlliniCover[34076:3dd201] [com.apple.dt.xctest:Default] Preferring automation type 48 instead of legacy element type OTHER derived from class/trait: UILabel:UILabel 8590000128
2026-08-12 15:48:33.856 Df IlliniCover[34076:3dd201] [com.apple.dt.xctest:Default] Preferring automation type 14 instead of legacy element type OTHER derived from class/trait: SwiftUI.AccessibilityNode:UIResponder 1108101562369
2026-08-12 15:48:33.857 E  IlliniCover[34076:3dd201] [com.apple.dt.xctest:Default] Automation type mismatch; legacy system derived element type 9 from class SwiftUI.AccessibilityNode:UIResponder, traits 1108101562369, but AXAutomationType returned 14 which maps to 14
2026-08-12 15:48:33.857 Df IlliniCover[34076:3dd201] [com.apple.dt.xctest:Default] StaticText is not actually a child of Button, including at this point anyway (rdar://problem/20738636)
2026-08-12 15:48:33.857 Df IlliniCover[34076:3dd201] [com.apple.dt.xctest:Default] Image, identifier: 'chevron.down' is not actually a child of Button, including at this point anyway (rdar://problem/20738636)
2026-08-12 15:48:33.857 Df IlliniCover[34076:3dd201] [com.apple.dt.xctest:Default] Button is not actually a child of Button, identifier: 'deal-timing-kind-picker', including at this point anyway (rdar://problem/20738636)
2026-08-12 15:48:33.857 Df IlliniCover[34076:3dd201] [com.apple.dt.xctest:Default] Preferring automation type 14 instead of legacy element type OTHER derived from class/trait: SwiftUI.AccessibilityNode:UIResponder 1108101562369
2026-08-12 15:48:33.857 E  IlliniCover[34076:3dd201] [com.apple.dt.xctest:Default] Automation type mismatch; legacy system derived element type 9 from class SwiftUI.AccessibilityNode:UIResponder, traits 1108101562369, but AXAutomationType returned 14 which maps to 14
2026-08-12 15:48:33.857 Df IlliniCover[34076:3dd201] [com.apple.dt.xctest:Default] StaticText is not actually a child of Button, including at this point anyway (rdar://problem/20738636)
2026-08-12 15:48:33.857 Df IlliniCover[34076:3dd201] [com.apple.dt.xctest:Default] Image, identifier: 'chevron.down' is not actually a child of Button, including at this point anyway (rdar://problem/20738636)
2026-08-12 15:48:33.857 Df IlliniCover[34076:3dd201] [com.apple.dt.xctest:Default] Button is not actually a child of Button, identifier: 'deal-serving-picker', including at this point anyway (rdar://problem/20738636)
2026-08-12 15:48:33.857 Df IlliniCover[34076:3dd201] [com.apple.dt.xctest:Default] App orientation is 0 (not portrait) and UITextEffectsWindow window Window is not main window
2026-08-12 15:48:33.857 Df IlliniCover[34076:3dd201] [com.apple.dt.xctest:Default] Leaving frame unchanged for Window: either already correct or we can't detect it.
2026-08-12 15:48:33.857 Df IlliniCover[34076:3dd201] [com.apple.dt.xctest:Default] Query  found matching snapshots: {(
    Application, pid: 34076
)} (error: (null))
2026-08-12 15:48:33.857 Df IlliniCover[34076:3dd201] [com.apple.dt.xctest:Default] Replying to query  with results: <XCTElementQueryResults: 0x1253c5e60> (error: (null))
2026-08-12 15:48:34.839 Df IlliniCover[34076:3dd1f8] [com.apple.KeyboardArbiter:Client] TX focusApplication (peekAppEvent) stealKB:Y scene:com.illinicover.app-default
2026-08-12 15:48:34.839 Df IlliniCover[34076:3dd1f8] [com.apple.UIKit:EventDispatch] Evaluating dispatch of UIEvent: 0x10a195900; type: 0; subtype: 0; backing type: 11; shouldSend: 1; ignoreInteractionEvents: 0, systemGestureStateChange: 0
2026-08-12 15:48:34.839 Df IlliniCover[34076:3dd1f8] [com.apple.UIKit:EventDispatch] Sending UIEvent type: 0; subtype: 0; to windows: 1
2026-08-12 15:48:34.839 Df IlliniCover[34076:3dd1f8] [com.apple.UIKit:EventDispatch] Sending UIEvent type: 0; subtype: 0; to window: <UIWindow: 0x10a210400>; contextId: 0xF32523F0
2026-08-12 15:48:34.842 A  IlliniCover[34076:3dd1f8] (UIKitCore) send gesture actions
2026-08-12 15:48:34.842 A  IlliniCover[34076:3dd1f8] (UIKitCore) send control actions
2026-08-12 15:48:34.842 Df IlliniCover[34076:3dd1f8] [com.apple.UIKit:EventDispatch] Evaluating dispatch of UIEvent: 0x10a195900; type: 0; subtype: 0; backing type: 11; shouldSend: 0; ignoreInteractionEvents: 0, systemGestureStateChange: 0
2026-08-12 15:48:34.855 Df IlliniCover[34076:3dd1f8] [com.apple.UIKit:EventDispatch] Evaluating dispatch of UIEvent: 0x10a195900; type: 0; subtype: 0; backing type: 11; shouldSend: 0; ignoreInteractionEvents: 0, systemGestureStateChange: 0
2026-08-12 15:48:34.872 Df IlliniCover[34076:3dd1f8] [com.apple.UIKit:EventDispatch] Evaluating dispatch of UIEvent: 0x10a195900; type: 0; subtype: 0; backing type: 11; shouldSend: 0; ignoreInteractionEvents: 0, systemGestureStateChange: 0
2026-08-12 15:48:34.888 Df IlliniCover[34076:3dd1f8] [com.apple.UIKit:EventDispatch] Evaluating dispatch of UIEvent: 0x10a195900; type: 0; subtype: 0; backing type: 11; shouldSend: 0; ignoreInteractionEvents: 0, systemGestureStateChange: 0
2026-08-12 15:48:34.905 Df IlliniCover[34076:3dd1f8] [com.apple.UIKit:EventDispatch] Evaluating dispatch of UIEvent: 0x10a195900; type: 0; subtype: 0; backing type: 11; shouldSend: 0; ignoreInteractionEvents: 0, systemGestureStateChange: 0
2026-08-12 15:48:34.922 Df IlliniCover[34076:3dd1f8] [com.apple.UIKit:EventDispatch] Evaluating dispatch of UIEvent: 0x10a195900; type: 0; subtype: 0; backing type: 11; shouldSend: 0; ignoreInteractionEvents: 0, systemGestureStateChange: 1
2026-08-12 15:48:34.922 Df IlliniCover[34076:3dd1f8] [com.apple.UIKit:EventDispatch] Evaluating dispatch of UIEvent: 0x10a195900; type: 0; subtype: 0; backing type: 11; shouldSend: 0; ignoreInteractionEvents: 0, systemGestureStateChange: 0
2026-08-12 15:48:34.938 Df IlliniCover[34076:3dd1f8] [com.apple.UIKit:EventDispatch] Evaluating dispatch of UIEvent: 0x10a195900; type: 0; subtype: 0; backing type: 11; shouldSend: 0; ignoreInteractionEvents: 0, systemGestureStateChange: 0
2026-08-12 15:48:34.955 Df IlliniCover[34076:3dd1f8] [com.apple.UIKit:EventDispatch] Evaluating dispatch of UIEvent: 0x10a195900; type: 0; subtype: 0; backing type: 11; shouldSend: 0; ignoreInteractionEvents: 0, systemGestureStateChange: 0
2026-08-12 15:48:34.955 Df IlliniCover[34076:3dd1f8] [com.apple.UIKit:EventDispatch] Evaluating dispatch of UIEvent: 0x10a195900; type: 0; subtype: 0; backing type: 11; shouldSend: 1; ignoreInteractionEvents: 0, systemGestureStateChange: 0
2026-08-12 15:48:34.955 Df IlliniCover[34076:3dd1f8] [com.apple.UIKit:EventDispatch] Sending UIEvent type: 0; subtype: 0; to windows: 1
2026-08-12 15:48:34.955 Df IlliniCover[34076:3dd1f8] [com.apple.UIKit:EventDispatch] Sending UIEvent type: 0; subtype: 0; to window: <UIWindow: 0x10a210400>; contextId: 0xF32523F0
2026-08-12 15:48:34.955 A  IlliniCover[34076:3dd1f8] (UIKitCore) send gesture actions
2026-08-12 15:48:34.956 A  IlliniCover[34076:3dd1f8] (UIKitCore) send gesture actions
2026-08-12 15:48:34.956 A  IlliniCover[34076:3dd1f8] (UIKitCore) send gesture actions
2026-08-12 15:48:34.956 A  IlliniCover[34076:3dd1f8] (UIKitCore) send gesture actions
2026-08-12 15:48:34.957 A  IlliniCover[34076:3dd1f8] (UIKitCore) send control actions
2026-08-12 15:48:35.036 Df IlliniCover[34076:3dd1f8] [com.apple.UIKit:UIFocusSystemSceneComponent] Override focusSystemState: (ENABLED) for reason(s): {(
    "<_UIVariableGestureContextMenuInteraction 0x12651cc80>"
)}
2026-08-12 15:48:35.036 Df IlliniCover[34076:3dd1f8] [com.apple.UIKit:InterfaceStyle] Not push traits update to screen for new style 2, <UIWindowScene: 0x10d45f800> (2050C5AC-6A26-42BC-8E8F-FBAE5EDC0388)
2026-08-12 15:48:35.038 E  IlliniCover[34076:3dd1f8] [com.apple.UIKit:UILog] Called -[UIContextMenuInteraction updateVisibleMenuWithBlock:] while no context menu is visible. This won't do anything.
2026-08-12 15:48:35.070 A  IlliniCover[34076:3dd1f8] (UIKitCore) send control actions
2026-08-12 15:48:35.089 Df IlliniCover[34076:3dd1f8] [com.apple.UIKit:UICMILifecycle] performAllAnimations for animator: <_UIContextMenuAnimator: 0x125e4df20>
2026-08-12 15:48:35.111 Df IlliniCover[34076:3dd1f8] [com.apple.coreanimation:API] <CATransformLayer: 0x1254fc1e0> - changing property presentationModifiers in transform-only layer, will have no effect
2026-08-12 15:48:35.622 Df IlliniCover[34076:3dd1f8] [com.apple.UIKit:UICMILifecycle] _animateUsingFluidSpringWithType 0 completion: finished 1, retargeted 1, count: 0
2026-08-12 15:48:36.165 Df IlliniCover[34076:3dd1f8] [com.apple.coreanimation:API] <CATransformLayer: 0x1254fc1e0> - changing property presentationModifiers in transform-only layer, will have no effect
2026-08-12 15:48:36.362 Df IlliniCover[34076:3dd1f8] [com.apple.UIKit:UICMILifecycle] performAllCompletions for animator: <_UIContextMenuAnimator: 0x125e4df20>
2026-08-12 15:48:36.742 Df IlliniCover[34076:3dd258] [com.apple.dt.xctest:Default] Received request to fetch matches for query:
2026-08-12 15:48:36.742 Df IlliniCover[34076:3dd203] [com.apple.dt.xctest:Default] Evaluating query:
2026-08-12 15:48:36.742 Df IlliniCover[34076:3dd203] [com.apple.dt.xctest:Default] Getting root element snapshot
2026-08-12 15:48:36.742 Df IlliniCover[34076:3dd203] [com.apple.dt.xctest:Default] Getting snapshot for App element pid: 34076 for query
2026-08-12 15:48:36.742 Df IlliniCover[34076:3dd203] [com.apple.dt.xctest:Default] Query requires iOS snapshot attributes .
2026-08-12 15:48:36.742 Df IlliniCover[34076:3dd203] [com.apple.dt.xctest:Default] XCTPerformOnMainRunLoop[not MT]: about to CFRunLoopPerform
2026-08-12 15:48:36.742 Df IlliniCover[34076:3dd203] [com.apple.dt.xctest:Default] XCTPerformOnMainRunLoop[not MT]: waiting with 30.00s responsiveness timeout
2026-08-12 15:48:36.742 Df IlliniCover[34076:3dd1f8] [com.apple.dt.xctest:Default] XCTPerformOnMainRunLoop[MT]: inside CFRunLoopPerform
2026-08-12 15:48:36.742 Df IlliniCover[34076:3dd1f8] [com.apple.dt.xctest:Default] XCTPerformOnMainRunLoop[MT]: MT responded in time (won the race to the busy flag)
2026-08-12 15:48:36.742 Df IlliniCover[34076:3dd203] [com.apple.dt.xctest:Default] XCTPerformOnMainRunLoop[not MT]: waiting 60.00s for work to complete
2026-08-12 15:48:36.743 Df IlliniCover[34076:3dd1f8] [com.apple.dt.xctest:Default] Got main window <AXUIElementRef 0x1255b9230> {pid=34076} {uid=[ID:4 hash:0x10a210400]}
2026-08-12 15:48:36.743 Df IlliniCover[34076:3dd1f8] [com.apple.dt.xctest:Default] Capturing hierarchy with attributes XC_kAXXCAttributeElementType, XC_kAXXCAttributeElementBaseType, XC_kAXXCAttributeParent, XC_kAXXCAttributeIdentifier, XC_kAXXCAttributeAutomationType, XC_kAXXCAttributeTraits
2026-08-12 15:48:36.743 Df IlliniCover[34076:3dd1f8] [com.apple.dt.xctest:Default] Capturing hierarchy with parameters {
    attributes =     (
        5003,
        5004,
        5002,
        5019,
        5058,
        2004
    );
    maxArrayCount = 2147483647;
    maxChildren = 2147483647;
    maxDepth = 2147483647;
    snapshotKeyHonorModalViews = 0;
    traverseFromParentsToChildren = 1;
}
2026-08-12 15:48:36.743 Df IlliniCover[34076:3dd1f8] [com.apple.dt.xctest:Default] Snapshot attributes 5003, 5004, 5002, 5019, 5058, 2004
2026-08-12 15:48:36.832 Df IlliniCover[34076:3dd1f8] [com.apple.dt.xctest:Default] Got snapshot for <AXUIElementRef 0x1263201e0> {pid=34076} {uid=[ID:1 hash:0x0]}
2026-08-12 15:48:36.832 Df IlliniCover[34076:3dd1f8] [com.apple.dt.xctest:Default] Got app orientation 0
2026-08-12 15:48:36.832 Df IlliniCover[34076:3dd1f8] [com.apple.dt.xctest:Default] Captured accessibility snapshot data in 0.09s
2026-08-12 15:48:36.832 Df IlliniCover[34076:3dd203] [com.apple.dt.xctest:Default] Found main window: Window
2026-08-12 15:48:36.833 Df IlliniCover[34076:3dd203] [com.apple.dt.xctest:Default] Preferring automation type 48 instead of legacy element type OTHER derived from class/trait: UILabel:UILabel 8590000128
2026-08-12 15:48:36.834 Df IlliniCover[34076:3dd203] [com.apple.dt.xctest:Default] Preferring automation type 14 instead of legacy element type OTHER derived from class/trait: SwiftUI.AccessibilityNode:UIResponder 1108101562369
2026-08-12 15:48:36.834 E  IlliniCover[34076:3dd203] [com.apple.dt.xctest:Default] Automation type mismatch; legacy system derived element type 9 from class SwiftUI.AccessibilityNode:UIResponder, traits 1108101562369, but AXAutomationType returned 14 which maps to 14
2026-08-12 15:48:36.834 Df IlliniCover[34076:3dd203] [com.apple.dt.xctest:Default] StaticText is not actually a child of Button, including at this point anyway (rdar://problem/20738636)
2026-08-12 15:48:36.834 Df IlliniCover[34076:3dd203] [com.apple.dt.xctest:Default] Image, identifier: 'chevron.down' is not actually a child of Button, including at this point anyway (rdar://problem/20738636)
2026-08-12 15:48:36.834 Df IlliniCover[34076:3dd203] [com.apple.dt.xctest:Default] Button is not actually a child of Button, identifier: 'deal-timing-kind-picker', including at this point anyway (rdar://problem/20738636)
2026-08-12 15:48:36.834 Df IlliniCover[34076:3dd203] [com.apple.dt.xctest:Default] Preferring automation type 14 instead of legacy element type OTHER derived from class/trait: SwiftUI.AccessibilityNode:UIResponder 1108101562369
2026-08-12 15:48:36.834 E  IlliniCover[34076:3dd203] [com.apple.dt.xctest:Default] Automation type mismatch; legacy system derived element type 9 from class SwiftUI.AccessibilityNode:UIResponder, traits 1108101562369, but AXAutomationType returned 14 which maps to 14
2026-08-12 15:48:36.834 Df IlliniCover[34076:3dd203] [com.apple.dt.xctest:Default] StaticText is not actually a child of Button, including at this point anyway (rdar://problem/20738636)
2026-08-12 15:48:36.834 Df IlliniCover[34076:3dd203] [com.apple.dt.xctest:Default] Image, identifier: 'chevron.down' is not actually a child of Button, including at this point anyway (rdar://problem/20738636)
2026-08-12 15:48:36.834 Df IlliniCover[34076:3dd203] [com.apple.dt.xctest:Default] Button is not actually a child of Button, identifier: 'deal-serving-picker', including at this point anyway (rdar://problem/20738636)
2026-08-12 15:48:36.834 Df IlliniCover[34076:3dd203] [com.apple.dt.xctest:Default] Preferring automation type 75 instead of legacy element type OTHER derived from class/trait: _UIContextMenuCell:_UIContextMenuCell 146028888064
2026-08-12 15:48:36.834 Df IlliniCover[34076:3dd203] [com.apple.dt.xctest:Default] Preferring automation type 75 instead of legacy element type OTHER derived from class/trait: _UIContextMenuCell:_UIContextMenuCell 146028888064
2026-08-12 15:48:36.834 Df IlliniCover[34076:3dd203] [com.apple.dt.xctest:Default] Preferring automation type 75 instead of legacy element type OTHER derived from class/trait: _UIContextMenuCell:_UIContextMenuCell 146028888064
2026-08-12 15:48:36.834 Df IlliniCover[34076:3dd203] [com.apple.dt.xctest:Default] Preferring automation type 75 instead of legacy element type OTHER derived from class/trait: _UIContextMenuCell:_UIContextMenuCell 146028888064
2026-08-12 15:48:36.835 Df IlliniCover[34076:3dd203] [com.apple.dt.xctest:Default] Preferring automation type 75 instead of legacy element type OTHER derived from class/trait: _UIContextMenuCell:_UIContextMenuCell 146028888064
2026-08-12 15:48:36.835 Df IlliniCover[34076:3dd203] [com.apple.dt.xctest:Default] Preferring automation type 75 instead of legacy element type OTHER derived from class/trait: _UIContextMenuCell:_UIContextMenuCell 146028888064
2026-08-12 15:48:36.835 Df IlliniCover[34076:3dd203] [com.apple.dt.xctest:Default] App orientation is 0 (not portrait) and UITextEffectsWindow window Window is not main window
2026-08-12 15:48:36.835 Df IlliniCover[34076:3dd203] [com.apple.dt.xctest:Default] Leaving frame unchanged for Window: either already correct or we can't detect it.
2026-08-12 15:48:36.835 Df IlliniCover[34076:3dd203] [com.apple.dt.xctest:Default] Query  found matching snapshots: {(
    Application, pid: 34076
)} (error: (null))
2026-08-12 15:48:36.835 Df IlliniCover[34076:3dd203] [com.apple.dt.xctest:Default] Replying to query  with results: <XCTElementQueryResults: 0x1253c69d0> (error: (null))
2026-08-12 15:48:36.970 Df IlliniCover[34076:3dd203] [com.apple.dt.xctest:Default] Received request to fetch matches for query:
2026-08-12 15:48:36.970 Df IlliniCover[34076:3dd203] [com.apple.dt.xctest:Default] Evaluating query:
2026-08-12 15:48:36.970 Df IlliniCover[34076:3dd203] [com.apple.dt.xctest:Default] Getting root element snapshot
2026-08-12 15:48:36.970 Df IlliniCover[34076:3dd203] [com.apple.dt.xctest:Default] Getting snapshot for App element pid: 34076 for query
2026-08-12 15:48:36.970 Df IlliniCover[34076:3dd203] [com.apple.dt.xctest:Default] Query requires iOS snapshot attributes .
2026-08-12 15:48:36.970 Df IlliniCover[34076:3dd203] [com.apple.dt.xctest:Default] XCTPerformOnMainRunLoop[not MT]: about to CFRunLoopPerform
2026-08-12 15:48:36.970 Df IlliniCover[34076:3dd203] [com.apple.dt.xctest:Default] XCTPerformOnMainRunLoop[not MT]: waiting with 30.00s responsiveness timeout
2026-08-12 15:48:36.970 Df IlliniCover[34076:3dd1f8] [com.apple.dt.xctest:Default] XCTPerformOnMainRunLoop[MT]: inside CFRunLoopPerform
2026-08-12 15:48:36.970 Df IlliniCover[34076:3dd1f8] [com.apple.dt.xctest:Default] XCTPerformOnMainRunLoop[MT]: MT responded in time (won the race to the busy flag)
2026-08-12 15:48:36.971 Df IlliniCover[34076:3dd203] [com.apple.dt.xctest:Default] XCTPerformOnMainRunLoop[not MT]: waiting 60.00s for work to complete
2026-08-12 15:48:36.971 Df IlliniCover[34076:3dd1f8] [com.apple.dt.xctest:Default] Got main window <AXUIElementRef 0x12631a8e0> {pid=34076} {uid=[ID:4 hash:0x10a210400]}
2026-08-12 15:48:36.971 Df IlliniCover[34076:3dd1f8] [com.apple.dt.xctest:Default] Capturing hierarchy with attributes XC_kAXXCAttributeElementType, XC_kAXXCAttributeElementBaseType, XC_kAXXCAttributeParent, XC_kAXXCAttributeIdentifier, XC_kAXXCAttributeAutomationType, XC_kAXXCAttributeTraits
2026-08-12 15:48:36.971 Df IlliniCover[34076:3dd1f8] [com.apple.dt.xctest:Default] Capturing hierarchy with parameters {
    attributes =     (
        5003,
        5004,
        5002,
        5019,
        5058,
        2004
    );
    maxArrayCount = 2147483647;
    maxChildren = 2147483647;
    maxDepth = 2147483647;
    snapshotKeyHonorModalViews = 0;
    traverseFromParentsToChildren = 1;
}
2026-08-12 15:48:36.971 Df IlliniCover[34076:3dd1f8] [com.apple.dt.xctest:Default] Snapshot attributes 5003, 5004, 5002, 5019, 5058, 2004
2026-08-12 15:48:37.060 Df IlliniCover[34076:3dd1f8] [com.apple.dt.xctest:Default] Got snapshot for <AXUIElementRef 0x125ec5890> {pid=34076} {uid=[ID:1 hash:0x0]}
2026-08-12 15:48:37.061 Df IlliniCover[34076:3dd1f8] [com.apple.dt.xctest:Default] Got app orientation 0
2026-08-12 15:48:37.061 Df IlliniCover[34076:3dd1f8] [com.apple.dt.xctest:Default] Captured accessibility snapshot data in 0.09s
2026-08-12 15:48:37.061 Df IlliniCover[34076:3dd203] [com.apple.dt.xctest:Default] Found main window: Window
2026-08-12 15:48:37.061 Df IlliniCover[34076:3dd203] [com.apple.dt.xctest:Default] Preferring automation type 48 instead of legacy element type OTHER derived from class/trait: UILabel:UILabel 8590000128
2026-08-12 15:48:37.062 Df IlliniCover[34076:3dd203] [com.apple.dt.xctest:Default] Preferring automation type 14 instead of legacy element type OTHER derived from class/trait: SwiftUI.AccessibilityNode:UIResponder 1108101562369
2026-08-12 15:48:37.062 E  IlliniCover[34076:3dd203] [com.apple.dt.xctest:Default] Automation type mismatch; legacy system derived element type 9 from class SwiftUI.AccessibilityNode:UIResponder, traits 1108101562369, but AXAutomationType returned 14 which maps to 14
2026-08-12 15:48:37.062 Df IlliniCover[34076:3dd203] [com.apple.dt.xctest:Default] StaticText is not actually a child of Button, including at this point anyway (rdar://problem/20738636)
2026-08-12 15:48:37.062 Df IlliniCover[34076:3dd203] [com.apple.dt.xctest:Default] Image, identifier: 'chevron.down' is not actually a child of Button, including at this point anyway (rdar://problem/20738636)
2026-08-12 15:48:37.062 Df IlliniCover[34076:3dd203] [com.apple.dt.xctest:Default] Button is not actually a child of Button, identifier: 'deal-timing-kind-picker', including at this point anyway (rdar://problem/20738636)
2026-08-12 15:48:37.062 Df IlliniCover[34076:3dd203] [com.apple.dt.xctest:Default] Preferring automation type 14 instead of legacy element type OTHER derived from class/trait: SwiftUI.AccessibilityNode:UIResponder 1108101562369
2026-08-12 15:48:37.062 E  IlliniCover[34076:3dd203] [com.apple.dt.xctest:Default] Automation type mismatch; legacy system derived element type 9 from class SwiftUI.AccessibilityNode:UIResponder, traits 1108101562369, but AXAutomationType returned 14 which maps to 14
2026-08-12 15:48:37.062 Df IlliniCover[34076:3dd203] [com.apple.dt.xctest:Default] StaticText is not actually a child of Button, including at this point anyway (rdar://problem/20738636)
2026-08-12 15:48:37.062 Df IlliniCover[34076:3dd203] [com.apple.dt.xctest:Default] Image, identifier: 'chevron.down' is not actually a child of Button, including at this point anyway (rdar://problem/20738636)
2026-08-12 15:48:37.062 Df IlliniCover[34076:3dd203] [com.apple.dt.xctest:Default] Button is not actually a child of Button, identifier: 'deal-serving-picker', including at this point anyway (rdar://problem/20738636)
2026-08-12 15:48:37.062 Df IlliniCover[34076:3dd203] [com.apple.dt.xctest:Default] Preferring automation type 75 instead of legacy element type OTHER derived from class/trait: _UIContextMenuCell:_UIContextMenuCell 146028888064
2026-08-12 15:48:37.062 Df IlliniCover[34076:3dd203] [com.apple.dt.xctest:Default] Preferring automation type 75 instead of legacy element type OTHER derived from class/trait: _UIContextMenuCell:_UIContextMenuCell 146028888064
2026-08-12 15:48:37.062 Df IlliniCover[34076:3dd203] [com.apple.dt.xctest:Default] Preferring automation type 75 instead of legacy element type OTHER derived from class/trait: _UIContextMenuCell:_UIContextMenuCell 146028888064
2026-08-12 15:48:37.062 Df IlliniCover[34076:3dd203] [com.apple.dt.xctest:Default] Preferring automation type 75 instead of legacy element type OTHER derived from class/trait: _UIContextMenuCell:_UIContextMenuCell 146028888064
2026-08-12 15:48:37.062 Df IlliniCover[34076:3dd203] [com.apple.dt.xctest:Default] Preferring automation type 75 instead of legacy element type OTHER derived from class/trait: _UIContextMenuCell:_UIContextMenuCell 146028888064
2026-08-12 15:48:37.062 Df IlliniCover[34076:3dd203] [com.apple.dt.xctest:Default] Preferring automation type 75 instead of legacy element type OTHER derived from class/trait: _UIContextMenuCell:_UIContextMenuCell 146028888064
2026-08-12 15:48:37.063 Df IlliniCover[34076:3dd203] [com.apple.dt.xctest:Default] App orientation is 0 (not portrait) and UITextEffectsWindow window Window is not main window
2026-08-12 15:48:37.063 Df IlliniCover[34076:3dd203] [com.apple.dt.xctest:Default] Leaving frame unchanged for Window: either already correct or we can't detect it.
2026-08-12 15:48:37.063 Df IlliniCover[34076:3dd203] [com.apple.dt.xctest:Default] Query  found matching snapshots: {(
    Application, pid: 34076
)} (error: (null))
2026-08-12 15:48:37.063 Df IlliniCover[34076:3dd203] [com.apple.dt.xctest:Default] Replying to query  with results: <XCTElementQueryResults: 0x1253c7030> (error: (null))
2026-08-12 15:48:37.217 Df IlliniCover[34076:3dd203] [com.apple.dt.xctest:Default] Received request to fetch matches for query:
2026-08-12 15:48:37.217 Df IlliniCover[34076:3dd258] [com.apple.dt.xctest:Default] Evaluating query:
2026-08-12 15:48:37.217 Df IlliniCover[34076:3dd258] [com.apple.dt.xctest:Default] Getting root element snapshot
2026-08-12 15:48:37.217 Df IlliniCover[34076:3dd258] [com.apple.dt.xctest:Default] Getting snapshot for App element pid: 34076 for query
2026-08-12 15:48:37.217 Df IlliniCover[34076:3dd258] [com.apple.dt.xctest:Default] Query requires iOS snapshot attributes .
2026-08-12 15:48:37.217 Df IlliniCover[34076:3dd258] [com.apple.dt.xctest:Default] XCTPerformOnMainRunLoop[not MT]: about to CFRunLoopPerform
2026-08-12 15:48:37.217 Df IlliniCover[34076:3dd258] [com.apple.dt.xctest:Default] XCTPerformOnMainRunLoop[not MT]: waiting with 30.00s responsiveness timeout
2026-08-12 15:48:37.217 Df IlliniCover[34076:3dd1f8] [com.apple.dt.xctest:Default] XCTPerformOnMainRunLoop[MT]: inside CFRunLoopPerform
2026-08-12 15:48:37.217 Df IlliniCover[34076:3dd1f8] [com.apple.dt.xctest:Default] XCTPerformOnMainRunLoop[MT]: MT responded in time (won the race to the busy flag)
2026-08-12 15:48:37.217 Df IlliniCover[34076:3dd258] [com.apple.dt.xctest:Default] XCTPerformOnMainRunLoop[not MT]: waiting 60.00s for work to complete
2026-08-12 15:48:37.217 Df IlliniCover[34076:3dd1f8] [com.apple.dt.xctest:Default] Got main window <AXUIElementRef 0x1255c61c0> {pid=34076} {uid=[ID:4 hash:0x10a210400]}
2026-08-12 15:48:37.217 Df IlliniCover[34076:3dd1f8] [com.apple.dt.xctest:Default] Capturing hierarchy with attributes XC_kAXXCAttributeElementType, XC_kAXXCAttributeElementBaseType, XC_kAXXCAttributeParent, XC_kAXXCAttributeIdentifier, XC_kAXXCAttributeAutomationType, XC_kAXXCAttributeTraits
2026-08-12 15:48:37.218 Df IlliniCover[34076:3dd1f8] [com.apple.dt.xctest:Default] Capturing hierarchy with parameters {
    attributes =     (
        5003,
        5004,
        5002,
        5019,
        5058,
        2004
    );
    maxArrayCount = 2147483647;
    maxChildren = 2147483647;
    maxDepth = 2147483647;
    snapshotKeyHonorModalViews = 0;
    traverseFromParentsToChildren = 1;
}
2026-08-12 15:48:37.218 Df IlliniCover[34076:3dd1f8] [com.apple.dt.xctest:Default] Snapshot attributes 5003, 5004, 5002, 5019, 5058, 2004
2026-08-12 15:48:37.297 Df IlliniCover[34076:3dd1f8] [com.apple.dt.xctest:Default] Got snapshot for <AXUIElementRef 0x1261618f0> {pid=34076} {uid=[ID:1 hash:0x0]}
2026-08-12 15:48:37.297 Df IlliniCover[34076:3dd1f8] [com.apple.dt.xctest:Default] Got app orientation 0
2026-08-12 15:48:37.297 Df IlliniCover[34076:3dd1f8] [com.apple.dt.xctest:Default] Captured accessibility snapshot data in 0.08s
2026-08-12 15:48:37.297 Df IlliniCover[34076:3dd258] [com.apple.dt.xctest:Default] Found main window: Window
2026-08-12 15:48:37.297 Df IlliniCover[34076:3dd258] [com.apple.dt.xctest:Default] Preferring automation type 48 instead of legacy element type OTHER derived from class/trait: UILabel:UILabel 8590000128
2026-08-12 15:48:37.298 Df IlliniCover[34076:3dd258] [com.apple.dt.xctest:Default] Preferring automation type 14 instead of legacy element type OTHER derived from class/trait: SwiftUI.AccessibilityNode:UIResponder 1108101562369
2026-08-12 15:48:37.298 E  IlliniCover[34076:3dd258] [com.apple.dt.xctest:Default] Automation type mismatch; legacy system derived element type 9 from class SwiftUI.AccessibilityNode:UIResponder, traits 1108101562369, but AXAutomationType returned 14 which maps to 14
2026-08-12 15:48:37.298 Df IlliniCover[34076:3dd258] [com.apple.dt.xctest:Default] StaticText is not actually a child of Button, including at this point anyway (rdar://problem/20738636)
2026-08-12 15:48:37.298 Df IlliniCover[34076:3dd258] [com.apple.dt.xctest:Default] Image, identifier: 'chevron.down' is not actually a child of Button, including at this point anyway (rdar://problem/20738636)
2026-08-12 15:48:37.298 Df IlliniCover[34076:3dd258] [com.apple.dt.xctest:Default] Button is not actually a child of Button, identifier: 'deal-timing-kind-picker', including at this point anyway (rdar://problem/20738636)
2026-08-12 15:48:37.298 Df IlliniCover[34076:3dd258] [com.apple.dt.xctest:Default] Preferring automation type 14 instead of legacy element type OTHER derived from class/trait: SwiftUI.AccessibilityNode:UIResponder 1108101562369
2026-08-12 15:48:37.298 E  IlliniCover[34076:3dd258] [com.apple.dt.xctest:Default] Automation type mismatch; legacy system derived element type 9 from class SwiftUI.AccessibilityNode:UIResponder, traits 1108101562369, but AXAutomationType returned 14 which maps to 14
2026-08-12 15:48:37.298 Df IlliniCover[34076:3dd258] [com.apple.dt.xctest:Default] StaticText is not actually a child of Button, including at this point anyway (rdar://problem/20738636)
2026-08-12 15:48:37.298 Df IlliniCover[34076:3dd258] [com.apple.dt.xctest:Default] Image, identifier: 'chevron.down' is not actually a child of Button, including at this point anyway (rdar://problem/20738636)
2026-08-12 15:48:37.298 Df IlliniCover[34076:3dd258] [com.apple.dt.xctest:Default] Button is not actually a child of Button, identifier: 'deal-serving-picker', including at this point anyway (rdar://problem/20738636)
2026-08-12 15:48:37.298 Df IlliniCover[34076:3dd258] [com.apple.dt.xctest:Default] Preferring automation type 75 instead of legacy element type OTHER derived from class/trait: _UIContextMenuCell:_UIContextMenuCell 146028888064
2026-08-12 15:48:37.298 Df IlliniCover[34076:3dd258] [com.apple.dt.xctest:Default] Preferring automation type 75 instead of legacy element type OTHER derived from class/trait: _UIContextMenuCell:_UIContextMenuCell 146028888064
2026-08-12 15:48:37.298 Df IlliniCover[34076:3dd258] [com.apple.dt.xctest:Default] Preferring automation type 75 instead of legacy element type OTHER derived from class/trait: _UIContextMenuCell:_UIContextMenuCell 146028888064
2026-08-12 15:48:37.298 Df IlliniCover[34076:3dd258] [com.apple.dt.xctest:Default] Preferring automation type 75 instead of legacy element type OTHER derived from class/trait: _UIContextMenuCell:_UIContextMenuCell 146028888064
2026-08-12 15:48:37.298 Df IlliniCover[34076:3dd258] [com.apple.dt.xctest:Default] Preferring automation type 75 instead of legacy element type OTHER derived from class/trait: _UIContextMenuCell:_UIContextMenuCell 146028888064
2026-08-12 15:48:37.298 Df IlliniCover[34076:3dd258] [com.apple.dt.xctest:Default] Preferring automation type 75 instead of legacy element type OTHER derived from class/trait: _UIContextMenuCell:_UIContextMenuCell 146028888064
2026-08-12 15:48:37.299 Df IlliniCover[34076:3dd258] [com.apple.dt.xctest:Default] App orientation is 0 (not portrait) and UITextEffectsWindow window Window is not main window
2026-08-12 15:48:37.299 Df IlliniCover[34076:3dd258] [com.apple.dt.xctest:Default] Leaving frame unchanged for Window: either already correct or we can't detect it.
2026-08-12 15:48:37.299 Df IlliniCover[34076:3dd258] [com.apple.dt.xctest:Default] Query  found matching snapshots: {(
    Application, pid: 34076
)} (error: (null))
2026-08-12 15:48:37.299 Df IlliniCover[34076:3dd258] [com.apple.dt.xctest:Default] Replying to query  with results: <XCTElementQueryResults: 0x1253c5cb0> (error: (null))
2026-08-12 15:48:37.416 Df IlliniCover[34076:3dd258] [com.apple.dt.xctest:Default] Received request to fetch matches for query:
2026-08-12 15:48:37.416 Df IlliniCover[34076:3dd258] [com.apple.dt.xctest:Default] Evaluating query:
2026-08-12 15:48:37.416 Df IlliniCover[34076:3dd258] [com.apple.dt.xctest:Default] Getting root element snapshot
2026-08-12 15:48:37.416 Df IlliniCover[34076:3dd258] [com.apple.dt.xctest:Default] Getting snapshot for App element pid: 34076 for query
2026-08-12 15:48:37.416 Df IlliniCover[34076:3dd258] [com.apple.dt.xctest:Default] Query requires iOS snapshot attributes .
2026-08-12 15:48:37.416 Df IlliniCover[34076:3dd258] [com.apple.dt.xctest:Default] XCTPerformOnMainRunLoop[not MT]: about to CFRunLoopPerform
2026-08-12 15:48:37.416 Df IlliniCover[34076:3dd258] [com.apple.dt.xctest:Default] XCTPerformOnMainRunLoop[not MT]: waiting with 30.00s responsiveness timeout
2026-08-12 15:48:37.416 Df IlliniCover[34076:3dd1f8] [com.apple.dt.xctest:Default] XCTPerformOnMainRunLoop[MT]: inside CFRunLoopPerform
2026-08-12 15:48:37.416 Df IlliniCover[34076:3dd1f8] [com.apple.dt.xctest:Default] XCTPerformOnMainRunLoop[MT]: MT responded in time (won the race to the busy flag)
2026-08-12 15:48:37.416 Df IlliniCover[34076:3dd258] [com.apple.dt.xctest:Default] XCTPerformOnMainRunLoop[not MT]: waiting 60.00s for work to complete
2026-08-12 15:48:37.417 Df IlliniCover[34076:3dd1f8] [com.apple.dt.xctest:Default] Got main window <AXUIElementRef 0x126324930> {pid=34076} {uid=[ID:4 hash:0x10a210400]}
2026-08-12 15:48:37.417 Df IlliniCover[34076:3dd1f8] [com.apple.dt.xctest:Default] Capturing hierarchy with attributes XC_kAXXCAttributeElementType, XC_kAXXCAttributeElementBaseType, XC_kAXXCAttributeParent, XC_kAXXCAttributeIdentifier, XC_kAXXCAttributeAutomationType, XC_kAXXCAttributeTraits
2026-08-12 15:48:37.417 Df IlliniCover[34076:3dd1f8] [com.apple.dt.xctest:Default] Capturing hierarchy with parameters {
    attributes =     (
        5003,
        5004,
        5002,
        5019,
        5058,
        2004
    );
    maxArrayCount = 2147483647;
    maxChildren = 2147483647;
    maxDepth = 2147483647;
    snapshotKeyHonorModalViews = 0;
    traverseFromParentsToChildren = 1;
}
2026-08-12 15:48:37.417 Df IlliniCover[34076:3dd1f8] [com.apple.dt.xctest:Default] Snapshot attributes 5003, 5004, 5002, 5019, 5058, 2004
2026-08-12 15:48:37.498 Df IlliniCover[34076:3dd1f8] [com.apple.dt.xctest:Default] Got snapshot for <AXUIElementRef 0x1263239c0> {pid=34076} {uid=[ID:1 hash:0x0]}
2026-08-12 15:48:37.498 Df IlliniCover[34076:3dd1f8] [com.apple.dt.xctest:Default] Got app orientation 0
2026-08-12 15:48:37.498 Df IlliniCover[34076:3dd1f8] [com.apple.dt.xctest:Default] Captured accessibility snapshot data in 0.08s
2026-08-12 15:48:37.498 Df IlliniCover[34076:3dd258] [com.apple.dt.xctest:Default] Found main window: Window
2026-08-12 15:48:37.499 Df IlliniCover[34076:3dd258] [com.apple.dt.xctest:Default] Preferring automation type 48 instead of legacy element type OTHER derived from class/trait: UILabel:UILabel 8590000128
2026-08-12 15:48:37.500 Df IlliniCover[34076:3dd258] [com.apple.dt.xctest:Default] Preferring automation type 14 instead of legacy element type OTHER derived from class/trait: SwiftUI.AccessibilityNode:UIResponder 1108101562369
2026-08-12 15:48:37.500 E  IlliniCover[34076:3dd258] [com.apple.dt.xctest:Default] Automation type mismatch; legacy system derived element type 9 from class SwiftUI.AccessibilityNode:UIResponder, traits 1108101562369, but AXAutomationType returned 14 which maps to 14
2026-08-12 15:48:37.500 Df IlliniCover[34076:3dd258] [com.apple.dt.xctest:Default] StaticText is not actually a child of Button, including at this point anyway (rdar://problem/20738636)
2026-08-12 15:48:37.500 Df IlliniCover[34076:3dd258] [com.apple.dt.xctest:Default] Image, identifier: 'chevron.down' is not actually a child of Button, including at this point anyway (rdar://problem/20738636)
2026-08-12 15:48:37.500 Df IlliniCover[34076:3dd258] [com.apple.dt.xctest:Default] Button is not actually a child of Button, identifier: 'deal-timing-kind-picker', including at this point anyway (rdar://problem/20738636)
2026-08-12 15:48:37.500 Df IlliniCover[34076:3dd258] [com.apple.dt.xctest:Default] Preferring automation type 14 instead of legacy element type OTHER derived from class/trait: SwiftUI.AccessibilityNode:UIResponder 1108101562369
2026-08-12 15:48:37.500 E  IlliniCover[34076:3dd258] [com.apple.dt.xctest:Default] Automation type mismatch; legacy system derived element type 9 from class SwiftUI.AccessibilityNode:UIResponder, traits 1108101562369, but AXAutomationType returned 14 which maps to 14
2026-08-12 15:48:37.500 Df IlliniCover[34076:3dd258] [com.apple.dt.xctest:Default] StaticText is not actually a child of Button, including at this point anyway (rdar://problem/20738636)
2026-08-12 15:48:37.500 Df IlliniCover[34076:3dd258] [com.apple.dt.xctest:Default] Image, identifier: 'chevron.down' is not actually a child of Button, including at this point anyway (rdar://problem/20738636)
2026-08-12 15:48:37.500 Df IlliniCover[34076:3dd258] [com.apple.dt.xctest:Default] Button is not actually a child of Button, identifier: 'deal-serving-picker', including at this point anyway (rdar://problem/20738636)
2026-08-12 15:48:37.500 Df IlliniCover[34076:3dd258] [com.apple.dt.xctest:Default] Preferring automation type 75 instead of legacy element type OTHER derived from class/trait: _UIContextMenuCell:_UIContextMenuCell 146028888064
2026-08-12 15:48:37.500 Df IlliniCover[34076:3dd258] [com.apple.dt.xctest:Default] Preferring automation type 75 instead of legacy element type OTHER derived from class/trait: _UIContextMenuCell:_UIContextMenuCell 146028888064
2026-08-12 15:48:37.500 Df IlliniCover[34076:3dd258] [com.apple.dt.xctest:Default] Preferring automation type 75 instead of legacy element type OTHER derived from class/trait: _UIContextMenuCell:_UIContextMenuCell 146028888064
2026-08-12 15:48:37.500 Df IlliniCover[34076:3dd258] [com.apple.dt.xctest:Default] Preferring automation type 75 instead of legacy element type OTHER derived from class/trait: _UIContextMenuCell:_UIContextMenuCell 146028888064
2026-08-12 15:48:37.500 Df IlliniCover[34076:3dd258] [com.apple.dt.xctest:Default] Preferring automation type 75 instead of legacy element type OTHER derived from class/trait: _UIContextMenuCell:_UIContextMenuCell 146028888064
2026-08-12 15:48:37.500 Df IlliniCover[34076:3dd258] [com.apple.dt.xctest:Default] Preferring automation type 75 instead of legacy element type OTHER derived from class/trait: _UIContextMenuCell:_UIContextMenuCell 146028888064
2026-08-12 15:48:37.500 Df IlliniCover[34076:3dd258] [com.apple.dt.xctest:Default] App orientation is 0 (not portrait) and UITextEffectsWindow window Window is not main window
2026-08-12 15:48:37.500 Df IlliniCover[34076:3dd258] [com.apple.dt.xctest:Default] Leaving frame unchanged for Window: either already correct or we can't detect it.
2026-08-12 15:48:37.500 Df IlliniCover[34076:3dd258] [com.apple.dt.xctest:Default] Query  found matching snapshots: {(
    Application, pid: 34076
)} (error: (null))
2026-08-12 15:48:37.501 Df IlliniCover[34076:3dd258] [com.apple.dt.xctest:Default] Replying to query  with results: <XCTElementQueryResults: 0x1253c61c0> (error: (null))
2026-08-12 15:48:37.618 Df IlliniCover[34076:3dd258] [com.apple.dt.xctest:Default] Received request to fetch matches for query:
2026-08-12 15:48:37.618 Df IlliniCover[34076:3dd258] [com.apple.dt.xctest:Default] Evaluating query:
2026-08-12 15:48:37.618 Df IlliniCover[34076:3dd258] [com.apple.dt.xctest:Default] Getting root element snapshot
2026-08-12 15:48:37.618 Df IlliniCover[34076:3dd258] [com.apple.dt.xctest:Default] Getting snapshot for App element pid: 34076 for query
2026-08-12 15:48:37.618 Df IlliniCover[34076:3dd258] [com.apple.dt.xctest:Default] Query requires iOS snapshot attributes .
2026-08-12 15:48:37.618 Df IlliniCover[34076:3dd258] [com.apple.dt.xctest:Default] XCTPerformOnMainRunLoop[not MT]: about to CFRunLoopPerform
2026-08-12 15:48:37.618 Df IlliniCover[34076:3dd258] [com.apple.dt.xctest:Default] XCTPerformOnMainRunLoop[not MT]: waiting with 30.00s responsiveness timeout
2026-08-12 15:48:37.618 Df IlliniCover[34076:3dd1f8] [com.apple.dt.xctest:Default] XCTPerformOnMainRunLoop[MT]: inside CFRunLoopPerform
2026-08-12 15:48:37.618 Df IlliniCover[34076:3dd1f8] [com.apple.dt.xctest:Default] XCTPerformOnMainRunLoop[MT]: MT responded in time (won the race to the busy flag)
2026-08-12 15:48:37.618 Df IlliniCover[34076:3dd258] [com.apple.dt.xctest:Default] XCTPerformOnMainRunLoop[not MT]: waiting 60.00s for work to complete
2026-08-12 15:48:37.619 Df IlliniCover[34076:3dd1f8] [com.apple.dt.xctest:Default] Got main window <AXUIElementRef 0x1263288a0> {pid=34076} {uid=[ID:4 hash:0x10a210400]}
2026-08-12 15:48:37.619 Df IlliniCover[34076:3dd1f8] [com.apple.dt.xctest:Default] Capturing hierarchy with attributes XC_kAXXCAttributeElementType, XC_kAXXCAttributeElementBaseType, XC_kAXXCAttributeParent, XC_kAXXCAttributeIdentifier, XC_kAXXCAttributeAutomationType, XC_kAXXCAttributeTraits
2026-08-12 15:48:37.619 Df IlliniCover[34076:3dd1f8] [com.apple.dt.xctest:Default] Capturing hierarchy with parameters {
    attributes =     (
        5003,
        5004,
        5002,
        5019,
        5058,
        2004
    );
    maxArrayCount = 2147483647;
    maxChildren = 2147483647;
    maxDepth = 2147483647;
    snapshotKeyHonorModalViews = 0;
    traverseFromParentsToChildren = 1;
}
2026-08-12 15:48:37.619 Df IlliniCover[34076:3dd1f8] [com.apple.dt.xctest:Default] Snapshot attributes 5003, 5004, 5002, 5019, 5058, 2004
2026-08-12 15:48:37.699 Df IlliniCover[34076:3dd1f8] [com.apple.dt.xctest:Default] Got snapshot for <AXUIElementRef 0x12519a070> {pid=34076} {uid=[ID:1 hash:0x0]}
2026-08-12 15:48:37.699 Df IlliniCover[34076:3dd1f8] [com.apple.dt.xctest:Default] Got app orientation 0
2026-08-12 15:48:37.699 Df IlliniCover[34076:3dd1f8] [com.apple.dt.xctest:Default] Captured accessibility snapshot data in 0.08s
2026-08-12 15:48:37.700 Df IlliniCover[34076:3dd258] [com.apple.dt.xctest:Default] Found main window: Window
2026-08-12 15:48:37.700 Df IlliniCover[34076:3dd258] [com.apple.dt.xctest:Default] Preferring automation type 48 instead of legacy element type OTHER derived from class/trait: UILabel:UILabel 8590000128
2026-08-12 15:48:37.701 Df IlliniCover[34076:3dd258] [com.apple.dt.xctest:Default] Preferring automation type 14 instead of legacy element type OTHER derived from class/trait: SwiftUI.AccessibilityNode:UIResponder 1108101562369
2026-08-12 15:48:37.701 E  IlliniCover[34076:3dd258] [com.apple.dt.xctest:Default] Automation type mismatch; legacy system derived element type 9 from class SwiftUI.AccessibilityNode:UIResponder, traits 1108101562369, but AXAutomationType returned 14 which maps to 14
2026-08-12 15:48:37.701 Df IlliniCover[34076:3dd258] [com.apple.dt.xctest:Default] StaticText is not actually a child of Button, including at this point anyway (rdar://problem/20738636)
2026-08-12 15:48:37.701 Df IlliniCover[34076:3dd258] [com.apple.dt.xctest:Default] Image, identifier: 'chevron.down' is not actually a child of Button, including at this point anyway (rdar://problem/20738636)
2026-08-12 15:48:37.701 Df IlliniCover[34076:3dd258] [com.apple.dt.xctest:Default] Button is not actually a child of Button, identifier: 'deal-timing-kind-picker', including at this point anyway (rdar://problem/20738636)
2026-08-12 15:48:37.701 Df IlliniCover[34076:3dd258] [com.apple.dt.xctest:Default] Preferring automation type 14 instead of legacy element type OTHER derived from class/trait: SwiftUI.AccessibilityNode:UIResponder 1108101562369
2026-08-12 15:48:37.701 E  IlliniCover[34076:3dd258] [com.apple.dt.xctest:Default] Automation type mismatch; legacy system derived element type 9 from class SwiftUI.AccessibilityNode:UIResponder, traits 1108101562369, but AXAutomationType returned 14 which maps to 14
2026-08-12 15:48:37.701 Df IlliniCover[34076:3dd258] [com.apple.dt.xctest:Default] StaticText is not actually a child of Button, including at this point anyway (rdar://problem/20738636)
2026-08-12 15:48:37.701 Df IlliniCover[34076:3dd258] [com.apple.dt.xctest:Default] Image, identifier: 'chevron.down' is not actually a child of Button, including at this point anyway (rdar://problem/20738636)
2026-08-12 15:48:37.701 Df IlliniCover[34076:3dd258] [com.apple.dt.xctest:Default] Button is not actually a child of Button, identifier: 'deal-serving-picker', including at this point anyway (rdar://problem/20738636)
2026-08-12 15:48:37.701 Df IlliniCover[34076:3dd258] [com.apple.dt.xctest:Default] Preferring automation type 75 instead of legacy element type OTHER derived from class/trait: _UIContextMenuCell:_UIContextMenuCell 146028888064
2026-08-12 15:48:37.701 Df IlliniCover[34076:3dd258] [com.apple.dt.xctest:Default] Preferring automation type 75 instead of legacy element type OTHER derived from class/trait: _UIContextMenuCell:_UIContextMenuCell 146028888064
2026-08-12 15:48:37.701 Df IlliniCover[34076:3dd258] [com.apple.dt.xctest:Default] Preferring automation type 75 instead of legacy element type OTHER derived from class/trait: _UIContextMenuCell:_UIContextMenuCell 146028888064
2026-08-12 15:48:37.701 Df IlliniCover[34076:3dd258] [com.apple.dt.xctest:Default] Preferring automation type 75 instead of legacy element type OTHER derived from class/trait: _UIContextMenuCell:_UIContextMenuCell 146028888064
2026-08-12 15:48:37.701 Df IlliniCover[34076:3dd258] [com.apple.dt.xctest:Default] Preferring automation type 75 instead of legacy element type OTHER derived from class/trait: _UIContextMenuCell:_UIContextMenuCell 146028888064
2026-08-12 15:48:37.701 Df IlliniCover[34076:3dd258] [com.apple.dt.xctest:Default] Preferring automation type 75 instead of legacy element type OTHER derived from class/trait: _UIContextMenuCell:_UIContextMenuCell 146028888064
2026-08-12 15:48:37.701 Df IlliniCover[34076:3dd258] [com.apple.dt.xctest:Default] App orientation is 0 (not portrait) and UITextEffectsWindow window Window is not main window
2026-08-12 15:48:37.701 Df IlliniCover[34076:3dd258] [com.apple.dt.xctest:Default] Leaving frame unchanged for Window: either already correct or we can't detect it.
2026-08-12 15:48:37.701 Df IlliniCover[34076:3dd258] [com.apple.dt.xctest:Default] Query  found matching snapshots: {(
    Application, pid: 34076
)} (error: (null))
2026-08-12 15:48:37.702 Df IlliniCover[34076:3dd258] [com.apple.dt.xctest:Default] Replying to query  with results: <XCTElementQueryResults: 0x1253c64f0> (error: (null))
2026-08-12 15:48:37.813 Df IlliniCover[34076:3dd258] [com.apple.dt.xctest:Default] Received request to fetch matches for query:
2026-08-12 15:48:37.813 Df IlliniCover[34076:3dd203] [com.apple.dt.xctest:Default] Evaluating query:
2026-08-12 15:48:37.813 Df IlliniCover[34076:3dd203] [com.apple.dt.xctest:Default] Getting root element snapshot
2026-08-12 15:48:37.813 Df IlliniCover[34076:3dd203] [com.apple.dt.xctest:Default] Getting snapshot for App element pid: 34076 for query
2026-08-12 15:48:37.813 Df IlliniCover[34076:3dd203] [com.apple.dt.xctest:Default] Query requires iOS snapshot attributes .
2026-08-12 15:48:37.813 Df IlliniCover[34076:3dd203] [com.apple.dt.xctest:Default] XCTPerformOnMainRunLoop[not MT]: about to CFRunLoopPerform
2026-08-12 15:48:37.813 Df IlliniCover[34076:3dd203] [com.apple.dt.xctest:Default] XCTPerformOnMainRunLoop[not MT]: waiting with 30.00s responsiveness timeout
2026-08-12 15:48:37.813 Df IlliniCover[34076:3dd1f8] [com.apple.dt.xctest:Default] XCTPerformOnMainRunLoop[MT]: inside CFRunLoopPerform
2026-08-12 15:48:37.813 Df IlliniCover[34076:3dd1f8] [com.apple.dt.xctest:Default] XCTPerformOnMainRunLoop[MT]: MT responded in time (won the race to the busy flag)
2026-08-12 15:48:37.813 Df IlliniCover[34076:3dd203] [com.apple.dt.xctest:Default] XCTPerformOnMainRunLoop[not MT]: waiting 60.00s for work to complete
2026-08-12 15:48:37.813 Df IlliniCover[34076:3dd1f8] [com.apple.dt.xctest:Default] Got main window <AXUIElementRef 0x1255c6220> {pid=34076} {uid=[ID:4 hash:0x10a210400]}
2026-08-12 15:48:37.813 Df IlliniCover[34076:3dd1f8] [com.apple.dt.xctest:Default] Capturing hierarchy with attributes XC_kAXXCAttributeElementType, XC_kAXXCAttributeElementBaseType, XC_kAXXCAttributeParent, XC_kAXXCAttributeIdentifier, XC_kAXXCAttributeAutomationType, XC_kAXXCAttributeTraits
2026-08-12 15:48:37.814 Df IlliniCover[34076:3dd1f8] [com.apple.dt.xctest:Default] Capturing hierarchy with parameters {
    attributes =     (
        5003,
        5004,
        5002,
        5019,
        5058,
        2004
    );
    maxArrayCount = 2147483647;
    maxChildren = 2147483647;
    maxDepth = 2147483647;
    snapshotKeyHonorModalViews = 0;
    traverseFromParentsToChildren = 1;
}
2026-08-12 15:48:37.814 Df IlliniCover[34076:3dd1f8] [com.apple.dt.xctest:Default] Snapshot attributes 5003, 5004, 5002, 5019, 5058, 2004
2026-08-12 15:48:37.892 Df IlliniCover[34076:3dd1f8] [com.apple.dt.xctest:Default] Got snapshot for <AXUIElementRef 0x126346250> {pid=34076} {uid=[ID:1 hash:0x0]}
2026-08-12 15:48:37.892 Df IlliniCover[34076:3dd1f8] [com.apple.dt.xctest:Default] Got app orientation 0
2026-08-12 15:48:37.892 Df IlliniCover[34076:3dd1f8] [com.apple.dt.xctest:Default] Captured accessibility snapshot data in 0.08s
2026-08-12 15:48:37.892 Df IlliniCover[34076:3dd203] [com.apple.dt.xctest:Default] Found main window: Window
2026-08-12 15:48:37.892 Df IlliniCover[34076:3dd203] [com.apple.dt.xctest:Default] Preferring automation type 48 instead of legacy element type OTHER derived from class/trait: UILabel:UILabel 8590000128
2026-08-12 15:48:37.893 Df IlliniCover[34076:3dd203] [com.apple.dt.xctest:Default] Preferring automation type 14 instead of legacy element type OTHER derived from class/trait: SwiftUI.AccessibilityNode:UIResponder 1108101562369
2026-08-12 15:48:37.893 E  IlliniCover[34076:3dd203] [com.apple.dt.xctest:Default] Automation type mismatch; legacy system derived element type 9 from class SwiftUI.AccessibilityNode:UIResponder, traits 1108101562369, but AXAutomationType returned 14 which maps to 14
2026-08-12 15:48:37.893 Df IlliniCover[34076:3dd203] [com.apple.dt.xctest:Default] StaticText is not actually a child of Button, including at this point anyway (rdar://problem/20738636)
2026-08-12 15:48:37.893 Df IlliniCover[34076:3dd203] [com.apple.dt.xctest:Default] Image, identifier: 'chevron.down' is not actually a child of Button, including at this point anyway (rdar://problem/20738636)
2026-08-12 15:48:37.893 Df IlliniCover[34076:3dd203] [com.apple.dt.xctest:Default] Button is not actually a child of Button, identifier: 'deal-timing-kind-picker', including at this point anyway (rdar://problem/20738636)
2026-08-12 15:48:37.893 Df IlliniCover[34076:3dd203] [com.apple.dt.xctest:Default] Preferring automation type 14 instead of legacy element type OTHER derived from class/trait: SwiftUI.AccessibilityNode:UIResponder 1108101562369
2026-08-12 15:48:37.893 E  IlliniCover[34076:3dd203] [com.apple.dt.xctest:Default] Automation type mismatch; legacy system derived element type 9 from class SwiftUI.AccessibilityNode:UIResponder, traits 1108101562369, but AXAutomationType returned 14 which maps to 14
2026-08-12 15:48:37.893 Df IlliniCover[34076:3dd203] [com.apple.dt.xctest:Default] StaticText is not actually a child of Button, including at this point anyway (rdar://problem/20738636)
2026-08-12 15:48:37.893 Df IlliniCover[34076:3dd203] [com.apple.dt.xctest:Default] Image, identifier: 'chevron.down' is not actually a child of Button, including at this point anyway (rdar://problem/20738636)
2026-08-12 15:48:37.893 Df IlliniCover[34076:3dd203] [com.apple.dt.xctest:Default] Button is not actually a child of Button, identifier: 'deal-serving-picker', including at this point anyway (rdar://problem/20738636)
2026-08-12 15:48:37.893 Df IlliniCover[34076:3dd203] [com.apple.dt.xctest:Default] Preferring automation type 75 instead of legacy element type OTHER derived from class/trait: _UIContextMenuCell:_UIContextMenuCell 146028888064
2026-08-12 15:48:37.893 Df IlliniCover[34076:3dd203] [com.apple.dt.xctest:Default] Preferring automation type 75 instead of legacy element type OTHER derived from class/trait: _UIContextMenuCell:_UIContextMenuCell 146028888064
2026-08-12 15:48:37.893 Df IlliniCover[34076:3dd203] [com.apple.dt.xctest:Default] Preferring automation type 75 instead of legacy element type OTHER derived from class/trait: _UIContextMenuCell:_UIContextMenuCell 146028888064
2026-08-12 15:48:37.893 Df IlliniCover[34076:3dd203] [com.apple.dt.xctest:Default] Preferring automation type 75 instead of legacy element type OTHER derived from class/trait: _UIContextMenuCell:_UIContextMenuCell 146028888064
2026-08-12 15:48:37.893 Df IlliniCover[34076:3dd203] [com.apple.dt.xctest:Default] Preferring automation type 75 instead of legacy element type OTHER derived from class/trait: _UIContextMenuCell:_UIContextMenuCell 146028888064
2026-08-12 15:48:37.893 Df IlliniCover[34076:3dd203] [com.apple.dt.xctest:Default] Preferring automation type 75 instead of legacy element type OTHER derived from class/trait: _UIContextMenuCell:_UIContextMenuCell 146028888064
2026-08-12 15:48:37.893 Df IlliniCover[34076:3dd203] [com.apple.dt.xctest:Default] App orientation is 0 (not portrait) and UITextEffectsWindow window Window is not main window
2026-08-12 15:48:37.893 Df IlliniCover[34076:3dd203] [com.apple.dt.xctest:Default] Leaving frame unchanged for Window: either already correct or we can't detect it.
2026-08-12 15:48:37.894 Df IlliniCover[34076:3dd203] [com.apple.dt.xctest:Default] Query  found matching snapshots: {(
    Application, pid: 34076
)} (error: (null))
2026-08-12 15:48:37.894 Df IlliniCover[34076:3dd203] [com.apple.dt.xctest:Default] Replying to query  with results: <XCTElementQueryResults: 0x1253c7090> (error: (null))
2026-08-12 15:48:38.004 Df IlliniCover[34076:3dd203] [com.apple.dt.xctest:Default] Received request to fetch matches for query:
2026-08-12 15:48:38.004 Df IlliniCover[34076:3dd258] [com.apple.dt.xctest:Default] Evaluating query:
2026-08-12 15:48:38.004 Df IlliniCover[34076:3dd258] [com.apple.dt.xctest:Default] Getting root element snapshot
2026-08-12 15:48:38.004 Df IlliniCover[34076:3dd258] [com.apple.dt.xctest:Default] Getting snapshot for App element pid: 34076 for query
2026-08-12 15:48:38.004 Df IlliniCover[34076:3dd258] [com.apple.dt.xctest:Default] Query requires iOS snapshot attributes .
2026-08-12 15:48:38.004 Df IlliniCover[34076:3dd258] [com.apple.dt.xctest:Default] XCTPerformOnMainRunLoop[not MT]: about to CFRunLoopPerform
2026-08-12 15:48:38.004 Df IlliniCover[34076:3dd258] [com.apple.dt.xctest:Default] XCTPerformOnMainRunLoop[not MT]: waiting with 30.00s responsiveness timeout
2026-08-12 15:48:38.004 Df IlliniCover[34076:3dd1f8] [com.apple.dt.xctest:Default] XCTPerformOnMainRunLoop[MT]: inside CFRunLoopPerform
2026-08-12 15:48:38.004 Df IlliniCover[34076:3dd1f8] [com.apple.dt.xctest:Default] XCTPerformOnMainRunLoop[MT]: MT responded in time (won the race to the busy flag)
2026-08-12 15:48:38.004 Df IlliniCover[34076:3dd258] [com.apple.dt.xctest:Default] XCTPerformOnMainRunLoop[not MT]: waiting 60.00s for work to complete
2026-08-12 15:48:38.004 Df IlliniCover[34076:3dd1f8] [com.apple.dt.xctest:Default] Got main window <AXUIElementRef 0x126394e70> {pid=34076} {uid=[ID:4 hash:0x10a210400]}
2026-08-12 15:48:38.004 Df IlliniCover[34076:3dd1f8] [com.apple.dt.xctest:Default] Capturing hierarchy with attributes XC_kAXXCAttributeElementType, XC_kAXXCAttributeElementBaseType, XC_kAXXCAttributeParent, XC_kAXXCAttributeIdentifier, XC_kAXXCAttributeAutomationType, XC_kAXXCAttributeTraits
2026-08-12 15:48:38.004 Df IlliniCover[34076:3dd1f8] [com.apple.dt.xctest:Default] Capturing hierarchy with parameters {
    attributes =     (
        5003,
        5004,
        5002,
        5019,
        5058,
        2004
    );
    maxArrayCount = 2147483647;
    maxChildren = 2147483647;
    maxDepth = 2147483647;
    snapshotKeyHonorModalViews = 0;
    traverseFromParentsToChildren = 1;
}
2026-08-12 15:48:38.004 Df IlliniCover[34076:3dd1f8] [com.apple.dt.xctest:Default] Snapshot attributes 5003, 5004, 5002, 5019, 5058, 2004
2026-08-12 15:48:38.082 Df IlliniCover[34076:3dd1f8] [com.apple.dt.xctest:Default] Got snapshot for <AXUIElementRef 0x1255dbcf0> {pid=34076} {uid=[ID:1 hash:0x0]}
2026-08-12 15:48:38.082 Df IlliniCover[34076:3dd1f8] [com.apple.dt.xctest:Default] Got app orientation 0
2026-08-12 15:48:38.082 Df IlliniCover[34076:3dd1f8] [com.apple.dt.xctest:Default] Captured accessibility snapshot data in 0.08s
2026-08-12 15:48:38.082 Df IlliniCover[34076:3dd258] [com.apple.dt.xctest:Default] Found main window: Window
2026-08-12 15:48:38.082 Df IlliniCover[34076:3dd258] [com.apple.dt.xctest:Default] Preferring automation type 48 instead of legacy element type OTHER derived from class/trait: UILabel:UILabel 8590000128
2026-08-12 15:48:38.083 Df IlliniCover[34076:3dd258] [com.apple.dt.xctest:Default] Preferring automation type 14 instead of legacy element type OTHER derived from class/trait: SwiftUI.AccessibilityNode:UIResponder 1108101562369
2026-08-12 15:48:38.083 E  IlliniCover[34076:3dd258] [com.apple.dt.xctest:Default] Automation type mismatch; legacy system derived element type 9 from class SwiftUI.AccessibilityNode:UIResponder, traits 1108101562369, but AXAutomationType returned 14 which maps to 14
2026-08-12 15:48:38.083 Df IlliniCover[34076:3dd258] [com.apple.dt.xctest:Default] StaticText is not actually a child of Button, including at this point anyway (rdar://problem/20738636)
2026-08-12 15:48:38.083 Df IlliniCover[34076:3dd258] [com.apple.dt.xctest:Default] Image, identifier: 'chevron.down' is not actually a child of Button, including at this point anyway (rdar://problem/20738636)
2026-08-12 15:48:38.083 Df IlliniCover[34076:3dd258] [com.apple.dt.xctest:Default] Button is not actually a child of Button, identifier: 'deal-timing-kind-picker', including at this point anyway (rdar://problem/20738636)
2026-08-12 15:48:38.083 Df IlliniCover[34076:3dd258] [com.apple.dt.xctest:Default] Preferring automation type 14 instead of legacy element type OTHER derived from class/trait: SwiftUI.AccessibilityNode:UIResponder 1108101562369
2026-08-12 15:48:38.083 E  IlliniCover[34076:3dd258] [com.apple.dt.xctest:Default] Automation type mismatch; legacy system derived element type 9 from class SwiftUI.AccessibilityNode:UIResponder, traits 1108101562369, but AXAutomationType returned 14 which maps to 14
2026-08-12 15:48:38.083 Df IlliniCover[34076:3dd258] [com.apple.dt.xctest:Default] StaticText is not actually a child of Button, including at this point anyway (rdar://problem/20738636)
2026-08-12 15:48:38.083 Df IlliniCover[34076:3dd258] [com.apple.dt.xctest:Default] Image, identifier: 'chevron.down' is not actually a child of Button, including at this point anyway (rdar://problem/20738636)
2026-08-12 15:48:38.083 Df IlliniCover[34076:3dd258] [com.apple.dt.xctest:Default] Button is not actually a child of Button, identifier: 'deal-serving-picker', including at this point anyway (rdar://problem/20738636)
2026-08-12 15:48:38.083 Df IlliniCover[34076:3dd258] [com.apple.dt.xctest:Default] Preferring automation type 75 instead of legacy element type OTHER derived from class/trait: _UIContextMenuCell:_UIContextMenuCell 146028888064
2026-08-12 15:48:38.083 Df IlliniCover[34076:3dd258] [com.apple.dt.xctest:Default] Preferring automation type 75 instead of legacy element type OTHER derived from class/trait: _UIContextMenuCell:_UIContextMenuCell 146028888064
2026-08-12 15:48:38.083 Df IlliniCover[34076:3dd258] [com.apple.dt.xctest:Default] Preferring automation type 75 instead of legacy element type OTHER derived from class/trait: _UIContextMenuCell:_UIContextMenuCell 146028888064
2026-08-12 15:48:38.083 Df IlliniCover[34076:3dd258] [com.apple.dt.xctest:Default] Preferring automation type 75 instead of legacy element type OTHER derived from class/trait: _UIContextMenuCell:_UIContextMenuCell 146028888064
2026-08-12 15:48:38.083 Df IlliniCover[34076:3dd258] [com.apple.dt.xctest:Default] Preferring automation type 75 instead of legacy element type OTHER derived from class/trait: _UIContextMenuCell:_UIContextMenuCell 146028888064
2026-08-12 15:48:38.083 Df IlliniCover[34076:3dd258] [com.apple.dt.xctest:Default] Preferring automation type 75 instead of legacy element type OTHER derived from class/trait: _UIContextMenuCell:_UIContextMenuCell 146028888064
2026-08-12 15:48:38.083 Df IlliniCover[34076:3dd258] [com.apple.dt.xctest:Default] App orientation is 0 (not portrait) and UITextEffectsWindow window Window is not main window
2026-08-12 15:48:38.083 Df IlliniCover[34076:3dd258] [com.apple.dt.xctest:Default] Leaving frame unchanged for Window: either already correct or we can't detect it.
2026-08-12 15:48:38.084 Df IlliniCover[34076:3dd258] [com.apple.dt.xctest:Default] Query  found matching snapshots: {(
    Application, pid: 34076
)} (error: (null))
2026-08-12 15:48:38.084 Df IlliniCover[34076:3dd258] [com.apple.dt.xctest:Default] Replying to query  with results: <XCTElementQueryResults: 0x1253c6670> (error: (null))
2026-08-12 15:48:38.871 Df IlliniCover[34076:3dd205] [com.apple.xpc:connection] [0x10a170600] invalidated because the client process (pid 34042) either cancelled the connection or exited
2026-08-12 15:48:38.871 Df IlliniCover[34076:3dd205] [com.apple.dt.xctest:Default] Connection from client with pid 34042 was invalidated.
2026-08-12 15:48:38.874 Df IlliniCover[34076:3dd203] [com.apple.dt.automationmode:Default] Handling posted change notification (com.apple.dt.automationmode.state-changed)
2026-08-12 15:48:38.874 Df IlliniCover[34076:3dd203] [com.apple.dt.automationmode:Default] XAM shared observer connecting to com.apple.dt.automationmode.reader
2026-08-12 15:48:38.874 Df IlliniCover[34076:3dd203] [com.apple.xpc:connection] [0x125c19cc0] activating connection: mach=true listener=false peer=false name=com.apple.dt.automationmode.reader
2026-08-12 15:48:38.879 Df IlliniCover[34076:3dd203] [com.apple.xpc:connection] [0x125c19cc0] invalidated because the current process cancelled the connection by calling xpc_connection_cancel()
2026-08-12 15:48:38.879 Df IlliniCover[34076:3dd203] [com.apple.dt.automationmode:Default] Comparing previous enabled state (1) to current enabled state (0)
2026-08-12 15:48:38.879 Df IlliniCover[34076:3dd1ff] [com.apple.dt.xctest:Default] Automation Mode has been disabled, existing connections will be invalidated.
2026-08-12 15:48:39.724 Df IlliniCover[34076:3dd1ff] [com.apple.launchservices:db] NotifyToken::RegisterDispatch(com.apple.LaunchServices.database) fired for session key LSSessionKey(system: 0 uid: 501)
2026-08-12 15:48:46.049 Df IlliniCover[34076:3dd1ff] [com.apple.dt.automationmode:Default] Handling posted change notification (com.apple.dt.automationmode.state-changed)
2026-08-12 15:48:46.049 Df IlliniCover[34076:3dd1ff] [com.apple.dt.automationmode:Default] XAM shared observer connecting to com.apple.dt.automationmode.reader
2026-08-12 15:48:46.049 Df IlliniCover[34076:3dd1ff] [com.apple.xpc:connection] [0x125c19cc0] activating connection: mach=true listener=false peer=false name=com.apple.dt.automationmode.reader
2026-08-12 15:48:46.061 Df IlliniCover[34076:3dd1ff] [com.apple.xpc:connection] [0x125c19cc0] invalidated because the current process cancelled the connection by calling xpc_connection_cancel()
2026-08-12 15:48:46.061 Df IlliniCover[34076:3dd1ff] [com.apple.dt.automationmode:Default] Comparing previous enabled state (0) to current enabled state (1)
2026-08-12 15:48:46.995 Df IlliniCover[34076:3dd203] [com.apple.dt.xctest:Default] Received request for endpoint.
2026-08-12 15:48:46.995 Df IlliniCover[34076:3dd203] [com.apple.dt.xctest:Default] Sending anonymous endpoint.
2026-08-12 15:48:46.995 Df IlliniCover[34076:3dd203] [com.apple.xpc:connection] [0x10a1e1680] Connection returned listener port: 0x5a1b
2026-08-12 15:48:46.997 Df IlliniCover[34076:3dd203] [com.apple.dt.xctest:Default] Received client to target connection.
2026-08-12 15:48:46.997 Df IlliniCover[34076:3dd203] [com.apple.dt.automationmode:Default] Returning 1 for enabled state
2026-08-12 15:48:46.997 Df IlliniCover[34076:3dd203] [com.apple.xpc:connection] [0x125733000] activating connection: mach=false listener=false peer=true name=com.apple.xpc.anonymous.0x10a1e1680.peer[34182].0x125733000
2026-08-12 15:48:46.997 Df IlliniCover[34076:3dd203] [com.apple.dt.xctest:Default] Received request to exchange capabilities, remote interface capabilities are: <XCTCapabilities: 0x1267a5ff0>: {
    "query runtime issue reporting" = 1;
    "query runtime issue reporting/automation type mismatch" = 1;
}
2026-08-12 15:48:46.998 Df IlliniCover[34076:3dd203] [com.apple.dt.xctest:Default] Received request to fetch matches for query:
2026-08-12 15:48:46.998 Df IlliniCover[34076:3dd1ff] [com.apple.dt.xctest:Default] Evaluating query:
2026-08-12 15:48:46.998 Df IlliniCover[34076:3dd1ff] [com.apple.dt.xctest:Default] Getting root element snapshot
2026-08-12 15:48:46.998 Df IlliniCover[34076:3dd1ff] [com.apple.dt.xctest:Default] Getting snapshot for App element pid: 34076 for query
2026-08-12 15:48:46.998 Df IlliniCover[34076:3dd1ff] [com.apple.dt.xctest:Default] Query requires iOS snapshot attributes .
2026-08-12 15:48:46.998 Df IlliniCover[34076:3dd1ff] [com.apple.dt.xctest:Default] XCTPerformOnMainRunLoop[not MT]: about to CFRunLoopPerform
2026-08-12 15:48:46.998 Df IlliniCover[34076:3dd1ff] [com.apple.dt.xctest:Default] XCTPerformOnMainRunLoop[not MT]: waiting with 30.00s responsiveness timeout
2026-08-12 15:48:46.999 Df IlliniCover[34076:3dd1f8] [com.apple.dt.xctest:Default] XCTPerformOnMainRunLoop[MT]: inside CFRunLoopPerform
2026-08-12 15:48:46.999 Df IlliniCover[34076:3dd1f8] [com.apple.dt.xctest:Default] XCTPerformOnMainRunLoop[MT]: MT responded in time (won the race to the busy flag)
2026-08-12 15:48:46.999 Df IlliniCover[34076:3dd1ff] [com.apple.dt.xctest:Default] XCTPerformOnMainRunLoop[not MT]: waiting 60.00s for work to complete
2026-08-12 15:48:46.999 Df IlliniCover[34076:3dd1f8] [com.apple.dt.xctest:Default] Got main window <AXUIElementRef 0x126347a50> {pid=34076} {uid=[ID:4 hash:0x10a210400]}
2026-08-12 15:48:46.999 Df IlliniCover[34076:3dd1f8] [com.apple.dt.xctest:Default] Capturing hierarchy with attributes XC_kAXXCAttributeElementType, XC_kAXXCAttributeElementBaseType, XC_kAXXCAttributeParent, XC_kAXXCAttributeIdentifier, XC_kAXXCAttributeAutomationType, XC_kAXXCAttributeTraits
2026-08-12 15:48:46.999 Df IlliniCover[34076:3dd1f8] [com.apple.dt.xctest:Default] Capturing hierarchy with parameters {
    attributes =     (
        5003,
        5004,
        5002,
        5019,
        5058,
        2004
    );
    maxArrayCount = 2147483647;
    maxChildren = 2147483647;
    maxDepth = 2147483647;
    snapshotKeyHonorModalViews = 0;
    traverseFromParentsToChildren = 1;
}
2026-08-12 15:48:46.999 Df IlliniCover[34076:3dd1f8] [com.apple.dt.xctest:Default] Snapshot attributes 5003, 5004, 5002, 5019, 5058, 2004
2026-08-12 15:48:47.083 Df IlliniCover[34076:3dd1f8] [com.apple.dt.xctest:Default] Got snapshot for <AXUIElementRef 0x12632b210> {pid=34076} {uid=[ID:1 hash:0x0]}
2026-08-12 15:48:47.083 Df IlliniCover[34076:3dd1f8] [com.apple.dt.xctest:Default] Got app orientation 0
2026-08-12 15:48:47.083 Df IlliniCover[34076:3dd1f8] [com.apple.dt.xctest:Default] Captured accessibility snapshot data in 0.08s
2026-08-12 15:48:47.083 Df IlliniCover[34076:3dd1ff] [com.apple.dt.xctest:Default] Found main window: Window
2026-08-12 15:48:47.084 Df IlliniCover[34076:3dd1ff] [com.apple.dt.xctest:Default] Preferring automation type 48 instead of legacy element type OTHER derived from class/trait: UILabel:UILabel 8590000128
2026-08-12 15:48:47.085 Df IlliniCover[34076:3dd1ff] [com.apple.dt.xctest:Default] Preferring automation type 14 instead of legacy element type OTHER derived from class/trait: SwiftUI.AccessibilityNode:UIResponder 1108101562369
2026-08-12 15:48:47.085 E  IlliniCover[34076:3dd1ff] [com.apple.dt.xctest:Default] Automation type mismatch; legacy system derived element type 9 from class SwiftUI.AccessibilityNode:UIResponder, traits 1108101562369, but AXAutomationType returned 14 which maps to 14
2026-08-12 15:48:47.085 Df IlliniCover[34076:3dd1ff] [com.apple.dt.xctest:Default] StaticText is not actually a child of Button, including at this point anyway (rdar://problem/20738636)
2026-08-12 15:48:47.085 Df IlliniCover[34076:3dd1ff] [com.apple.dt.xctest:Default] Image, identifier: 'chevron.down' is not actually a child of Button, including at this point anyway (rdar://problem/20738636)
2026-08-12 15:48:47.085 Df IlliniCover[34076:3dd1ff] [com.apple.dt.xctest:Default] Button is not actually a child of Button, identifier: 'deal-timing-kind-picker', including at this point anyway (rdar://problem/20738636)
2026-08-12 15:48:47.085 Df IlliniCover[34076:3dd1ff] [com.apple.dt.xctest:Default] Preferring automation type 14 instead of legacy element type OTHER derived from class/trait: SwiftUI.AccessibilityNode:UIResponder 1108101562369
2026-08-12 15:48:47.085 E  IlliniCover[34076:3dd1ff] [com.apple.dt.xctest:Default] Automation type mismatch; legacy system derived element type 9 from class SwiftUI.AccessibilityNode:UIResponder, traits 1108101562369, but AXAutomationType returned 14 which maps to 14
2026-08-12 15:48:47.085 Df IlliniCover[34076:3dd1ff] [com.apple.dt.xctest:Default] StaticText is not actually a child of Button, including at this point anyway (rdar://problem/20738636)
2026-08-12 15:48:47.085 Df IlliniCover[34076:3dd1ff] [com.apple.dt.xctest:Default] Image, identifier: 'chevron.down' is not actually a child of Button, including at this point anyway (rdar://problem/20738636)
2026-08-12 15:48:47.085 Df IlliniCover[34076:3dd1ff] [com.apple.dt.xctest:Default] Button is not actually a child of Button, identifier: 'deal-serving-picker', including at this point anyway (rdar://problem/20738636)
2026-08-12 15:48:47.085 Df IlliniCover[34076:3dd1ff] [com.apple.dt.xctest:Default] Preferring automation type 75 instead of legacy element type OTHER derived from class/trait: _UIContextMenuCell:_UIContextMenuCell 146028888064
2026-08-12 15:48:47.085 Df IlliniCover[34076:3dd1ff] [com.apple.dt.xctest:Default] Preferring automation type 75 instead of legacy element type OTHER derived from class/trait: _UIContextMenuCell:_UIContextMenuCell 146028888064
2026-08-12 15:48:47.085 Df IlliniCover[34076:3dd1ff] [com.apple.dt.xctest:Default] Preferring automation type 75 instead of legacy element type OTHER derived from class/trait: _UIContextMenuCell:_UIContextMenuCell 146028888064
2026-08-12 15:48:47.085 Df IlliniCover[34076:3dd1ff] [com.apple.dt.xctest:Default] Preferring automation type 75 instead of legacy element type OTHER derived from class/trait: _UIContextMenuCell:_UIContextMenuCell 146028888064
2026-08-12 15:48:47.085 Df IlliniCover[34076:3dd1ff] [com.apple.dt.xctest:Default] Preferring automation type 75 instead of legacy element type OTHER derived from class/trait: _UIContextMenuCell:_UIContextMenuCell 146028888064
2026-08-12 15:48:47.085 Df IlliniCover[34076:3dd1ff] [com.apple.dt.xctest:Default] Preferring automation type 75 instead of legacy element type OTHER derived from class/trait: _UIContextMenuCell:_UIContextMenuCell 146028888064
2026-08-12 15:48:47.085 Df IlliniCover[34076:3dd1ff] [com.apple.dt.xctest:Default] App orientation is 0 (not portrait) and UITextEffectsWindow window Window is not main window
2026-08-12 15:48:47.085 Df IlliniCover[34076:3dd1ff] [com.apple.dt.xctest:Default] Leaving frame unchanged for Window: either already correct or we can't detect it.
2026-08-12 15:48:47.085 Df IlliniCover[34076:3dd1ff] [com.apple.dt.xctest:Default] Query  found matching snapshots: {(
    Application, pid: 34076
)} (error: (null))
2026-08-12 15:48:47.086 Df IlliniCover[34076:3dd1ff] [com.apple.dt.xctest:Default] Replying to query  with results: <XCTElementQueryResults: 0x1253c69d0> (error: (null))
2026-08-12 15:48:47.253 Df IlliniCover[34076:3dd1ff] [com.apple.dt.xctest:Default] Received request to fetch matches for query:
2026-08-12 15:48:47.253 Df IlliniCover[34076:3dd203] [com.apple.dt.xctest:Default] Evaluating query:
2026-08-12 15:48:47.253 Df IlliniCover[34076:3dd203] [com.apple.dt.xctest:Default] Getting root element snapshot
2026-08-12 15:48:47.253 Df IlliniCover[34076:3dd203] [com.apple.dt.xctest:Default] Getting snapshot for App element pid: 34076 for query
2026-08-12 15:48:47.253 Df IlliniCover[34076:3dd203] [com.apple.dt.xctest:Default] Query requires iOS snapshot attributes .
2026-08-12 15:48:47.253 Df IlliniCover[34076:3dd203] [com.apple.dt.xctest:Default] XCTPerformOnMainRunLoop[not MT]: about to CFRunLoopPerform
2026-08-12 15:48:47.253 Df IlliniCover[34076:3dd203] [com.apple.dt.xctest:Default] XCTPerformOnMainRunLoop[not MT]: waiting with 30.00s responsiveness timeout
2026-08-12 15:48:47.253 Df IlliniCover[34076:3dd1f8] [com.apple.dt.xctest:Default] XCTPerformOnMainRunLoop[MT]: inside CFRunLoopPerform
2026-08-12 15:48:47.253 Df IlliniCover[34076:3dd1f8] [com.apple.dt.xctest:Default] XCTPerformOnMainRunLoop[MT]: MT responded in time (won the race to the busy flag)
2026-08-12 15:48:47.253 Df IlliniCover[34076:3dd203] [com.apple.dt.xctest:Default] XCTPerformOnMainRunLoop[not MT]: waiting 60.00s for work to complete
2026-08-12 15:48:47.254 Df IlliniCover[34076:3dd1f8] [com.apple.dt.xctest:Default] Got main window <AXUIElementRef 0x1255c7de0> {pid=34076} {uid=[ID:4 hash:0x10a210400]}
2026-08-12 15:48:47.254 Df IlliniCover[34076:3dd1f8] [com.apple.dt.xctest:Default] Capturing hierarchy with attributes XC_kAXXCAttributeElementType, XC_kAXXCAttributeElementBaseType, XC_kAXXCAttributeParent, XC_kAXXCAttributeIdentifier, XC_kAXXCAttributeAutomationType, XC_kAXXCAttributeTraits
2026-08-12 15:48:47.254 Df IlliniCover[34076:3dd1f8] [com.apple.dt.xctest:Default] Capturing hierarchy with parameters {
    attributes =     (
        5003,
        5004,
        5002,
        5019,
        5058,
        2004
    );
    maxArrayCount = 2147483647;
    maxChildren = 2147483647;
    maxDepth = 2147483647;
    snapshotKeyHonorModalViews = 0;
    traverseFromParentsToChildren = 1;
}
2026-08-12 15:48:47.254 Df IlliniCover[34076:3dd1f8] [com.apple.dt.xctest:Default] Snapshot attributes 5003, 5004, 5002, 5019, 5058, 2004
2026-08-12 15:48:47.337 Df IlliniCover[34076:3dd1f8] [com.apple.dt.xctest:Default] Got snapshot for <AXUIElementRef 0x12519a070> {pid=34076} {uid=[ID:1 hash:0x0]}
2026-08-12 15:48:47.337 Df IlliniCover[34076:3dd1f8] [com.apple.dt.xctest:Default] Got app orientation 0
2026-08-12 15:48:47.337 Df IlliniCover[34076:3dd1f8] [com.apple.dt.xctest:Default] Captured accessibility snapshot data in 0.08s
2026-08-12 15:48:47.337 Df IlliniCover[34076:3dd203] [com.apple.dt.xctest:Default] Found main window: Window
2026-08-12 15:48:47.337 Df IlliniCover[34076:3dd203] [com.apple.dt.xctest:Default] Preferring automation type 48 instead of legacy element type OTHER derived from class/trait: UILabel:UILabel 8590000128
2026-08-12 15:48:47.338 Df IlliniCover[34076:3dd203] [com.apple.dt.xctest:Default] Preferring automation type 14 instead of legacy element type OTHER derived from class/trait: SwiftUI.AccessibilityNode:UIResponder 1108101562369
2026-08-12 15:48:47.338 E  IlliniCover[34076:3dd203] [com.apple.dt.xctest:Default] Automation type mismatch; legacy system derived element type 9 from class SwiftUI.AccessibilityNode:UIResponder, traits 1108101562369, but AXAutomationType returned 14 which maps to 14
2026-08-12 15:48:47.338 Df IlliniCover[34076:3dd203] [com.apple.dt.xctest:Default] StaticText is not actually a child of Button, including at this point anyway (rdar://problem/20738636)
2026-08-12 15:48:47.338 Df IlliniCover[34076:3dd203] [com.apple.dt.xctest:Default] Image, identifier: 'chevron.down' is not actually a child of Button, including at this point anyway (rdar://problem/20738636)
2026-08-12 15:48:47.338 Df IlliniCover[34076:3dd203] [com.apple.dt.xctest:Default] Button is not actually a child of Button, identifier: 'deal-timing-kind-picker', including at this point anyway (rdar://problem/20738636)
2026-08-12 15:48:47.338 Df IlliniCover[34076:3dd203] [com.apple.dt.xctest:Default] Preferring automation type 14 instead of legacy element type OTHER derived from class/trait: SwiftUI.AccessibilityNode:UIResponder 1108101562369
2026-08-12 15:48:47.338 E  IlliniCover[34076:3dd203] [com.apple.dt.xctest:Default] Automation type mismatch; legacy system derived element type 9 from class SwiftUI.AccessibilityNode:UIResponder, traits 1108101562369, but AXAutomationType returned 14 which maps to 14
2026-08-12 15:48:47.338 Df IlliniCover[34076:3dd203] [com.apple.dt.xctest:Default] StaticText is not actually a child of Button, including at this point anyway (rdar://problem/20738636)
2026-08-12 15:48:47.338 Df IlliniCover[34076:3dd203] [com.apple.dt.xctest:Default] Image, identifier: 'chevron.down' is not actually a child of Button, including at this point anyway (rdar://problem/20738636)
2026-08-12 15:48:47.338 Df IlliniCover[34076:3dd203] [com.apple.dt.xctest:Default] Button is not actually a child of Button, identifier: 'deal-serving-picker', including at this point anyway (rdar://problem/20738636)
2026-08-12 15:48:47.338 Df IlliniCover[34076:3dd203] [com.apple.dt.xctest:Default] Preferring automation type 75 instead of legacy element type OTHER derived from class/trait: _UIContextMenuCell:_UIContextMenuCell 146028888064
2026-08-12 15:48:47.338 Df IlliniCover[34076:3dd203] [com.apple.dt.xctest:Default] Preferring automation type 75 instead of legacy element type OTHER derived from class/trait: _UIContextMenuCell:_UIContextMenuCell 146028888064
2026-08-12 15:48:47.338 Df IlliniCover[34076:3dd203] [com.apple.dt.xctest:Default] Preferring automation type 75 instead of legacy element type OTHER derived from class/trait: _UIContextMenuCell:_UIContextMenuCell 146028888064
2026-08-12 15:48:47.339 Df IlliniCover[34076:3dd203] [com.apple.dt.xctest:Default] Preferring automation type 75 instead of legacy element type OTHER derived from class/trait: _UIContextMenuCell:_UIContextMenuCell 146028888064
2026-08-12 15:48:47.339 Df IlliniCover[34076:3dd203] [com.apple.dt.xctest:Default] Preferring automation type 75 instead of legacy element type OTHER derived from class/trait: _UIContextMenuCell:_UIContextMenuCell 146028888064
2026-08-12 15:48:47.339 Df IlliniCover[34076:3dd203] [com.apple.dt.xctest:Default] Preferring automation type 75 instead of legacy element type OTHER derived from class/trait: _UIContextMenuCell:_UIContextMenuCell 146028888064
2026-08-12 15:48:47.339 Df IlliniCover[34076:3dd203] [com.apple.dt.xctest:Default] App orientation is 0 (not portrait) and UITextEffectsWindow window Window is not main window
2026-08-12 15:48:47.339 Df IlliniCover[34076:3dd203] [com.apple.dt.xctest:Default] Leaving frame unchanged for Window: either already correct or we can't detect it.
2026-08-12 15:48:47.339 Df IlliniCover[34076:3dd203] [com.apple.dt.xctest:Default] Query  found matching snapshots: {(
    Application, pid: 34076
)} (error: (null))
2026-08-12 15:48:47.339 Df IlliniCover[34076:3dd203] [com.apple.dt.xctest:Default] Replying to query  with results: <XCTElementQueryResults: 0x1253c7030> (error: (null))
