Timestamp               Ty Process[PID:TID]
2026-08-12 15:24:20.224 Df IlliniCover[20736:3c520e] [com.apple.KeyboardArbiter:Client] TX focusApplication (peekAppEvent) stealKB:Y scene:com.illinicover.app-default
2026-08-12 15:24:20.225 Df IlliniCover[20736:3c520e] [com.apple.UIKit:EventDispatch] Evaluating dispatch of UIEvent: 0x108599100; type: 0; subtype: 0; backing type: 11; shouldSend: 1; ignoreInteractionEvents: 0, systemGestureStateChange: 0
2026-08-12 15:24:20.225 Df IlliniCover[20736:3c520e] [com.apple.UIKit:EventDispatch] Sending UIEvent type: 0; subtype: 0; to windows: 1
2026-08-12 15:24:20.225 Df IlliniCover[20736:3c520e] [com.apple.UIKit:EventDispatch] Sending UIEvent type: 0; subtype: 0; to window: <UIWindow: 0x10861c400>; contextId: 0xE1188449
2026-08-12 15:24:20.231 Df IlliniCover[20736:3c520e] [com.apple.UIKit:EventDispatch] Evaluating dispatch of UIEvent: 0x108599100; type: 0; subtype: 0; backing type: 11; shouldSend: 0; ignoreInteractionEvents: 0, systemGestureStateChange: 0
2026-08-12 15:24:20.238 Df IlliniCover[20736:3c520e] [com.apple.UIKit:EventDispatch] Evaluating dispatch of UIEvent: 0x108599100; type: 0; subtype: 0; backing type: 11; shouldSend: 0; ignoreInteractionEvents: 0, systemGestureStateChange: 0
2026-08-12 15:24:20.255 Df IlliniCover[20736:3c520e] [com.apple.UIKit:EventDispatch] Evaluating dispatch of UIEvent: 0x108599100; type: 0; subtype: 0; backing type: 11; shouldSend: 0; ignoreInteractionEvents: 0, systemGestureStateChange: 0
2026-08-12 15:24:20.272 Df IlliniCover[20736:3c520e] [com.apple.UIKit:EventDispatch] Evaluating dispatch of UIEvent: 0x108599100; type: 0; subtype: 0; backing type: 11; shouldSend: 0; ignoreInteractionEvents: 0, systemGestureStateChange: 0
2026-08-12 15:24:20.288 Df IlliniCover[20736:3c520e] [com.apple.UIKit:EventDispatch] Evaluating dispatch of UIEvent: 0x108599100; type: 0; subtype: 0; backing type: 11; shouldSend: 0; ignoreInteractionEvents: 0, systemGestureStateChange: 0
2026-08-12 15:24:20.306 Df IlliniCover[20736:3c520e] [com.apple.UIKit:EventDispatch] Evaluating dispatch of UIEvent: 0x108599100; type: 0; subtype: 0; backing type: 11; shouldSend: 0; ignoreInteractionEvents: 0, systemGestureStateChange: 1
2026-08-12 15:24:20.306 A  IlliniCover[20736:3c520e] (UIKitCore) send gesture actions
2026-08-12 15:24:20.322 Df IlliniCover[20736:3c520e] [com.apple.UIKit:EventDispatch] Evaluating dispatch of UIEvent: 0x108599100; type: 0; subtype: 0; backing type: 11; shouldSend: 0; ignoreInteractionEvents: 0, systemGestureStateChange: 0
2026-08-12 15:24:20.322 Df IlliniCover[20736:3c520e] [com.apple.UIKit:EventDispatch] Evaluating dispatch of UIEvent: 0x108599100; type: 0; subtype: 0; backing type: 11; shouldSend: 1; ignoreInteractionEvents: 0, systemGestureStateChange: 0
2026-08-12 15:24:20.322 Df IlliniCover[20736:3c520e] [com.apple.UIKit:EventDispatch] Sending UIEvent type: 0; subtype: 0; to windows: 1
2026-08-12 15:24:20.322 Df IlliniCover[20736:3c520e] [com.apple.UIKit:EventDispatch] Sending UIEvent type: 0; subtype: 0; to window: <UIWindow: 0x10861c400>; contextId: 0xE1188449
2026-08-12 15:24:20.322 A  IlliniCover[20736:3c520e] (UIKitCore) send gesture actions
2026-08-12 15:24:20.796 Df IlliniCover[20736:3c522d] [com.apple.dt.xctest:Default] Received request to fetch matches for query:
2026-08-12 15:24:20.796 Df IlliniCover[20736:3c522b] [com.apple.dt.xctest:Default] Evaluating query:
2026-08-12 15:24:20.796 Df IlliniCover[20736:3c522b] [com.apple.dt.xctest:Default] Getting root element snapshot
2026-08-12 15:24:20.796 Df IlliniCover[20736:3c522b] [com.apple.dt.xctest:Default] Getting snapshot for App element pid: 20736 for query
2026-08-12 15:24:20.797 Df IlliniCover[20736:3c522b] [com.apple.dt.xctest:Default] Query requires iOS snapshot attributes .
2026-08-12 15:24:20.797 Df IlliniCover[20736:3c522b] [com.apple.dt.xctest:Default] XCTPerformOnMainRunLoop[not MT]: about to CFRunLoopPerform
2026-08-12 15:24:20.797 Df IlliniCover[20736:3c520e] [com.apple.dt.xctest:Default] XCTPerformOnMainRunLoop[MT]: inside CFRunLoopPerform
2026-08-12 15:24:20.797 Df IlliniCover[20736:3c522b] [com.apple.dt.xctest:Default] XCTPerformOnMainRunLoop[not MT]: waiting with 30.00s responsiveness timeout
2026-08-12 15:24:20.797 Df IlliniCover[20736:3c520e] [com.apple.dt.xctest:Default] XCTPerformOnMainRunLoop[MT]: MT responded in time (won the race to the busy flag)
2026-08-12 15:24:20.797 Df IlliniCover[20736:3c522b] [com.apple.dt.xctest:Default] XCTPerformOnMainRunLoop[not MT]: waiting 60.00s for work to complete
2026-08-12 15:24:20.797 Df IlliniCover[20736:3c520e] [com.apple.dt.xctest:Default] Got main window <AXUIElementRef 0x123749d10> {pid=20736} {uid=[ID:4 hash:0x10861c400]}
2026-08-12 15:24:20.797 Df IlliniCover[20736:3c520e] [com.apple.dt.xctest:Default] Capturing hierarchy with attributes XC_kAXXCAttributeElementType, XC_kAXXCAttributeElementBaseType, XC_kAXXCAttributeParent, XC_kAXXCAttributeIdentifier, XC_kAXXCAttributeAutomationType, XC_kAXXCAttributeTraits
2026-08-12 15:24:20.797 Df IlliniCover[20736:3c520e] [com.apple.dt.xctest:Default] Capturing hierarchy with parameters {
    attributes =     (
        5003,
        5004,
        5002,
        5019,
        5058,
        2004
    );
    maxArrayCount = 2147483647;
    maxChildren = 2147483647;
    maxDepth = 2147483647;
    snapshotKeyHonorModalViews = 0;
    traverseFromParentsToChildren = 1;
}
2026-08-12 15:24:20.797 Df IlliniCover[20736:3c520e] [com.apple.dt.xctest:Default] Snapshot attributes 5003, 5004, 5002, 5019, 5058, 2004
2026-08-12 15:24:20.851 Df IlliniCover[20736:3c520e] [com.apple.dt.xctest:Default] Got snapshot for <AXUIElementRef 0x12253e430> {pid=20736} {uid=[ID:1 hash:0x0]}
2026-08-12 15:24:20.851 Df IlliniCover[20736:3c520e] [com.apple.dt.xctest:Default] Got app orientation 0
2026-08-12 15:24:20.851 Df IlliniCover[20736:3c520e] [com.apple.dt.xctest:Default] Captured accessibility snapshot data in 0.05s
2026-08-12 15:24:20.851 Df IlliniCover[20736:3c522b] [com.apple.dt.xctest:Default] Found main window: Window
2026-08-12 15:24:20.852 Df IlliniCover[20736:3c522b] [com.apple.dt.xctest:Default] Preferring automation type 48 instead of legacy element type OTHER derived from class/trait: UILabel:UILabel 8590000128
2026-08-12 15:24:20.852 Df IlliniCover[20736:3c522b] [com.apple.dt.xctest:Default] Other is not actually a child of Other, including at this point anyway (rdar://problem/20738636)
2026-08-12 15:24:20.852 Df IlliniCover[20736:3c522b] [com.apple.dt.xctest:Default] Other is not actually a child of Other, including at this point anyway (rdar://problem/20738636)
2026-08-12 15:24:20.852 Df IlliniCover[20736:3c522b] [com.apple.dt.xctest:Default] Other is not actually a child of Other, including at this point anyway (rdar://problem/20738636)
2026-08-12 15:24:20.852 Df IlliniCover[20736:3c522b] [com.apple.dt.xctest:Default] Other is not actually a child of Other, including at this point anyway (rdar://problem/20738636)
2026-08-12 15:24:20.852 Df IlliniCover[20736:3c522b] [com.apple.dt.xctest:Default] Other is not actually a child of Other, including at this point anyway (rdar://problem/20738636)
2026-08-12 15:24:20.852 Df IlliniCover[20736:3c522b] [com.apple.dt.xctest:Default] Other is not actually a child of Other, including at this point anyway (rdar://problem/20738636)
2026-08-12 15:24:20.852 Df IlliniCover[20736:3c522b] [com.apple.dt.xctest:Default] Other is not actually a child of Other, including at this point anyway (rdar://problem/20738636)
2026-08-12 15:24:20.852 Df IlliniCover[20736:3c522b] [com.apple.dt.xctest:Default] Other is not actually a child of Other, including at this point anyway (rdar://problem/20738636)
2026-08-12 15:24:20.852 Df IlliniCover[20736:3c522b] [com.apple.dt.xctest:Default] Other is not actually a child of Other, including at this point anyway (rdar://problem/20738636)
2026-08-12 15:24:20.853 Df IlliniCover[20736:3c522b] [com.apple.dt.xctest:Default] Other is not actually a child of Other, including at this point anyway (rdar://problem/20738636)
2026-08-12 15:24:20.853 Df IlliniCover[20736:3c522b] [com.apple.dt.xctest:Default] Other is not actually a child of Other, including at this point anyway (rdar://problem/20738636)
2026-08-12 15:24:20.853 Df IlliniCover[20736:3c522b] [com.apple.dt.xctest:Default] Other is not actually a child of Other, including at this point anyway (rdar://problem/20738636)
2026-08-12 15:24:20.853 Df IlliniCover[20736:3c522b] [com.apple.dt.xctest:Default] App orientation is 0 (not portrait) and UITextEffectsWindow window Window is not main window
2026-08-12 15:24:20.853 Df IlliniCover[20736:3c522b] [com.apple.dt.xctest:Default] Leaving frame unchanged for Window: either already correct or we can't detect it.
2026-08-12 15:24:20.853 Df IlliniCover[20736:3c522b] [com.apple.dt.xctest:Default] Query  found matching snapshots: {(
    Application, pid: 20736
)} (error: (null))
2026-08-12 15:24:20.853 Df IlliniCover[20736:3c522b] [com.apple.dt.xctest:Default] Replying to query  with results: <XCTElementQueryResults: 0x12315aca0> (error: (null))
2026-08-12 15:24:21.875 Df IlliniCover[20736:3c520e] [com.apple.KeyboardArbiter:Client] TX focusApplication (peekAppEvent) stealKB:Y scene:com.illinicover.app-default
2026-08-12 15:24:21.875 Df IlliniCover[20736:3c520e] [com.apple.UIKit:EventDispatch] Evaluating dispatch of UIEvent: 0x108599100; type: 0; subtype: 0; backing type: 11; shouldSend: 1; ignoreInteractionEvents: 0, systemGestureStateChange: 0
2026-08-12 15:24:21.875 Df IlliniCover[20736:3c520e] [com.apple.UIKit:EventDispatch] Sending UIEvent type: 0; subtype: 0; to windows: 1
2026-08-12 15:24:21.875 Df IlliniCover[20736:3c520e] [com.apple.UIKit:EventDispatch] Sending UIEvent type: 0; subtype: 0; to window: <UIWindow: 0x10861c400>; contextId: 0xE1188449
2026-08-12 15:24:21.877 Df IlliniCover[20736:3c520e] [com.apple.UIKit:EventDispatch] Evaluating dispatch of UIEvent: 0x108599100; type: 0; subtype: 0; backing type: 11; shouldSend: 0; ignoreInteractionEvents: 0, systemGestureStateChange: 0
2026-08-12 15:24:21.888 Df IlliniCover[20736:3c520e] [com.apple.UIKit:EventDispatch] Evaluating dispatch of UIEvent: 0x108599100; type: 0; subtype: 0; backing type: 11; shouldSend: 0; ignoreInteractionEvents: 0, systemGestureStateChange: 0
2026-08-12 15:24:21.905 Df IlliniCover[20736:3c520e] [com.apple.UIKit:EventDispatch] Evaluating dispatch of UIEvent: 0x108599100; type: 0; subtype: 0; backing type: 11; shouldSend: 0; ignoreInteractionEvents: 0, systemGestureStateChange: 0
2026-08-12 15:24:21.922 Df IlliniCover[20736:3c520e] [com.apple.UIKit:EventDispatch] Evaluating dispatch of UIEvent: 0x108599100; type: 0; subtype: 0; backing type: 11; shouldSend: 0; ignoreInteractionEvents: 0, systemGestureStateChange: 0
2026-08-12 15:24:21.938 Df IlliniCover[20736:3c520e] [com.apple.UIKit:EventDispatch] Evaluating dispatch of UIEvent: 0x108599100; type: 0; subtype: 0; backing type: 11; shouldSend: 0; ignoreInteractionEvents: 0, systemGestureStateChange: 0
2026-08-12 15:24:21.955 Df IlliniCover[20736:3c520e] [com.apple.UIKit:EventDispatch] Evaluating dispatch of UIEvent: 0x108599100; type: 0; subtype: 0; backing type: 11; shouldSend: 0; ignoreInteractionEvents: 0, systemGestureStateChange: 0
2026-08-12 15:24:21.955 Df IlliniCover[20736:3c520e] [com.apple.UIKit:EventDispatch] Evaluating dispatch of UIEvent: 0x108599100; type: 0; subtype: 0; backing type: 11; shouldSend: 0; ignoreInteractionEvents: 0, systemGestureStateChange: 1
2026-08-12 15:24:21.955 A  IlliniCover[20736:3c520e] (UIKitCore) send gesture actions
2026-08-12 15:24:21.972 Df IlliniCover[20736:3c520e] [com.apple.UIKit:EventDispatch] Evaluating dispatch of UIEvent: 0x108599100; type: 0; subtype: 0; backing type: 11; shouldSend: 0; ignoreInteractionEvents: 0, systemGestureStateChange: 0
2026-08-12 15:24:21.988 Df IlliniCover[20736:3c520e] [com.apple.UIKit:EventDispatch] Evaluating dispatch of UIEvent: 0x108599100; type: 0; subtype: 0; backing type: 11; shouldSend: 0; ignoreInteractionEvents: 0, systemGestureStateChange: 0
2026-08-12 15:24:22.005 Df IlliniCover[20736:3c520e] [com.apple.UIKit:EventDispatch] Evaluating dispatch of UIEvent: 0x108599100; type: 0; subtype: 0; backing type: 11; shouldSend: 0; ignoreInteractionEvents: 0, systemGestureStateChange: 0
2026-08-12 15:24:22.022 Df IlliniCover[20736:3c520e] [com.apple.UIKit:EventDispatch] Evaluating dispatch of UIEvent: 0x108599100; type: 0; subtype: 0; backing type: 11; shouldSend: 0; ignoreInteractionEvents: 0, systemGestureStateChange: 0
2026-08-12 15:24:22.026 A  IlliniCover[20736:3c520e] (UIKitCore) send gesture actions
2026-08-12 15:24:22.095 Df IlliniCover[20736:3c520e] [com.apple.UIKit:EventDispatch] Evaluating dispatch of UIEvent: 0x108599100; type: 0; subtype: 0; backing type: 11; shouldSend: 0; ignoreInteractionEvents: 0, systemGestureStateChange: 0
2026-08-12 15:24:22.095 A  IlliniCover[20736:3c520e] (UIKitCore) send gesture actions
2026-08-12 15:24:22.107 F  IlliniCover[20736:3c520e] [com.apple.runtime-issues:SwiftUI] Adding '_UIGravityWellEffectAnchorView' as a subview of UIHostingController.view is not supported and may result in a broken view hierarchy. Add your view above UIHostingController.view in a common superview or insert it into your SwiftUI content in a UIViewRepresentable instead.
2026-08-12 15:24:22.107 A  IlliniCover[20736:3c520e] (libsystem_trace.dylib) Activity for state dumps
2026-08-12 15:24:22.108 F  IlliniCover[20736:3c520e] [com.apple.runtime-issues:SwiftUI] Adding '_UIGravityWellEffectAnchorView' as a subview of UIHostingController.view is not supported and may result in a broken view hierarchy. Add your view above UIHostingController.view in a common superview or insert it into your SwiftUI content in a UIViewRepresentable instead.
2026-08-12 15:24:22.108 A  IlliniCover[20736:3c520e] (libsystem_trace.dylib) Activity for state dumps
2026-08-12 15:24:22.108 F  IlliniCover[20736:3c520e] [com.apple.runtime-issues:SwiftUI] Adding '_UIGravityWellEffectAnchorView' as a subview of UIHostingController.view is not supported and may result in a broken view hierarchy. Add your view above UIHostingController.view in a common superview or insert it into your SwiftUI content in a UIViewRepresentable instead.
2026-08-12 15:24:22.108 A  IlliniCover[20736:3c520e] (libsystem_trace.dylib) Activity for state dumps
2026-08-12 15:24:22.112 A  IlliniCover[20736:3c520e] (UIKitCore) send gesture actions
2026-08-12 15:24:22.112 Sd IlliniCover[20736:0] (21AB2359-DEEC-3444-94FE-B7257E43BE34) IOHIDManager State
{
    DispatchQueue = 0;
    RunLoop = 1;
    createOptions = 0;
    isOpen = 0;
    openOptions = 0;
}
2026-08-12 15:24:22.112 Sd IlliniCover[20736:0] (21AB2359-DEEC-3444-94FE-B7257E43BE34) IOHIDManager State
{
    DispatchQueue = 0;
    RunLoop = 1;
    createOptions = 0;
    isOpen = 0;
    openOptions = 0;
}
2026-08-12 15:24:22.122 Df IlliniCover[20736:3c520e] [com.apple.UIKit:EventDispatch] Evaluating dispatch of UIEvent: 0x108599100; type: 0; subtype: 0; backing type: 11; shouldSend: 0; ignoreInteractionEvents: 0, systemGestureStateChange: 0
2026-08-12 15:24:22.138 Df IlliniCover[20736:3c520e] [com.apple.UIKit:EventDispatch] Evaluating dispatch of UIEvent: 0x108599100; type: 0; subtype: 0; backing type: 11; shouldSend: 0; ignoreInteractionEvents: 0, systemGestureStateChange: 0
2026-08-12 15:24:22.139 A  IlliniCover[20736:3c520e] (UIKitCore) send gesture actions
2026-08-12 15:24:22.155 Df IlliniCover[20736:3c520e] [com.apple.UIKit:EventDispatch] Evaluating dispatch of UIEvent: 0x108599100; type: 0; subtype: 0; backing type: 11; shouldSend: 0; ignoreInteractionEvents: 0, systemGestureStateChange: 0
2026-08-12 15:24:22.156 A  IlliniCover[20736:3c520e] (UIKitCore) send gesture actions
2026-08-12 15:24:22.172 Df IlliniCover[20736:3c520e] [com.apple.UIKit:EventDispatch] Evaluating dispatch of UIEvent: 0x108599100; type: 0; subtype: 0; backing type: 11; shouldSend: 0; ignoreInteractionEvents: 0, systemGestureStateChange: 0
2026-08-12 15:24:22.172 A  IlliniCover[20736:3c520e] (UIKitCore) send gesture actions
2026-08-12 15:24:22.188 Df IlliniCover[20736:3c520e] [com.apple.UIKit:EventDispatch] Evaluating dispatch of UIEvent: 0x108599100; type: 0; subtype: 0; backing type: 11; shouldSend: 0; ignoreInteractionEvents: 0, systemGestureStateChange: 0
2026-08-12 15:24:22.189 A  IlliniCover[20736:3c520e] (UIKitCore) send gesture actions
2026-08-12 15:24:22.205 Df IlliniCover[20736:3c520e] [com.apple.UIKit:EventDispatch] Evaluating dispatch of UIEvent: 0x108599100; type: 0; subtype: 0; backing type: 11; shouldSend: 0; ignoreInteractionEvents: 0, systemGestureStateChange: 0
2026-08-12 15:24:22.206 A  IlliniCover[20736:3c520e] (UIKitCore) send gesture actions
2026-08-12 15:24:22.222 Df IlliniCover[20736:3c520e] [com.apple.UIKit:EventDispatch] Evaluating dispatch of UIEvent: 0x108599100; type: 0; subtype: 0; backing type: 11; shouldSend: 0; ignoreInteractionEvents: 0, systemGestureStateChange: 0
2026-08-12 15:24:22.222 A  IlliniCover[20736:3c520e] (UIKitCore) send gesture actions
2026-08-12 15:24:22.238 Df IlliniCover[20736:3c520e] [com.apple.UIKit:EventDispatch] Evaluating dispatch of UIEvent: 0x108599100; type: 0; subtype: 0; backing type: 11; shouldSend: 0; ignoreInteractionEvents: 0, systemGestureStateChange: 0
2026-08-12 15:24:22.239 A  IlliniCover[20736:3c520e] (UIKitCore) send gesture actions
2026-08-12 15:24:22.255 Df IlliniCover[20736:3c520e] [com.apple.UIKit:EventDispatch] Evaluating dispatch of UIEvent: 0x108599100; type: 0; subtype: 0; backing type: 11; shouldSend: 0; ignoreInteractionEvents: 0, systemGestureStateChange: 0
2026-08-12 15:24:22.255 A  IlliniCover[20736:3c520e] (UIKitCore) send gesture actions
2026-08-12 15:24:22.272 Df IlliniCover[20736:3c520e] [com.apple.UIKit:EventDispatch] Evaluating dispatch of UIEvent: 0x108599100; type: 0; subtype: 0; backing type: 11; shouldSend: 0; ignoreInteractionEvents: 0, systemGestureStateChange: 0
2026-08-12 15:24:22.272 A  IlliniCover[20736:3c520e] (UIKitCore) send gesture actions
2026-08-12 15:24:22.288 Df IlliniCover[20736:3c520e] [com.apple.UIKit:EventDispatch] Evaluating dispatch of UIEvent: 0x108599100; type: 0; subtype: 0; backing type: 11; shouldSend: 0; ignoreInteractionEvents: 0, systemGestureStateChange: 0
2026-08-12 15:24:22.289 A  IlliniCover[20736:3c520e] (UIKitCore) send gesture actions
2026-08-12 15:24:22.290 Df IlliniCover[20736:3c520e] [com.apple.UIKit:Feedback] generator <_UIClickPresentationFeedbackGenerator: 0x123385040> cannot play feedback <_UIFeedbackPattern: 0x123385220> (enabled=0)
2026-08-12 15:24:22.290 A  IlliniCover[20736:3c520e] (UIKitCore) send gesture actions
2026-08-12 15:24:22.291 A  IlliniCover[20736:3c520e] (UIKitCore) send gesture actions
2026-08-12 15:24:22.305 Df IlliniCover[20736:3c520e] [com.apple.UIKit:EventDispatch] Evaluating dispatch of UIEvent: 0x108599100; type: 0; subtype: 0; backing type: 11; shouldSend: 0; ignoreInteractionEvents: 0, systemGestureStateChange: 0
2026-08-12 15:24:22.306 A  IlliniCover[20736:3c520e] (UIKitCore) send gesture actions
2026-08-12 15:24:22.322 Df IlliniCover[20736:3c520e] [com.apple.UIKit:EventDispatch] Evaluating dispatch of UIEvent: 0x108599100; type: 0; subtype: 0; backing type: 11; shouldSend: 0; ignoreInteractionEvents: 0, systemGestureStateChange: 0
2026-08-12 15:24:22.323 A  IlliniCover[20736:3c520e] (UIKitCore) send gesture actions
2026-08-12 15:24:22.338 Df IlliniCover[20736:3c520e] [com.apple.UIKit:EventDispatch] Evaluating dispatch of UIEvent: 0x108599100; type: 0; subtype: 0; backing type: 11; shouldSend: 0; ignoreInteractionEvents: 0, systemGestureStateChange: 0
2026-08-12 15:24:22.339 A  IlliniCover[20736:3c520e] (UIKitCore) send gesture actions
2026-08-12 15:24:22.355 Df IlliniCover[20736:3c520e] [com.apple.UIKit:EventDispatch] Evaluating dispatch of UIEvent: 0x108599100; type: 0; subtype: 0; backing type: 11; shouldSend: 0; ignoreInteractionEvents: 0, systemGestureStateChange: 0
2026-08-12 15:24:22.355 A  IlliniCover[20736:3c520e] (UIKitCore) send gesture actions
2026-08-12 15:24:22.372 Df IlliniCover[20736:3c520e] [com.apple.UIKit:EventDispatch] Evaluating dispatch of UIEvent: 0x108599100; type: 0; subtype: 0; backing type: 11; shouldSend: 0; ignoreInteractionEvents: 0, systemGestureStateChange: 0
2026-08-12 15:24:22.372 A  IlliniCover[20736:3c520e] (UIKitCore) send gesture actions
2026-08-12 15:24:22.388 Df IlliniCover[20736:3c520e] [com.apple.UIKit:EventDispatch] Evaluating dispatch of UIEvent: 0x108599100; type: 0; subtype: 0; backing type: 11; shouldSend: 0; ignoreInteractionEvents: 0, systemGestureStateChange: 0
2026-08-12 15:24:22.389 A  IlliniCover[20736:3c520e] (UIKitCore) send gesture actions
2026-08-12 15:24:22.405 Df IlliniCover[20736:3c520e] [com.apple.UIKit:EventDispatch] Evaluating dispatch of UIEvent: 0x108599100; type: 0; subtype: 0; backing type: 11; shouldSend: 0; ignoreInteractionEvents: 0, systemGestureStateChange: 0
2026-08-12 15:24:22.405 A  IlliniCover[20736:3c520e] (UIKitCore) send gesture actions
2026-08-12 15:24:22.422 Df IlliniCover[20736:3c520e] [com.apple.UIKit:EventDispatch] Evaluating dispatch of UIEvent: 0x108599100; type: 0; subtype: 0; backing type: 11; shouldSend: 0; ignoreInteractionEvents: 0, systemGestureStateChange: 0
2026-08-12 15:24:22.423 A  IlliniCover[20736:3c520e] (UIKitCore) send gesture actions
2026-08-12 15:24:22.438 Df IlliniCover[20736:3c520e] [com.apple.UIKit:EventDispatch] Evaluating dispatch of UIEvent: 0x108599100; type: 0; subtype: 0; backing type: 11; shouldSend: 0; ignoreInteractionEvents: 0, systemGestureStateChange: 0
2026-08-12 15:24:22.442 A  IlliniCover[20736:3c520e] (UIKitCore) send gesture actions
2026-08-12 15:24:22.455 Df IlliniCover[20736:3c520e] [com.apple.UIKit:EventDispatch] Evaluating dispatch of UIEvent: 0x108599100; type: 0; subtype: 0; backing type: 11; shouldSend: 0; ignoreInteractionEvents: 0, systemGestureStateChange: 0
2026-08-12 15:24:22.456 A  IlliniCover[20736:3c520e] (UIKitCore) send gesture actions
2026-08-12 15:24:22.472 Df IlliniCover[20736:3c520e] [com.apple.UIKit:EventDispatch] Evaluating dispatch of UIEvent: 0x108599100; type: 0; subtype: 0; backing type: 11; shouldSend: 0; ignoreInteractionEvents: 0, systemGestureStateChange: 0
2026-08-12 15:24:22.473 A  IlliniCover[20736:3c520e] (UIKitCore) send gesture actions
2026-08-12 15:24:22.488 Df IlliniCover[20736:3c520e] [com.apple.UIKit:EventDispatch] Evaluating dispatch of UIEvent: 0x108599100; type: 0; subtype: 0; backing type: 11; shouldSend: 0; ignoreInteractionEvents: 0, systemGestureStateChange: 0
2026-08-12 15:24:22.490 A  IlliniCover[20736:3c520e] (UIKitCore) send gesture actions
2026-08-12 15:24:22.505 Df IlliniCover[20736:3c520e] [com.apple.UIKit:EventDispatch] Evaluating dispatch of UIEvent: 0x108599100; type: 0; subtype: 0; backing type: 11; shouldSend: 0; ignoreInteractionEvents: 0, systemGestureStateChange: 0
2026-08-12 15:24:22.506 A  IlliniCover[20736:3c520e] (UIKitCore) send gesture actions
2026-08-12 15:24:22.522 Df IlliniCover[20736:3c520e] [com.apple.UIKit:EventDispatch] Evaluating dispatch of UIEvent: 0x108599100; type: 0; subtype: 0; backing type: 11; shouldSend: 0; ignoreInteractionEvents: 0, systemGestureStateChange: 0
2026-08-12 15:24:22.523 A  IlliniCover[20736:3c520e] (UIKitCore) send gesture actions
2026-08-12 15:24:22.538 Df IlliniCover[20736:3c520e] [com.apple.UIKit:EventDispatch] Evaluating dispatch of UIEvent: 0x108599100; type: 0; subtype: 0; backing type: 11; shouldSend: 0; ignoreInteractionEvents: 0, systemGestureStateChange: 0
2026-08-12 15:24:22.540 A  IlliniCover[20736:3c520e] (UIKitCore) send gesture actions
2026-08-12 15:24:22.555 Df IlliniCover[20736:3c520e] [com.apple.UIKit:EventDispatch] Evaluating dispatch of UIEvent: 0x108599100; type: 0; subtype: 0; backing type: 11; shouldSend: 0; ignoreInteractionEvents: 0, systemGestureStateChange: 0
2026-08-12 15:24:22.556 A  IlliniCover[20736:3c520e] (UIKitCore) send gesture actions
2026-08-12 15:24:22.572 Df IlliniCover[20736:3c520e] [com.apple.UIKit:EventDispatch] Evaluating dispatch of UIEvent: 0x108599100; type: 0; subtype: 0; backing type: 11; shouldSend: 0; ignoreInteractionEvents: 0, systemGestureStateChange: 0
2026-08-12 15:24:22.573 A  IlliniCover[20736:3c520e] (UIKitCore) send gesture actions
2026-08-12 15:24:22.588 Df IlliniCover[20736:3c520e] [com.apple.UIKit:EventDispatch] Evaluating dispatch of UIEvent: 0x108599100; type: 0; subtype: 0; backing type: 11; shouldSend: 0; ignoreInteractionEvents: 0, systemGestureStateChange: 0
2026-08-12 15:24:22.590 A  IlliniCover[20736:3c520e] (UIKitCore) send gesture actions
2026-08-12 15:24:22.605 Df IlliniCover[20736:3c520e] [com.apple.UIKit:EventDispatch] Evaluating dispatch of UIEvent: 0x108599100; type: 0; subtype: 0; backing type: 11; shouldSend: 0; ignoreInteractionEvents: 0, systemGestureStateChange: 0
2026-08-12 15:24:22.606 A  IlliniCover[20736:3c520e] (UIKitCore) send gesture actions
2026-08-12 15:24:22.625 Df IlliniCover[20736:3c520e] [com.apple.UIKit:UIFocusSystemSceneComponent] Override focusSystemState: (ENABLED) for reason(s): {(
    "<UIContextMenuInteraction 0x10ba97200>"
)}
2026-08-12 15:24:22.626 Df IlliniCover[20736:3c520e] [com.apple.UIKit:InterfaceStyle] Not push traits update to screen for new style 2, <UIWindowScene: 0x10b85f800> (2050C5AC-6A26-42BC-8E8F-FBAE5EDC0388)
2026-08-12 15:24:22.646 Df IlliniCover[20736:3c520e] [com.apple.UIKit:UIPeripheralHost] setDeactivatedKeyboard: 1 forScene: (null) forSuppressionAssertion: 1
2026-08-12 15:24:22.646 Df IlliniCover[20736:3c520e] [com.apple.UIKit:UIPeripheralHost] setDeactivatedKeyboard, shouldUpdatePlacement: 1
2026-08-12 15:24:22.646 Df IlliniCover[20736:3c520e] [com.apple.UIKit:KeyboardSceneDelegate] _placementForDeactivatedKeyboard, deactivated: 1, curPlacement: <UIInputViewSetPlacementOffScreenDown>, forSuppressionAssertion: 1 -> <UIInputViewSetPlacementOffScreenDown>
2026-08-12 15:24:22.646 Df IlliniCover[20736:3c520e] [com.apple.UIKit:TrackingElementWindowController] setPlacementChangeDisabled: 1, placement: <UIInputViewSetPlacementOffScreenDown> (self: <UITrackingElementWindowController: 0x1085c1400>)
2026-08-12 15:24:22.646 Df IlliniCover[20736:3c520e] [com.apple.UIKit:TrackingElementWindowController] Moving from placement: <UIInputViewSetPlacementOffScreenDown> to placement: <UIInputViewSetPlacementOffScreenDown> (currentPlacement: <UIInputViewSetPlacementOffScreenDown>)
2026-08-12 15:24:22.647 Df IlliniCover[20736:3c520e] [com.apple.UIKit:UIPeripheralHost] endPlacementForInputViewSet: <<UIInputViewSet: 0x11fb05bc0>; (empty)> windowScene: <UIWindowScene: 0x10b85f800; role: UIWindowSceneSessionRoleApplication; persistentIdentifier: 2050C5AC-6A26-42BC-8E8F-FBAE5EDC0388; activationState: UISceneActivationStateForegroundActive>
2026-08-12 15:24:22.648 Df IlliniCover[20736:3c520e] [com.apple.UIKit:TrackingElementWindowController] updatePlacementWithPlacement: <UIInputViewSetPlacementOffScreenDown>
2026-08-12 15:24:22.703 F  IlliniCover[20736:3c520e] [com.apple.runtime-issues:SwiftUI] Adding '_UIReparentingView' as a subview of UIHostingController.view is not supported and may result in a broken view hierarchy. Add your view above UIHostingController.view in a common superview or insert it into your SwiftUI content in a UIViewRepresentable instead.
2026-08-12 15:24:22.703 A  IlliniCover[20736:3c520e] (libsystem_trace.dylib) Activity for state dumps
2026-08-12 15:24:22.708 Df IlliniCover[20736:3c520e] [com.apple.UIKit:UICMILifecycle] performAllAnimations for animator: <_UIContextMenuAnimator: 0x123127de0>
2026-08-12 15:24:22.714 Df IlliniCover[20736:3c520e] [com.apple.UIKit:EventDispatch] Evaluating dispatch of UIEvent: 0x108599100; type: 0; subtype: 0; backing type: 11; shouldSend: 0; ignoreInteractionEvents: 0, systemGestureStateChange: 0
2026-08-12 15:24:22.731 Df IlliniCover[20736:3c520e] [com.apple.UIKit:EventDispatch] Evaluating dispatch of UIEvent: 0x108599100; type: 0; subtype: 0; backing type: 11; shouldSend: 0; ignoreInteractionEvents: 0, systemGestureStateChange: 0
2026-08-12 15:24:22.733 A  IlliniCover[20736:3c520e] (UIKitCore) send gesture actions
2026-08-12 15:24:22.733 A  IlliniCover[20736:3c520e] (UIKitCore) send gesture actions
2026-08-12 15:24:22.733 A  IlliniCover[20736:3c520e] (UIKitCore) send gesture actions
2026-08-12 15:24:22.755 Df IlliniCover[20736:3c520e] [com.apple.UIKit:EventDispatch] Evaluating dispatch of UIEvent: 0x108599100; type: 0; subtype: 0; backing type: 11; shouldSend: 0; ignoreInteractionEvents: 0, systemGestureStateChange: 0
2026-08-12 15:24:22.772 Df IlliniCover[20736:3c520e] [com.apple.UIKit:EventDispatch] Evaluating dispatch of UIEvent: 0x108599100; type: 0; subtype: 0; backing type: 11; shouldSend: 0; ignoreInteractionEvents: 0, systemGestureStateChange: 0
2026-08-12 15:24:22.788 Df IlliniCover[20736:3c520e] [com.apple.UIKit:EventDispatch] Evaluating dispatch of UIEvent: 0x108599100; type: 0; subtype: 0; backing type: 11; shouldSend: 0; ignoreInteractionEvents: 0, systemGestureStateChange: 0
2026-08-12 15:24:22.805 Df IlliniCover[20736:3c520e] [com.apple.UIKit:EventDispatch] Evaluating dispatch of UIEvent: 0x108599100; type: 0; subtype: 0; backing type: 11; shouldSend: 0; ignoreInteractionEvents: 0, systemGestureStateChange: 0
2026-08-12 15:24:22.822 Df IlliniCover[20736:3c520e] [com.apple.UIKit:EventDispatch] Evaluating dispatch of UIEvent: 0x108599100; type: 0; subtype: 0; backing type: 11; shouldSend: 0; ignoreInteractionEvents: 0, systemGestureStateChange: 0
2026-08-12 15:24:22.838 Df IlliniCover[20736:3c520e] [com.apple.UIKit:EventDispatch] Evaluating dispatch of UIEvent: 0x108599100; type: 0; subtype: 0; backing type: 11; shouldSend: 0; ignoreInteractionEvents: 0, systemGestureStateChange: 0
2026-08-12 15:24:22.855 Df IlliniCover[20736:3c520e] [com.apple.UIKit:EventDispatch] Evaluating dispatch of UIEvent: 0x108599100; type: 0; subtype: 0; backing type: 11; shouldSend: 0; ignoreInteractionEvents: 0, systemGestureStateChange: 0
2026-08-12 15:24:22.872 Df IlliniCover[20736:3c520e] [com.apple.UIKit:EventDispatch] Evaluating dispatch of UIEvent: 0x108599100; type: 0; subtype: 0; backing type: 11; shouldSend: 0; ignoreInteractionEvents: 0, systemGestureStateChange: 0
2026-08-12 15:24:22.888 Df IlliniCover[20736:3c520e] [com.apple.UIKit:EventDispatch] Evaluating dispatch of UIEvent: 0x108599100; type: 0; subtype: 0; backing type: 11; shouldSend: 0; ignoreInteractionEvents: 0, systemGestureStateChange: 0
2026-08-12 15:24:22.905 Df IlliniCover[20736:3c520e] [com.apple.UIKit:EventDispatch] Evaluating dispatch of UIEvent: 0x108599100; type: 0; subtype: 0; backing type: 11; shouldSend: 0; ignoreInteractionEvents: 0, systemGestureStateChange: 0
2026-08-12 15:24:22.922 Df IlliniCover[20736:3c520e] [com.apple.UIKit:EventDispatch] Evaluating dispatch of UIEvent: 0x108599100; type: 0; subtype: 0; backing type: 11; shouldSend: 0; ignoreInteractionEvents: 0, systemGestureStateChange: 0
2026-08-12 15:24:22.938 Df IlliniCover[20736:3c520e] [com.apple.UIKit:EventDispatch] Evaluating dispatch of UIEvent: 0x108599100; type: 0; subtype: 0; backing type: 11; shouldSend: 0; ignoreInteractionEvents: 0, systemGestureStateChange: 0
2026-08-12 15:24:22.955 Df IlliniCover[20736:3c520e] [com.apple.UIKit:EventDispatch] Evaluating dispatch of UIEvent: 0x108599100; type: 0; subtype: 0; backing type: 11; shouldSend: 0; ignoreInteractionEvents: 0, systemGestureStateChange: 0
2026-08-12 15:24:22.972 Df IlliniCover[20736:3c520e] [com.apple.UIKit:EventDispatch] Evaluating dispatch of UIEvent: 0x108599100; type: 0; subtype: 0; backing type: 11; shouldSend: 0; ignoreInteractionEvents: 0, systemGestureStateChange: 0
2026-08-12 15:24:22.988 Df IlliniCover[20736:3c520e] [com.apple.UIKit:EventDispatch] Evaluating dispatch of UIEvent: 0x108599100; type: 0; subtype: 0; backing type: 11; shouldSend: 0; ignoreInteractionEvents: 0, systemGestureStateChange: 0
2026-08-12 15:24:23.005 Df IlliniCover[20736:3c520e] [com.apple.UIKit:EventDispatch] Evaluating dispatch of UIEvent: 0x108599100; type: 0; subtype: 0; backing type: 11; shouldSend: 0; ignoreInteractionEvents: 0, systemGestureStateChange: 0
2026-08-12 15:24:23.022 Df IlliniCover[20736:3c520e] [com.apple.UIKit:EventDispatch] Evaluating dispatch of UIEvent: 0x108599100; type: 0; subtype: 0; backing type: 11; shouldSend: 0; ignoreInteractionEvents: 0, systemGestureStateChange: 0
2026-08-12 15:24:23.038 Df IlliniCover[20736:3c520e] [com.apple.UIKit:EventDispatch] Evaluating dispatch of UIEvent: 0x108599100; type: 0; subtype: 0; backing type: 11; shouldSend: 0; ignoreInteractionEvents: 0, systemGestureStateChange: 0
2026-08-12 15:24:23.055 Df IlliniCover[20736:3c520e] [com.apple.UIKit:EventDispatch] Evaluating dispatch of UIEvent: 0x108599100; type: 0; subtype: 0; backing type: 11; shouldSend: 0; ignoreInteractionEvents: 0, systemGestureStateChange: 0
2026-08-12 15:24:23.072 Df IlliniCover[20736:3c520e] [com.apple.UIKit:EventDispatch] Evaluating dispatch of UIEvent: 0x108599100; type: 0; subtype: 0; backing type: 11; shouldSend: 0; ignoreInteractionEvents: 0, systemGestureStateChange: 0
2026-08-12 15:24:23.088 Df IlliniCover[20736:3c520e] [com.apple.UIKit:EventDispatch] Evaluating dispatch of UIEvent: 0x108599100; type: 0; subtype: 0; backing type: 11; shouldSend: 0; ignoreInteractionEvents: 0, systemGestureStateChange: 0
2026-08-12 15:24:23.105 Df IlliniCover[20736:3c520e] [com.apple.UIKit:EventDispatch] Evaluating dispatch of UIEvent: 0x108599100; type: 0; subtype: 0; backing type: 11; shouldSend: 0; ignoreInteractionEvents: 0, systemGestureStateChange: 0
2026-08-12 15:24:23.122 Df IlliniCover[20736:3c520e] [com.apple.UIKit:EventDispatch] Evaluating dispatch of UIEvent: 0x108599100; type: 0; subtype: 0; backing type: 11; shouldSend: 0; ignoreInteractionEvents: 0, systemGestureStateChange: 0
2026-08-12 15:24:23.138 Df IlliniCover[20736:3c520e] [com.apple.UIKit:EventDispatch] Evaluating dispatch of UIEvent: 0x108599100; type: 0; subtype: 0; backing type: 11; shouldSend: 0; ignoreInteractionEvents: 0, systemGestureStateChange: 0
2026-08-12 15:24:23.155 Df IlliniCover[20736:3c520e] [com.apple.UIKit:EventDispatch] Evaluating dispatch of UIEvent: 0x108599100; type: 0; subtype: 0; backing type: 11; shouldSend: 0; ignoreInteractionEvents: 0, systemGestureStateChange: 0
2026-08-12 15:24:23.172 Df IlliniCover[20736:3c520e] [com.apple.UIKit:EventDispatch] Evaluating dispatch of UIEvent: 0x108599100; type: 0; subtype: 0; backing type: 11; shouldSend: 0; ignoreInteractionEvents: 0, systemGestureStateChange: 0
2026-08-12 15:24:23.188 Df IlliniCover[20736:3c520e] [com.apple.UIKit:EventDispatch] Evaluating dispatch of UIEvent: 0x108599100; type: 0; subtype: 0; backing type: 11; shouldSend: 0; ignoreInteractionEvents: 0, systemGestureStateChange: 0
2026-08-12 15:24:23.205 Df IlliniCover[20736:3c520e] [com.apple.UIKit:EventDispatch] Evaluating dispatch of UIEvent: 0x108599100; type: 0; subtype: 0; backing type: 11; shouldSend: 0; ignoreInteractionEvents: 0, systemGestureStateChange: 0
2026-08-12 15:24:23.222 Df IlliniCover[20736:3c520e] [com.apple.UIKit:EventDispatch] Evaluating dispatch of UIEvent: 0x108599100; type: 0; subtype: 0; backing type: 11; shouldSend: 0; ignoreInteractionEvents: 0, systemGestureStateChange: 0
2026-08-12 15:24:23.223 Df IlliniCover[20736:3c520e] [com.apple.UIKit:UICMILifecycle] _animateUsingFluidSpringWithType 0 completion: finished 1, retargeted 0, count: 0
2026-08-12 15:24:23.238 Df IlliniCover[20736:3c520e] [com.apple.UIKit:EventDispatch] Evaluating dispatch of UIEvent: 0x108599100; type: 0; subtype: 0; backing type: 11; shouldSend: 0; ignoreInteractionEvents: 0, systemGestureStateChange: 0
2026-08-12 15:24:23.255 Df IlliniCover[20736:3c520e] [com.apple.UIKit:EventDispatch] Evaluating dispatch of UIEvent: 0x108599100; type: 0; subtype: 0; backing type: 11; shouldSend: 0; ignoreInteractionEvents: 0, systemGestureStateChange: 0
2026-08-12 15:24:23.272 Df IlliniCover[20736:3c520e] [com.apple.UIKit:EventDispatch] Evaluating dispatch of UIEvent: 0x108599100; type: 0; subtype: 0; backing type: 11; shouldSend: 0; ignoreInteractionEvents: 0, systemGestureStateChange: 0
2026-08-12 15:24:23.288 Df IlliniCover[20736:3c520e] [com.apple.UIKit:EventDispatch] Evaluating dispatch of UIEvent: 0x108599100; type: 0; subtype: 0; backing type: 11; shouldSend: 0; ignoreInteractionEvents: 0, systemGestureStateChange: 0
2026-08-12 15:24:23.305 Df IlliniCover[20736:3c520e] [com.apple.UIKit:EventDispatch] Evaluating dispatch of UIEvent: 0x108599100; type: 0; subtype: 0; backing type: 11; shouldSend: 0; ignoreInteractionEvents: 0, systemGestureStateChange: 0
2026-08-12 15:24:23.322 Df IlliniCover[20736:3c520e] [com.apple.UIKit:EventDispatch] Evaluating dispatch of UIEvent: 0x108599100; type: 0; subtype: 0; backing type: 11; shouldSend: 0; ignoreInteractionEvents: 0, systemGestureStateChange: 0
2026-08-12 15:24:23.338 Df IlliniCover[20736:3c520e] [com.apple.UIKit:EventDispatch] Evaluating dispatch of UIEvent: 0x108599100; type: 0; subtype: 0; backing type: 11; shouldSend: 0; ignoreInteractionEvents: 0, systemGestureStateChange: 0
2026-08-12 15:24:23.355 Df IlliniCover[20736:3c520e] [com.apple.UIKit:EventDispatch] Evaluating dispatch of UIEvent: 0x108599100; type: 0; subtype: 0; backing type: 11; shouldSend: 0; ignoreInteractionEvents: 0, systemGestureStateChange: 0
2026-08-12 15:24:23.372 Df IlliniCover[20736:3c520e] [com.apple.UIKit:EventDispatch] Evaluating dispatch of UIEvent: 0x108599100; type: 0; subtype: 0; backing type: 11; shouldSend: 0; ignoreInteractionEvents: 0, systemGestureStateChange: 0
2026-08-12 15:24:23.388 Df IlliniCover[20736:3c520e] [com.apple.UIKit:EventDispatch] Evaluating dispatch of UIEvent: 0x108599100; type: 0; subtype: 0; backing type: 11; shouldSend: 0; ignoreInteractionEvents: 0, systemGestureStateChange: 0
2026-08-12 15:24:23.405 Df IlliniCover[20736:3c520e] [com.apple.UIKit:EventDispatch] Evaluating dispatch of UIEvent: 0x108599100; type: 0; subtype: 0; backing type: 11; shouldSend: 0; ignoreInteractionEvents: 0, systemGestureStateChange: 0
2026-08-12 15:24:23.422 Df IlliniCover[20736:3c520e] [com.apple.UIKit:EventDispatch] Evaluating dispatch of UIEvent: 0x108599100; type: 0; subtype: 0; backing type: 11; shouldSend: 0; ignoreInteractionEvents: 0, systemGestureStateChange: 0
2026-08-12 15:24:23.438 Df IlliniCover[20736:3c520e] [com.apple.UIKit:EventDispatch] Evaluating dispatch of UIEvent: 0x108599100; type: 0; subtype: 0; backing type: 11; shouldSend: 0; ignoreInteractionEvents: 0, systemGestureStateChange: 0
2026-08-12 15:24:23.455 Df IlliniCover[20736:3c520e] [com.apple.UIKit:EventDispatch] Evaluating dispatch of UIEvent: 0x108599100; type: 0; subtype: 0; backing type: 11; shouldSend: 0; ignoreInteractionEvents: 0, systemGestureStateChange: 0
2026-08-12 15:24:23.472 Df IlliniCover[20736:3c520e] [com.apple.UIKit:EventDispatch] Evaluating dispatch of UIEvent: 0x108599100; type: 0; subtype: 0; backing type: 11; shouldSend: 0; ignoreInteractionEvents: 0, systemGestureStateChange: 0
2026-08-12 15:24:23.488 Df IlliniCover[20736:3c520e] [com.apple.UIKit:EventDispatch] Evaluating dispatch of UIEvent: 0x108599100; type: 0; subtype: 0; backing type: 11; shouldSend: 0; ignoreInteractionEvents: 0, systemGestureStateChange: 0
2026-08-12 15:24:23.505 Df IlliniCover[20736:3c520e] [com.apple.UIKit:EventDispatch] Evaluating dispatch of UIEvent: 0x108599100; type: 0; subtype: 0; backing type: 11; shouldSend: 0; ignoreInteractionEvents: 0, systemGestureStateChange: 0
2026-08-12 15:24:23.522 Df IlliniCover[20736:3c520e] [com.apple.UIKit:EventDispatch] Evaluating dispatch of UIEvent: 0x108599100; type: 0; subtype: 0; backing type: 11; shouldSend: 0; ignoreInteractionEvents: 0, systemGestureStateChange: 0
2026-08-12 15:24:23.538 Df IlliniCover[20736:3c520e] [com.apple.UIKit:EventDispatch] Evaluating dispatch of UIEvent: 0x108599100; type: 0; subtype: 0; backing type: 11; shouldSend: 0; ignoreInteractionEvents: 0, systemGestureStateChange: 0
2026-08-12 15:24:23.555 Df IlliniCover[20736:3c520e] [com.apple.UIKit:EventDispatch] Evaluating dispatch of UIEvent: 0x108599100; type: 0; subtype: 0; backing type: 11; shouldSend: 0; ignoreInteractionEvents: 0, systemGestureStateChange: 0
2026-08-12 15:24:23.572 Df IlliniCover[20736:3c520e] [com.apple.UIKit:EventDispatch] Evaluating dispatch of UIEvent: 0x108599100; type: 0; subtype: 0; backing type: 11; shouldSend: 0; ignoreInteractionEvents: 0, systemGestureStateChange: 0
2026-08-12 15:24:23.588 Df IlliniCover[20736:3c520e] [com.apple.UIKit:EventDispatch] Evaluating dispatch of UIEvent: 0x108599100; type: 0; subtype: 0; backing type: 11; shouldSend: 0; ignoreInteractionEvents: 0, systemGestureStateChange: 0
2026-08-12 15:24:23.605 Df IlliniCover[20736:3c520e] [com.apple.UIKit:EventDispatch] Evaluating dispatch of UIEvent: 0x108599100; type: 0; subtype: 0; backing type: 11; shouldSend: 0; ignoreInteractionEvents: 0, systemGestureStateChange: 0
2026-08-12 15:24:23.622 Df IlliniCover[20736:3c520e] [com.apple.UIKit:EventDispatch] Evaluating dispatch of UIEvent: 0x108599100; type: 0; subtype: 0; backing type: 11; shouldSend: 0; ignoreInteractionEvents: 0, systemGestureStateChange: 0
2026-08-12 15:24:23.638 Df IlliniCover[20736:3c520e] [com.apple.UIKit:EventDispatch] Evaluating dispatch of UIEvent: 0x108599100; type: 0; subtype: 0; backing type: 11; shouldSend: 0; ignoreInteractionEvents: 0, systemGestureStateChange: 0
2026-08-12 15:24:23.655 Df IlliniCover[20736:3c520e] [com.apple.UIKit:EventDispatch] Evaluating dispatch of UIEvent: 0x108599100; type: 0; subtype: 0; backing type: 11; shouldSend: 0; ignoreInteractionEvents: 0, systemGestureStateChange: 0
2026-08-12 15:24:23.672 Df IlliniCover[20736:3c520e] [com.apple.UIKit:EventDispatch] Evaluating dispatch of UIEvent: 0x108599100; type: 0; subtype: 0; backing type: 11; shouldSend: 0; ignoreInteractionEvents: 0, systemGestureStateChange: 0
2026-08-12 15:24:23.680 Df IlliniCover[20736:3c520e] [com.apple.UIKit:UICMILifecycle] performAllCompletions for animator: <_UIContextMenuAnimator: 0x123127de0>
2026-08-12 15:24:23.704 Df IlliniCover[20736:3c520e] [com.apple.UIKit:EventDispatch] Evaluating dispatch of UIEvent: 0x108599100; type: 0; subtype: 0; backing type: 11; shouldSend: 0; ignoreInteractionEvents: 0, systemGestureStateChange: 0
2026-08-12 15:24:23.718 Df IlliniCover[20736:3c520e] [com.apple.UIKit:EventDispatch] Evaluating dispatch of UIEvent: 0x108599100; type: 0; subtype: 0; backing type: 11; shouldSend: 0; ignoreInteractionEvents: 0, systemGestureStateChange: 0
2026-08-12 15:24:23.738 Df IlliniCover[20736:3c520e] [com.apple.UIKit:EventDispatch] Evaluating dispatch of UIEvent: 0x108599100; type: 0; subtype: 0; backing type: 11; shouldSend: 0; ignoreInteractionEvents: 0, systemGestureStateChange: 0
2026-08-12 15:24:23.755 Df IlliniCover[20736:3c520e] [com.apple.UIKit:EventDispatch] Evaluating dispatch of UIEvent: 0x108599100; type: 0; subtype: 0; backing type: 11; shouldSend: 0; ignoreInteractionEvents: 0, systemGestureStateChange: 0
2026-08-12 15:24:23.772 Df IlliniCover[20736:3c520e] [com.apple.UIKit:EventDispatch] Evaluating dispatch of UIEvent: 0x108599100; type: 0; subtype: 0; backing type: 11; shouldSend: 0; ignoreInteractionEvents: 0, systemGestureStateChange: 0
2026-08-12 15:24:23.788 Df IlliniCover[20736:3c520e] [com.apple.UIKit:EventDispatch] Evaluating dispatch of UIEvent: 0x108599100; type: 0; subtype: 0; backing type: 11; shouldSend: 0; ignoreInteractionEvents: 0, systemGestureStateChange: 0
2026-08-12 15:24:23.805 Df IlliniCover[20736:3c520e] [com.apple.UIKit:EventDispatch] Evaluating dispatch of UIEvent: 0x108599100; type: 0; subtype: 0; backing type: 11; shouldSend: 0; ignoreInteractionEvents: 0, systemGestureStateChange: 0
2026-08-12 15:24:23.822 Df IlliniCover[20736:3c520e] [com.apple.UIKit:EventDispatch] Evaluating dispatch of UIEvent: 0x108599100; type: 0; subtype: 0; backing type: 11; shouldSend: 0; ignoreInteractionEvents: 0, systemGestureStateChange: 0
2026-08-12 15:24:23.838 Df IlliniCover[20736:3c520e] [com.apple.UIKit:EventDispatch] Evaluating dispatch of UIEvent: 0x108599100; type: 0; subtype: 0; backing type: 11; shouldSend: 0; ignoreInteractionEvents: 0, systemGestureStateChange: 0
2026-08-12 15:24:23.855 Df IlliniCover[20736:3c520e] [com.apple.UIKit:EventDispatch] Evaluating dispatch of UIEvent: 0x108599100; type: 0; subtype: 0; backing type: 11; shouldSend: 0; ignoreInteractionEvents: 0, systemGestureStateChange: 0
2026-08-12 15:24:23.872 Df IlliniCover[20736:3c520e] [com.apple.UIKit:EventDispatch] Evaluating dispatch of UIEvent: 0x108599100; type: 0; subtype: 0; backing type: 11; shouldSend: 0; ignoreInteractionEvents: 0, systemGestureStateChange: 0
2026-08-12 15:24:23.888 Df IlliniCover[20736:3c520e] [com.apple.UIKit:EventDispatch] Evaluating dispatch of UIEvent: 0x108599100; type: 0; subtype: 0; backing type: 11; shouldSend: 0; ignoreInteractionEvents: 0, systemGestureStateChange: 0
2026-08-12 15:24:23.905 Df IlliniCover[20736:3c520e] [com.apple.UIKit:EventDispatch] Evaluating dispatch of UIEvent: 0x108599100; type: 0; subtype: 0; backing type: 11; shouldSend: 0; ignoreInteractionEvents: 0, systemGestureStateChange: 0
2026-08-12 15:24:23.922 Df IlliniCover[20736:3c520e] [com.apple.UIKit:EventDispatch] Evaluating dispatch of UIEvent: 0x108599100; type: 0; subtype: 0; backing type: 11; shouldSend: 0; ignoreInteractionEvents: 0, systemGestureStateChange: 0
2026-08-12 15:24:23.938 Df IlliniCover[20736:3c520e] [com.apple.UIKit:EventDispatch] Evaluating dispatch of UIEvent: 0x108599100; type: 0; subtype: 0; backing type: 11; shouldSend: 0; ignoreInteractionEvents: 0, systemGestureStateChange: 0
2026-08-12 15:24:23.955 Df IlliniCover[20736:3c520e] [com.apple.UIKit:EventDispatch] Evaluating dispatch of UIEvent: 0x108599100; type: 0; subtype: 0; backing type: 11; shouldSend: 0; ignoreInteractionEvents: 0, systemGestureStateChange: 0
2026-08-12 15:24:23.972 Df IlliniCover[20736:3c520e] [com.apple.UIKit:EventDispatch] Evaluating dispatch of UIEvent: 0x108599100; type: 0; subtype: 0; backing type: 11; shouldSend: 0; ignoreInteractionEvents: 0, systemGestureStateChange: 0
2026-08-12 15:24:23.988 Df IlliniCover[20736:3c520e] [com.apple.UIKit:EventDispatch] Evaluating dispatch of UIEvent: 0x108599100; type: 0; subtype: 0; backing type: 11; shouldSend: 0; ignoreInteractionEvents: 0, systemGestureStateChange: 0
2026-08-12 15:24:24.005 Df IlliniCover[20736:3c520e] [com.apple.UIKit:EventDispatch] Evaluating dispatch of UIEvent: 0x108599100; type: 0; subtype: 0; backing type: 11; shouldSend: 0; ignoreInteractionEvents: 0, systemGestureStateChange: 0
2026-08-12 15:24:24.022 Df IlliniCover[20736:3c520e] [com.apple.UIKit:EventDispatch] Evaluating dispatch of UIEvent: 0x108599100; type: 0; subtype: 0; backing type: 11; shouldSend: 0; ignoreInteractionEvents: 0, systemGestureStateChange: 0
2026-08-12 15:24:24.038 Df IlliniCover[20736:3c520e] [com.apple.UIKit:EventDispatch] Evaluating dispatch of UIEvent: 0x108599100; type: 0; subtype: 0; backing type: 11; shouldSend: 0; ignoreInteractionEvents: 0, systemGestureStateChange: 0
2026-08-12 15:24:24.055 Df IlliniCover[20736:3c520e] [com.apple.UIKit:EventDispatch] Evaluating dispatch of UIEvent: 0x108599100; type: 0; subtype: 0; backing type: 11; shouldSend: 0; ignoreInteractionEvents: 0, systemGestureStateChange: 0
2026-08-12 15:24:24.072 Df IlliniCover[20736:3c520e] [com.apple.UIKit:EventDispatch] Evaluating dispatch of UIEvent: 0x108599100; type: 0; subtype: 0; backing type: 11; shouldSend: 0; ignoreInteractionEvents: 0, systemGestureStateChange: 0
2026-08-12 15:24:24.088 Df IlliniCover[20736:3c520e] [com.apple.UIKit:EventDispatch] Evaluating dispatch of UIEvent: 0x108599100; type: 0; subtype: 0; backing type: 11; shouldSend: 0; ignoreInteractionEvents: 0, systemGestureStateChange: 0
2026-08-12 15:24:24.105 Df IlliniCover[20736:3c520e] [com.apple.UIKit:EventDispatch] Evaluating dispatch of UIEvent: 0x108599100; type: 0; subtype: 0; backing type: 11; shouldSend: 0; ignoreInteractionEvents: 0, systemGestureStateChange: 0
2026-08-12 15:24:24.122 Df IlliniCover[20736:3c520e] [com.apple.UIKit:EventDispatch] Evaluating dispatch of UIEvent: 0x108599100; type: 0; subtype: 0; backing type: 11; shouldSend: 0; ignoreInteractionEvents: 0, systemGestureStateChange: 0
2026-08-12 15:24:24.138 Df IlliniCover[20736:3c520e] [com.apple.UIKit:EventDispatch] Evaluating dispatch of UIEvent: 0x108599100; type: 0; subtype: 0; backing type: 11; shouldSend: 0; ignoreInteractionEvents: 0, systemGestureStateChange: 0
2026-08-12 15:24:24.155 Df IlliniCover[20736:3c520e] [com.apple.UIKit:EventDispatch] Evaluating dispatch of UIEvent: 0x108599100; type: 0; subtype: 0; backing type: 11; shouldSend: 0; ignoreInteractionEvents: 0, systemGestureStateChange: 0
2026-08-12 15:24:24.172 Df IlliniCover[20736:3c520e] [com.apple.UIKit:EventDispatch] Evaluating dispatch of UIEvent: 0x108599100; type: 0; subtype: 0; backing type: 11; shouldSend: 0; ignoreInteractionEvents: 0, systemGestureStateChange: 0
2026-08-12 15:24:24.188 Df IlliniCover[20736:3c520e] [com.apple.UIKit:EventDispatch] Evaluating dispatch of UIEvent: 0x108599100; type: 0; subtype: 0; backing type: 11; shouldSend: 0; ignoreInteractionEvents: 0, systemGestureStateChange: 0
2026-08-12 15:24:24.205 Df IlliniCover[20736:3c520e] [com.apple.UIKit:EventDispatch] Evaluating dispatch of UIEvent: 0x108599100; type: 0; subtype: 0; backing type: 11; shouldSend: 0; ignoreInteractionEvents: 0, systemGestureStateChange: 0
2026-08-12 15:24:24.222 Df IlliniCover[20736:3c520e] [com.apple.UIKit:EventDispatch] Evaluating dispatch of UIEvent: 0x108599100; type: 0; subtype: 0; backing type: 11; shouldSend: 0; ignoreInteractionEvents: 0, systemGestureStateChange: 0
2026-08-12 15:24:24.238 Df IlliniCover[20736:3c520e] [com.apple.UIKit:EventDispatch] Evaluating dispatch of UIEvent: 0x108599100; type: 0; subtype: 0; backing type: 11; shouldSend: 0; ignoreInteractionEvents: 0, systemGestureStateChange: 0
2026-08-12 15:24:24.255 Df IlliniCover[20736:3c520e] [com.apple.UIKit:EventDispatch] Evaluating dispatch of UIEvent: 0x108599100; type: 0; subtype: 0; backing type: 11; shouldSend: 0; ignoreInteractionEvents: 0, systemGestureStateChange: 0
2026-08-12 15:24:24.272 Df IlliniCover[20736:3c520e] [com.apple.UIKit:EventDispatch] Evaluating dispatch of UIEvent: 0x108599100; type: 0; subtype: 0; backing type: 11; shouldSend: 0; ignoreInteractionEvents: 0, systemGestureStateChange: 0
2026-08-12 15:24:24.288 Df IlliniCover[20736:3c520e] [com.apple.UIKit:EventDispatch] Evaluating dispatch of UIEvent: 0x108599100; type: 0; subtype: 0; backing type: 11; shouldSend: 0; ignoreInteractionEvents: 0, systemGestureStateChange: 0
2026-08-12 15:24:24.305 Df IlliniCover[20736:3c520e] [com.apple.UIKit:EventDispatch] Evaluating dispatch of UIEvent: 0x108599100; type: 0; subtype: 0; backing type: 11; shouldSend: 0; ignoreInteractionEvents: 0, systemGestureStateChange: 0
2026-08-12 15:24:24.322 Df IlliniCover[20736:3c520e] [com.apple.UIKit:EventDispatch] Evaluating dispatch of UIEvent: 0x108599100; type: 0; subtype: 0; backing type: 11; shouldSend: 0; ignoreInteractionEvents: 0, systemGestureStateChange: 0
2026-08-12 15:24:24.338 Df IlliniCover[20736:3c520e] [com.apple.UIKit:EventDispatch] Evaluating dispatch of UIEvent: 0x108599100; type: 0; subtype: 0; backing type: 11; shouldSend: 0; ignoreInteractionEvents: 0, systemGestureStateChange: 0
2026-08-12 15:24:24.355 Df IlliniCover[20736:3c520e] [com.apple.UIKit:EventDispatch] Evaluating dispatch of UIEvent: 0x108599100; type: 0; subtype: 0; backing type: 11; shouldSend: 0; ignoreInteractionEvents: 0, systemGestureStateChange: 0
2026-08-12 15:24:24.372 Df IlliniCover[20736:3c520e] [com.apple.UIKit:EventDispatch] Evaluating dispatch of UIEvent: 0x108599100; type: 0; subtype: 0; backing type: 11; shouldSend: 0; ignoreInteractionEvents: 0, systemGestureStateChange: 0
2026-08-12 15:24:24.388 Df IlliniCover[20736:3c520e] [com.apple.UIKit:EventDispatch] Evaluating dispatch of UIEvent: 0x108599100; type: 0; subtype: 0; backing type: 11; shouldSend: 0; ignoreInteractionEvents: 0, systemGestureStateChange: 0
2026-08-12 15:24:24.405 Df IlliniCover[20736:3c520e] [com.apple.UIKit:EventDispatch] Evaluating dispatch of UIEvent: 0x108599100; type: 0; subtype: 0; backing type: 11; shouldSend: 0; ignoreInteractionEvents: 0, systemGestureStateChange: 0
2026-08-12 15:24:24.422 Df IlliniCover[20736:3c520e] [com.apple.UIKit:EventDispatch] Evaluating dispatch of UIEvent: 0x108599100; type: 0; subtype: 0; backing type: 11; shouldSend: 0; ignoreInteractionEvents: 0, systemGestureStateChange: 0
2026-08-12 15:24:24.438 Df IlliniCover[20736:3c520e] [com.apple.UIKit:EventDispatch] Evaluating dispatch of UIEvent: 0x108599100; type: 0; subtype: 0; backing type: 11; shouldSend: 0; ignoreInteractionEvents: 0, systemGestureStateChange: 0
2026-08-12 15:24:24.455 Df IlliniCover[20736:3c520e] [com.apple.UIKit:EventDispatch] Evaluating dispatch of UIEvent: 0x108599100; type: 0; subtype: 0; backing type: 11; shouldSend: 0; ignoreInteractionEvents: 0, systemGestureStateChange: 0
2026-08-12 15:24:24.472 Df IlliniCover[20736:3c520e] [com.apple.UIKit:EventDispatch] Evaluating dispatch of UIEvent: 0x108599100; type: 0; subtype: 0; backing type: 11; shouldSend: 0; ignoreInteractionEvents: 0, systemGestureStateChange: 0
2026-08-12 15:24:24.488 Df IlliniCover[20736:3c520e] [com.apple.UIKit:EventDispatch] Evaluating dispatch of UIEvent: 0x108599100; type: 0; subtype: 0; backing type: 11; shouldSend: 0; ignoreInteractionEvents: 0, systemGestureStateChange: 0
2026-08-12 15:24:24.505 Df IlliniCover[20736:3c520e] [com.apple.UIKit:EventDispatch] Evaluating dispatch of UIEvent: 0x108599100; type: 0; subtype: 0; backing type: 11; shouldSend: 0; ignoreInteractionEvents: 0, systemGestureStateChange: 0
2026-08-12 15:24:24.522 Df IlliniCover[20736:3c520e] [com.apple.UIKit:EventDispatch] Evaluating dispatch of UIEvent: 0x108599100; type: 0; subtype: 0; backing type: 11; shouldSend: 0; ignoreInteractionEvents: 0, systemGestureStateChange: 0
2026-08-12 15:24:24.538 Df IlliniCover[20736:3c520e] [com.apple.UIKit:EventDispatch] Evaluating dispatch of UIEvent: 0x108599100; type: 0; subtype: 0; backing type: 11; shouldSend: 0; ignoreInteractionEvents: 0, systemGestureStateChange: 0
2026-08-12 15:24:24.555 Df IlliniCover[20736:3c520e] [com.apple.UIKit:EventDispatch] Evaluating dispatch of UIEvent: 0x108599100; type: 0; subtype: 0; backing type: 11; shouldSend: 0; ignoreInteractionEvents: 0, systemGestureStateChange: 0
2026-08-12 15:24:24.572 Df IlliniCover[20736:3c520e] [com.apple.UIKit:EventDispatch] Evaluating dispatch of UIEvent: 0x108599100; type: 0; subtype: 0; backing type: 11; shouldSend: 0; ignoreInteractionEvents: 0, systemGestureStateChange: 0
2026-08-12 15:24:24.588 Df IlliniCover[20736:3c520e] [com.apple.UIKit:EventDispatch] Evaluating dispatch of UIEvent: 0x108599100; type: 0; subtype: 0; backing type: 11; shouldSend: 0; ignoreInteractionEvents: 0, systemGestureStateChange: 0
2026-08-12 15:24:24.605 Df IlliniCover[20736:3c520e] [com.apple.UIKit:EventDispatch] Evaluating dispatch of UIEvent: 0x108599100; type: 0; subtype: 0; backing type: 11; shouldSend: 0; ignoreInteractionEvents: 0, systemGestureStateChange: 0
2026-08-12 15:24:24.622 Df IlliniCover[20736:3c520e] [com.apple.UIKit:EventDispatch] Evaluating dispatch of UIEvent: 0x108599100; type: 0; subtype: 0; backing type: 11; shouldSend: 0; ignoreInteractionEvents: 0, systemGestureStateChange: 0
2026-08-12 15:24:24.638 Df IlliniCover[20736:3c520e] [com.apple.UIKit:EventDispatch] Evaluating dispatch of UIEvent: 0x108599100; type: 0; subtype: 0; backing type: 11; shouldSend: 0; ignoreInteractionEvents: 0, systemGestureStateChange: 0
2026-08-12 15:24:24.655 Df IlliniCover[20736:3c520e] [com.apple.UIKit:EventDispatch] Evaluating dispatch of UIEvent: 0x108599100; type: 0; subtype: 0; backing type: 11; shouldSend: 0; ignoreInteractionEvents: 0, systemGestureStateChange: 0
2026-08-12 15:24:24.672 Df IlliniCover[20736:3c520e] [com.apple.UIKit:EventDispatch] Evaluating dispatch of UIEvent: 0x108599100; type: 0; subtype: 0; backing type: 11; shouldSend: 0; ignoreInteractionEvents: 0, systemGestureStateChange: 0
2026-08-12 15:24:24.688 Df IlliniCover[20736:3c520e] [com.apple.UIKit:EventDispatch] Evaluating dispatch of UIEvent: 0x108599100; type: 0; subtype: 0; backing type: 11; shouldSend: 0; ignoreInteractionEvents: 0, systemGestureStateChange: 0
2026-08-12 15:24:24.705 Df IlliniCover[20736:3c520e] [com.apple.UIKit:EventDispatch] Evaluating dispatch of UIEvent: 0x108599100; type: 0; subtype: 0; backing type: 11; shouldSend: 0; ignoreInteractionEvents: 0, systemGestureStateChange: 0
2026-08-12 15:24:24.722 Df IlliniCover[20736:3c520e] [com.apple.UIKit:EventDispatch] Evaluating dispatch of UIEvent: 0x108599100; type: 0; subtype: 0; backing type: 11; shouldSend: 0; ignoreInteractionEvents: 0, systemGestureStateChange: 0
2026-08-12 15:24:24.738 Df IlliniCover[20736:3c520e] [com.apple.UIKit:EventDispatch] Evaluating dispatch of UIEvent: 0x108599100; type: 0; subtype: 0; backing type: 11; shouldSend: 0; ignoreInteractionEvents: 0, systemGestureStateChange: 0
2026-08-12 15:24:24.755 Df IlliniCover[20736:3c520e] [com.apple.UIKit:EventDispatch] Evaluating dispatch of UIEvent: 0x108599100; type: 0; subtype: 0; backing type: 11; shouldSend: 0; ignoreInteractionEvents: 0, systemGestureStateChange: 0
2026-08-12 15:24:24.772 Df IlliniCover[20736:3c520e] [com.apple.UIKit:EventDispatch] Evaluating dispatch of UIEvent: 0x108599100; type: 0; subtype: 0; backing type: 11; shouldSend: 0; ignoreInteractionEvents: 0, systemGestureStateChange: 0
2026-08-12 15:24:24.788 Df IlliniCover[20736:3c520e] [com.apple.UIKit:EventDispatch] Evaluating dispatch of UIEvent: 0x108599100; type: 0; subtype: 0; backing type: 11; shouldSend: 0; ignoreInteractionEvents: 0, systemGestureStateChange: 0
2026-08-12 15:24:24.805 Df IlliniCover[20736:3c520e] [com.apple.UIKit:EventDispatch] Evaluating dispatch of UIEvent: 0x108599100; type: 0; subtype: 0; backing type: 11; shouldSend: 0; ignoreInteractionEvents: 0, systemGestureStateChange: 0
2026-08-12 15:24:24.822 Df IlliniCover[20736:3c520e] [com.apple.UIKit:EventDispatch] Evaluating dispatch of UIEvent: 0x108599100; type: 0; subtype: 0; backing type: 11; shouldSend: 0; ignoreInteractionEvents: 0, systemGestureStateChange: 0
2026-08-12 15:24:24.838 Df IlliniCover[20736:3c520e] [com.apple.UIKit:EventDispatch] Evaluating dispatch of UIEvent: 0x108599100; type: 0; subtype: 0; backing type: 11; shouldSend: 0; ignoreInteractionEvents: 0, systemGestureStateChange: 0
2026-08-12 15:24:24.855 Df IlliniCover[20736:3c520e] [com.apple.UIKit:EventDispatch] Evaluating dispatch of UIEvent: 0x108599100; type: 0; subtype: 0; backing type: 11; shouldSend: 0; ignoreInteractionEvents: 0, systemGestureStateChange: 0
2026-08-12 15:24:24.872 Df IlliniCover[20736:3c520e] [com.apple.UIKit:EventDispatch] Evaluating dispatch of UIEvent: 0x108599100; type: 0; subtype: 0; backing type: 11; shouldSend: 0; ignoreInteractionEvents: 0, systemGestureStateChange: 0
2026-08-12 15:24:24.872 Df IlliniCover[20736:3c520e] [com.apple.UIKit:EventDispatch] Evaluating dispatch of UIEvent: 0x108599100; type: 0; subtype: 0; backing type: 11; shouldSend: 1; ignoreInteractionEvents: 0, systemGestureStateChange: 0
2026-08-12 15:24:24.872 Df IlliniCover[20736:3c520e] [com.apple.UIKit:EventDispatch] Sending UIEvent type: 0; subtype: 0; to windows: 1
2026-08-12 15:24:24.872 Df IlliniCover[20736:3c520e] [com.apple.UIKit:EventDispatch] Sending UIEvent type: 0; subtype: 0; to window: <UIWindow: 0x10861c400>; contextId: 0xE1188449
2026-08-12 15:24:24.873 A  IlliniCover[20736:3c520e] (UIKitCore) send gesture actions
2026-08-12 15:24:25.385 Df IlliniCover[20736:3c52d8] [com.apple.dt.xctest:Default] Received request to fetch matches for query:
2026-08-12 15:24:25.385 Df IlliniCover[20736:3c52d8] [com.apple.dt.xctest:Default] Evaluating query:
2026-08-12 15:24:25.385 Df IlliniCover[20736:3c52d8] [com.apple.dt.xctest:Default] Getting root element snapshot
2026-08-12 15:24:25.385 Df IlliniCover[20736:3c52d8] [com.apple.dt.xctest:Default] Getting snapshot for App element pid: 20736 for query
2026-08-12 15:24:25.385 Df IlliniCover[20736:3c52d8] [com.apple.dt.xctest:Default] Query requires iOS snapshot attributes .
2026-08-12 15:24:25.385 Df IlliniCover[20736:3c52d8] [com.apple.dt.xctest:Default] XCTPerformOnMainRunLoop[not MT]: about to CFRunLoopPerform
2026-08-12 15:24:25.385 Df IlliniCover[20736:3c52d8] [com.apple.dt.xctest:Default] XCTPerformOnMainRunLoop[not MT]: waiting with 30.00s responsiveness timeout
2026-08-12 15:24:25.385 Df IlliniCover[20736:3c520e] [com.apple.dt.xctest:Default] XCTPerformOnMainRunLoop[MT]: inside CFRunLoopPerform
2026-08-12 15:24:25.385 Df IlliniCover[20736:3c520e] [com.apple.dt.xctest:Default] XCTPerformOnMainRunLoop[MT]: MT responded in time (won the race to the busy flag)
2026-08-12 15:24:25.385 Df IlliniCover[20736:3c52d8] [com.apple.dt.xctest:Default] XCTPerformOnMainRunLoop[not MT]: waiting 60.00s for work to complete
2026-08-12 15:24:25.385 Df IlliniCover[20736:3c520e] [com.apple.dt.xctest:Default] Got main window <AXUIElementRef 0x12307f810> {pid=20736} {uid=[ID:4 hash:0x10861c400]}
2026-08-12 15:24:25.385 Df IlliniCover[20736:3c520e] [com.apple.dt.xctest:Default] Capturing hierarchy with attributes XC_kAXXCAttributeElementType, XC_kAXXCAttributeElementBaseType, XC_kAXXCAttributeParent, XC_kAXXCAttributeIdentifier, XC_kAXXCAttributeAutomationType, XC_kAXXCAttributeTraits
2026-08-12 15:24:25.385 Df IlliniCover[20736:3c520e] [com.apple.dt.xctest:Default] Capturing hierarchy with parameters {
    attributes =     (
        5003,
        5004,
        5002,
        5019,
        5058,
        2004
    );
    maxArrayCount = 2147483647;
    maxChildren = 2147483647;
    maxDepth = 2147483647;
    snapshotKeyHonorModalViews = 0;
    traverseFromParentsToChildren = 1;
}
2026-08-12 15:24:25.385 Df IlliniCover[20736:3c520e] [com.apple.dt.xctest:Default] Snapshot attributes 5003, 5004, 5002, 5019, 5058, 2004
2026-08-12 15:24:25.455 Df IlliniCover[20736:3c520e] [com.apple.dt.xctest:Default] Got snapshot for <AXUIElementRef 0x12354ba80> {pid=20736} {uid=[ID:1 hash:0x0]}
2026-08-12 15:24:25.456 Df IlliniCover[20736:3c520e] [com.apple.dt.xctest:Default] Got app orientation 0
2026-08-12 15:24:25.456 Df IlliniCover[20736:3c520e] [com.apple.dt.xctest:Default] Captured accessibility snapshot data in 0.07s
2026-08-12 15:24:25.456 Df IlliniCover[20736:3c52d8] [com.apple.dt.xctest:Default] Found main window: Window
2026-08-12 15:24:25.456 Df IlliniCover[20736:3c52d8] [com.apple.dt.xctest:Default] Preferring automation type 48 instead of legacy element type OTHER derived from class/trait: UILabel:UILabel 8590000128
2026-08-12 15:24:25.456 Df IlliniCover[20736:3c52d8] [com.apple.dt.xctest:Default] Other is not actually a child of Other, including at this point anyway (rdar://problem/20738636)
2026-08-12 15:24:25.456 Df IlliniCover[20736:3c52d8] [com.apple.dt.xctest:Default] Other is not actually a child of Other, including at this point anyway (rdar://problem/20738636)
2026-08-12 15:24:25.456 Df IlliniCover[20736:3c52d8] [com.apple.dt.xctest:Default] Other is not actually a child of Other, including at this point anyway (rdar://problem/20738636)
2026-08-12 15:24:25.456 Df IlliniCover[20736:3c52d8] [com.apple.dt.xctest:Default] Other is not actually a child of Other, including at this point anyway (rdar://problem/20738636)
2026-08-12 15:24:25.456 Df IlliniCover[20736:3c52d8] [com.apple.dt.xctest:Default] Other is not actually a child of Other, including at this point anyway (rdar://problem/20738636)
2026-08-12 15:24:25.456 Df IlliniCover[20736:3c52d8] [com.apple.dt.xctest:Default] Other is not actually a child of Other, including at this point anyway (rdar://problem/20738636)
2026-08-12 15:24:25.457 Df IlliniCover[20736:3c52d8] [com.apple.dt.xctest:Default] Other is not actually a child of Other, including at this point anyway (rdar://problem/20738636)
2026-08-12 15:24:25.457 Df IlliniCover[20736:3c52d8] [com.apple.dt.xctest:Default] Other is not actually a child of Other, including at this point anyway (rdar://problem/20738636)
2026-08-12 15:24:25.457 Df IlliniCover[20736:3c52d8] [com.apple.dt.xctest:Default] Other is not actually a child of Other, including at this point anyway (rdar://problem/20738636)
2026-08-12 15:24:25.457 Df IlliniCover[20736:3c52d8] [com.apple.dt.xctest:Default] Other is not actually a child of Other, including at this point anyway (rdar://problem/20738636)
2026-08-12 15:24:25.457 Df IlliniCover[20736:3c52d8] [com.apple.dt.xctest:Default] Other is not actually a child of Other, including at this point anyway (rdar://problem/20738636)
2026-08-12 15:24:25.457 Df IlliniCover[20736:3c52d8] [com.apple.dt.xctest:Default] Other is not actually a child of Other, including at this point anyway (rdar://problem/20738636)
2026-08-12 15:24:25.457 Df IlliniCover[20736:3c52d8] [com.apple.dt.xctest:Default] Preferring automation type 75 instead of legacy element type OTHER derived from class/trait: _UIContextMenuCell:_UIContextMenuCell 146028888064
2026-08-12 15:24:25.457 Df IlliniCover[20736:3c52d8] [com.apple.dt.xctest:Default] App orientation is 0 (not portrait) and UITextEffectsWindow window Window is not main window
2026-08-12 15:24:25.457 Df IlliniCover[20736:3c52d8] [com.apple.dt.xctest:Default] Leaving frame unchanged for Window: either already correct or we can't detect it.
2026-08-12 15:24:25.457 Df IlliniCover[20736:3c52d8] [com.apple.dt.xctest:Default] Query  found matching snapshots: {(
    Application, pid: 20736
)} (error: (null))
2026-08-12 15:24:25.458 Df IlliniCover[20736:3c52d8] [com.apple.dt.xctest:Default] Replying to query  with results: <XCTElementQueryResults: 0x123189140> (error: (null))
2026-08-12 15:24:26.340 Df IlliniCover[20736:3c52d8] [com.apple.xpc:connection] [0x108574480] invalidated because the client process (pid 20635) either cancelled the connection or exited
2026-08-12 15:24:26.340 Df IlliniCover[20736:3c52d8] [com.apple.dt.xctest:Default] Connection from client with pid 20635 was invalidated.
2026-08-12 15:24:26.345 Df IlliniCover[20736:3c522d] [com.apple.dt.automationmode:Default] Handling posted change notification (com.apple.dt.automationmode.state-changed)
2026-08-12 15:24:26.345 Df IlliniCover[20736:3c522d] [com.apple.dt.automationmode:Default] XAM shared observer connecting to com.apple.dt.automationmode.reader
2026-08-12 15:24:26.345 Df IlliniCover[20736:3c522d] [com.apple.xpc:connection] [0x123289900] activating connection: mach=true listener=false peer=false name=com.apple.dt.automationmode.reader
2026-08-12 15:24:26.347 Df IlliniCover[20736:3c522d] [com.apple.xpc:connection] [0x123289900] invalidated because the current process cancelled the connection by calling xpc_connection_cancel()
2026-08-12 15:24:26.347 Df IlliniCover[20736:3c522d] [com.apple.dt.automationmode:Default] Comparing previous enabled state (1) to current enabled state (0)
2026-08-12 15:24:26.347 Df IlliniCover[20736:3c52d8] [com.apple.dt.xctest:Default] Automation Mode has been disabled, existing connections will be invalidated.
2026-08-12 15:24:27.569 Df IlliniCover[20736:3c52d8] [com.apple.launchservices:db] NotifyToken::RegisterDispatch(com.apple.LaunchServices.database) fired for session key LSSessionKey(system: 0 uid: 501)
2026-08-12 15:24:35.528 Df IlliniCover[20736:3c522d] [com.apple.dt.automationmode:Default] Handling posted change notification (com.apple.dt.automationmode.state-changed)
2026-08-12 15:24:35.529 Df IlliniCover[20736:3c522d] [com.apple.dt.automationmode:Default] XAM shared observer connecting to com.apple.dt.automationmode.reader
2026-08-12 15:24:35.529 Df IlliniCover[20736:3c522d] [com.apple.xpc:connection] [0x123289900] activating connection: mach=true listener=false peer=false name=com.apple.dt.automationmode.reader
2026-08-12 15:24:35.532 A  IlliniCover[20736:3c52d8] (CoreFoundation) Loading Preferences From User Session CFPrefsD
2026-08-12 15:24:35.535 Df IlliniCover[20736:3c522d] [com.apple.xpc:connection] [0x123289900] invalidated because the current process cancelled the connection by calling xpc_connection_cancel()
2026-08-12 15:24:35.535 Df IlliniCover[20736:3c522d] [com.apple.dt.automationmode:Default] Comparing previous enabled state (0) to current enabled state (1)
2026-08-12 15:24:37.809 Df IlliniCover[20736:3c522d] [com.apple.dt.xctest:Default] Received request for endpoint.
2026-08-12 15:24:37.810 Df IlliniCover[20736:3c522d] [com.apple.dt.xctest:Default] Sending anonymous endpoint.
2026-08-12 15:24:37.810 Df IlliniCover[20736:3c522d] [com.apple.xpc:connection] [0x1085e97c0] Connection returned listener port: 0x780b
2026-08-12 15:24:37.811 Df IlliniCover[20736:3c522d] [com.apple.dt.xctest:Default] Received client to target connection.
2026-08-12 15:24:37.811 Df IlliniCover[20736:3c522d] [com.apple.dt.automationmode:Default] Returning 1 for enabled state
2026-08-12 15:24:37.811 Df IlliniCover[20736:3c522d] [com.apple.xpc:connection] [0x1244e0c00] activating connection: mach=false listener=false peer=true name=com.apple.xpc.anonymous.0x1085e97c0.peer[20909].0x1244e0c00
2026-08-12 15:24:37.812 Df IlliniCover[20736:3c522d] [com.apple.dt.xctest:Default] Received request to exchange capabilities, remote interface capabilities are: <XCTCapabilities: 0x12325b890>: {
    "query runtime issue reporting" = 1;
    "query runtime issue reporting/automation type mismatch" = 1;
}
2026-08-12 15:24:37.813 Df IlliniCover[20736:3c522d] [com.apple.dt.xctest:Default] Received request to fetch matches for query:
2026-08-12 15:24:37.813 Df IlliniCover[20736:3c52d8] [com.apple.dt.xctest:Default] Evaluating query:
2026-08-12 15:24:37.813 Df IlliniCover[20736:3c52d8] [com.apple.dt.xctest:Default] Getting root element snapshot
2026-08-12 15:24:37.813 Df IlliniCover[20736:3c52d8] [com.apple.dt.xctest:Default] Getting snapshot for App element pid: 20736 for query
2026-08-12 15:24:37.814 Df IlliniCover[20736:3c52d8] [com.apple.dt.xctest:Default] Query requires iOS snapshot attributes .
2026-08-12 15:24:37.814 Df IlliniCover[20736:3c52d8] [com.apple.dt.xctest:Default] XCTPerformOnMainRunLoop[not MT]: about to CFRunLoopPerform
2026-08-12 15:24:37.814 Df IlliniCover[20736:3c52d8] [com.apple.dt.xctest:Default] XCTPerformOnMainRunLoop[not MT]: waiting with 30.00s responsiveness timeout
2026-08-12 15:24:37.814 Df IlliniCover[20736:3c520e] [com.apple.dt.xctest:Default] XCTPerformOnMainRunLoop[MT]: inside CFRunLoopPerform
2026-08-12 15:24:37.814 Df IlliniCover[20736:3c520e] [com.apple.dt.xctest:Default] XCTPerformOnMainRunLoop[MT]: MT responded in time (won the race to the busy flag)
2026-08-12 15:24:37.814 Df IlliniCover[20736:3c52d8] [com.apple.dt.xctest:Default] XCTPerformOnMainRunLoop[not MT]: waiting 60.00s for work to complete
2026-08-12 15:24:37.814 Df IlliniCover[20736:3c520e] [com.apple.dt.xctest:Default] Got main window <AXUIElementRef 0x123748db0> {pid=20736} {uid=[ID:4 hash:0x10861c400]}
2026-08-12 15:24:37.815 Df IlliniCover[20736:3c520e] [com.apple.dt.xctest:Default] Capturing hierarchy with attributes XC_kAXXCAttributeElementType, XC_kAXXCAttributeElementBaseType, XC_kAXXCAttributeParent, XC_kAXXCAttributeIdentifier, XC_kAXXCAttributeAutomationType, XC_kAXXCAttributeTraits
2026-08-12 15:24:37.815 Df IlliniCover[20736:3c520e] [com.apple.dt.xctest:Default] Capturing hierarchy with parameters {
    attributes =     (
        5003,
        5004,
        5002,
        5019,
        5058,
        2004
    );
    maxArrayCount = 2147483647;
    maxChildren = 2147483647;
    maxDepth = 2147483647;
    snapshotKeyHonorModalViews = 0;
    traverseFromParentsToChildren = 1;
}
2026-08-12 15:24:37.815 Df IlliniCover[20736:3c520e] [com.apple.dt.xctest:Default] Snapshot attributes 5003, 5004, 5002, 5019, 5058, 2004
2026-08-12 15:24:37.879 Df IlliniCover[20736:3c520e] [com.apple.dt.xctest:Default] Got snapshot for <AXUIElementRef 0x123442c70> {pid=20736} {uid=[ID:1 hash:0x0]}
2026-08-12 15:24:37.879 Df IlliniCover[20736:3c520e] [com.apple.dt.xctest:Default] Got app orientation 0
2026-08-12 15:24:37.879 Df IlliniCover[20736:3c520e] [com.apple.dt.xctest:Default] Captured accessibility snapshot data in 0.07s
2026-08-12 15:24:37.879 Df IlliniCover[20736:3c52d8] [com.apple.dt.xctest:Default] Found main window: Window
2026-08-12 15:24:37.879 Df IlliniCover[20736:3c52d8] [com.apple.dt.xctest:Default] Preferring automation type 48 instead of legacy element type OTHER derived from class/trait: UILabel:UILabel 8590000128
2026-08-12 15:24:37.880 Df IlliniCover[20736:3c52d8] [com.apple.dt.xctest:Default] Other is not actually a child of Other, including at this point anyway (rdar://problem/20738636)
2026-08-12 15:24:37.880 Df IlliniCover[20736:3c52d8] [com.apple.dt.xctest:Default] Other is not actually a child of Other, including at this point anyway (rdar://problem/20738636)
2026-08-12 15:24:37.880 Df IlliniCover[20736:3c52d8] [com.apple.dt.xctest:Default] Other is not actually a child of Other, including at this point anyway (rdar://problem/20738636)
2026-08-12 15:24:37.880 Df IlliniCover[20736:3c52d8] [com.apple.dt.xctest:Default] Other is not actually a child of Other, including at this point anyway (rdar://problem/20738636)
2026-08-12 15:24:37.880 Df IlliniCover[20736:3c52d8] [com.apple.dt.xctest:Default] Other is not actually a child of Other, including at this point anyway (rdar://problem/20738636)
2026-08-12 15:24:37.880 Df IlliniCover[20736:3c52d8] [com.apple.dt.xctest:Default] Other is not actually a child of Other, including at this point anyway (rdar://problem/20738636)
2026-08-12 15:24:37.880 Df IlliniCover[20736:3c52d8] [com.apple.dt.xctest:Default] Other is not actually a child of Other, including at this point anyway (rdar://problem/20738636)
2026-08-12 15:24:37.880 Df IlliniCover[20736:3c52d8] [com.apple.dt.xctest:Default] Other is not actually a child of Other, including at this point anyway (rdar://problem/20738636)
2026-08-12 15:24:37.880 Df IlliniCover[20736:3c52d8] [com.apple.dt.xctest:Default] Other is not actually a child of Other, including at this point anyway (rdar://problem/20738636)
2026-08-12 15:24:37.880 Df IlliniCover[20736:3c52d8] [com.apple.dt.xctest:Default] Other is not actually a child of Other, including at this point anyway (rdar://problem/20738636)
2026-08-12 15:24:37.880 Df IlliniCover[20736:3c52d8] [com.apple.dt.xctest:Default] Other is not actually a child of Other, including at this point anyway (rdar://problem/20738636)
2026-08-12 15:24:37.880 Df IlliniCover[20736:3c52d8] [com.apple.dt.xctest:Default] Other is not actually a child of Other, including at this point anyway (rdar://problem/20738636)
2026-08-12 15:24:37.881 Df IlliniCover[20736:3c52d8] [com.apple.dt.xctest:Default] Preferring automation type 75 instead of legacy element type OTHER derived from class/trait: _UIContextMenuCell:_UIContextMenuCell 146028888064
2026-08-12 15:24:37.881 Df IlliniCover[20736:3c52d8] [com.apple.dt.xctest:Default] App orientation is 0 (not portrait) and UITextEffectsWindow window Window is not main window
2026-08-12 15:24:37.881 Df IlliniCover[20736:3c52d8] [com.apple.dt.xctest:Default] Leaving frame unchanged for Window: either already correct or we can't detect it.
2026-08-12 15:24:37.881 Df IlliniCover[20736:3c52d8] [com.apple.dt.xctest:Default] Query  found matching snapshots: {(
    Application, pid: 20736
)} (error: (null))
2026-08-12 15:24:37.881 Df IlliniCover[20736:3c52d8] [com.apple.dt.xctest:Default] Replying to query  with results: <XCTElementQueryResults: 0x12322bea0> (error: (null))
2026-08-12 15:24:37.996 Df IlliniCover[20736:3c52d8] [com.apple.dt.xctest:Default] Received request to fetch matches for query:
2026-08-12 15:24:37.997 Df IlliniCover[20736:3c52d8] [com.apple.dt.xctest:Default] Evaluating query:
2026-08-12 15:24:37.997 Df IlliniCover[20736:3c52d8] [com.apple.dt.xctest:Default] Getting root element snapshot
2026-08-12 15:24:37.997 Df IlliniCover[20736:3c52d8] [com.apple.dt.xctest:Default] Getting snapshot for App element pid: 20736 for query
2026-08-12 15:24:37.997 Df IlliniCover[20736:3c52d8] [com.apple.dt.xctest:Default] Query requires iOS snapshot attributes .
2026-08-12 15:24:37.997 Df IlliniCover[20736:3c52d8] [com.apple.dt.xctest:Default] XCTPerformOnMainRunLoop[not MT]: about to CFRunLoopPerform
2026-08-12 15:24:37.997 Df IlliniCover[20736:3c52d8] [com.apple.dt.xctest:Default] XCTPerformOnMainRunLoop[not MT]: waiting with 30.00s responsiveness timeout
2026-08-12 15:24:37.997 Df IlliniCover[20736:3c520e] [com.apple.dt.xctest:Default] XCTPerformOnMainRunLoop[MT]: inside CFRunLoopPerform
2026-08-12 15:24:37.997 Df IlliniCover[20736:3c520e] [com.apple.dt.xctest:Default] XCTPerformOnMainRunLoop[MT]: MT responded in time (won the race to the busy flag)
2026-08-12 15:24:37.997 Df IlliniCover[20736:3c52d8] [com.apple.dt.xctest:Default] XCTPerformOnMainRunLoop[not MT]: waiting 60.00s for work to complete
2026-08-12 15:24:37.997 Df IlliniCover[20736:3c520e] [com.apple.dt.xctest:Default] Got main window <AXUIElementRef 0x12368de00> {pid=20736} {uid=[ID:4 hash:0x10861c400]}
2026-08-12 15:24:37.997 Df IlliniCover[20736:3c520e] [com.apple.dt.xctest:Default] Capturing hierarchy with attributes XC_kAXXCAttributeElementType, XC_kAXXCAttributeElementBaseType, XC_kAXXCAttributeParent, XC_kAXXCAttributeIdentifier, XC_kAXXCAttributeAutomationType, XC_kAXXCAttributeTraits
2026-08-12 15:24:37.997 Df IlliniCover[20736:3c520e] [com.apple.dt.xctest:Default] Capturing hierarchy with parameters {
    attributes =     (
        5003,
        5004,
        5002,
        5019,
        5058,
        2004
    );
    maxArrayCount = 2147483647;
    maxChildren = 2147483647;
    maxDepth = 2147483647;
    snapshotKeyHonorModalViews = 0;
    traverseFromParentsToChildren = 1;
}
2026-08-12 15:24:37.997 Df IlliniCover[20736:3c520e] [com.apple.dt.xctest:Default] Snapshot attributes 5003, 5004, 5002, 5019, 5058, 2004
2026-08-12 15:24:38.053 Df IlliniCover[20736:3c520e] [com.apple.dt.xctest:Default] Got snapshot for <AXUIElementRef 0x123494e70> {pid=20736} {uid=[ID:1 hash:0x0]}
2026-08-12 15:24:38.053 Df IlliniCover[20736:3c520e] [com.apple.dt.xctest:Default] Got app orientation 0
2026-08-12 15:24:38.053 Df IlliniCover[20736:3c520e] [com.apple.dt.xctest:Default] Captured accessibility snapshot data in 0.06s
2026-08-12 15:24:38.053 Df IlliniCover[20736:3c52d8] [com.apple.dt.xctest:Default] Found main window: Window
2026-08-12 15:24:38.053 Df IlliniCover[20736:3c52d8] [com.apple.dt.xctest:Default] Preferring automation type 48 instead of legacy element type OTHER derived from class/trait: UILabel:UILabel 8590000128
2026-08-12 15:24:38.053 Df IlliniCover[20736:3c52d8] [com.apple.dt.xctest:Default] Other is not actually a child of Other, including at this point anyway (rdar://problem/20738636)
2026-08-12 15:24:38.053 Df IlliniCover[20736:3c52d8] [com.apple.dt.xctest:Default] Other is not actually a child of Other, including at this point anyway (rdar://problem/20738636)
2026-08-12 15:24:38.053 Df IlliniCover[20736:3c52d8] [com.apple.dt.xctest:Default] Other is not actually a child of Other, including at this point anyway (rdar://problem/20738636)
2026-08-12 15:24:38.053 Df IlliniCover[20736:3c52d8] [com.apple.dt.xctest:Default] Other is not actually a child of Other, including at this point anyway (rdar://problem/20738636)
2026-08-12 15:24:38.053 Df IlliniCover[20736:3c52d8] [com.apple.dt.xctest:Default] Other is not actually a child of Other, including at this point anyway (rdar://problem/20738636)
2026-08-12 15:24:38.053 Df IlliniCover[20736:3c52d8] [com.apple.dt.xctest:Default] Other is not actually a child of Other, including at this point anyway (rdar://problem/20738636)
2026-08-12 15:24:38.054 Df IlliniCover[20736:3c52d8] [com.apple.dt.xctest:Default] Other is not actually a child of Other, including at this point anyway (rdar://problem/20738636)
2026-08-12 15:24:38.054 Df IlliniCover[20736:3c52d8] [com.apple.dt.xctest:Default] Other is not actually a child of Other, including at this point anyway (rdar://problem/20738636)
2026-08-12 15:24:38.054 Df IlliniCover[20736:3c52d8] [com.apple.dt.xctest:Default] Other is not actually a child of Other, including at this point anyway (rdar://problem/20738636)
2026-08-12 15:24:38.054 Df IlliniCover[20736:3c52d8] [com.apple.dt.xctest:Default] Other is not actually a child of Other, including at this point anyway (rdar://problem/20738636)
2026-08-12 15:24:38.054 Df IlliniCover[20736:3c52d8] [com.apple.dt.xctest:Default] Other is not actually a child of Other, including at this point anyway (rdar://problem/20738636)
2026-08-12 15:24:38.054 Df IlliniCover[20736:3c52d8] [com.apple.dt.xctest:Default] Other is not actually a child of Other, including at this point anyway (rdar://problem/20738636)
2026-08-12 15:24:38.054 Df IlliniCover[20736:3c52d8] [com.apple.dt.xctest:Default] Preferring automation type 75 instead of legacy element type OTHER derived from class/trait: _UIContextMenuCell:_UIContextMenuCell 146028888064
2026-08-12 15:24:38.054 Df IlliniCover[20736:3c52d8] [com.apple.dt.xctest:Default] App orientation is 0 (not portrait) and UITextEffectsWindow window Window is not main window
2026-08-12 15:24:38.054 Df IlliniCover[20736:3c52d8] [com.apple.dt.xctest:Default] Leaving frame unchanged for Window: either already correct or we can't detect it.
2026-08-12 15:24:38.054 Df IlliniCover[20736:3c52d8] [com.apple.dt.xctest:Default] Query  found matching snapshots: {(
    Application, pid: 20736
)} (error: (null))
2026-08-12 15:24:38.055 Df IlliniCover[20736:3c52d8] [com.apple.dt.xctest:Default] Replying to query  with results: <XCTElementQueryResults: 0x12318b4b0> (error: (null))
