Timestamp               Ty Process[PID:TID]
2026-08-12 15:34:06.877 Df IlliniCover[24516:3cde4d] [com.apple.dt.automationmode:Default] Handling posted change notification (com.apple.dt.automationmode.state-changed)
2026-08-12 15:34:06.877 Df IlliniCover[24516:3cde4d] [com.apple.dt.automationmode:Default] XAM shared observer connecting to com.apple.dt.automationmode.reader
2026-08-12 15:34:06.877 Df IlliniCover[24516:3cde4d] [com.apple.xpc:connection] [0x122c14c80] activating connection: mach=true listener=false peer=false name=com.apple.dt.automationmode.reader
2026-08-12 15:34:06.879 Df IlliniCover[24516:3cde4d] [com.apple.xpc:connection] [0x122c14c80] invalidated because the current process cancelled the connection by calling xpc_connection_cancel()
2026-08-12 15:34:06.879 Df IlliniCover[24516:3cde4d] [com.apple.dt.automationmode:Default] Comparing previous enabled state (0) to current enabled state (1)
2026-08-12 15:34:08.857 Df IlliniCover[24516:3ce2f8] [com.apple.dt.xctest:Default] Received request for endpoint.
2026-08-12 15:34:08.857 Df IlliniCover[24516:3ce2f8] [com.apple.dt.xctest:Default] Sending anonymous endpoint.
2026-08-12 15:34:08.857 Df IlliniCover[24516:3ce2f8] [com.apple.xpc:connection] [0x107de5180] Connection returned listener port: 0x7c23
2026-08-12 15:34:08.858 Df IlliniCover[24516:3ce2f8] [com.apple.dt.xctest:Default] Received client to target connection.
2026-08-12 15:34:08.858 Df IlliniCover[24516:3ce2f8] [com.apple.dt.automationmode:Default] Returning 1 for enabled state
2026-08-12 15:34:08.858 Df IlliniCover[24516:3ce2f8] [com.apple.xpc:connection] [0x120d3ed00] activating connection: mach=false listener=false peer=true name=com.apple.xpc.anonymous.0x107de5180.peer[25000].0x120d3ed00
2026-08-12 15:34:08.858 Df IlliniCover[24516:3ce2f8] [com.apple.dt.xctest:Default] Received request to exchange capabilities, remote interface capabilities are: <XCTCapabilities: 0x124d9a560>: {
    "query runtime issue reporting" = 1;
    "query runtime issue reporting/automation type mismatch" = 1;
}
2026-08-12 15:34:08.859 Df IlliniCover[24516:3ce2f8] [com.apple.dt.xctest:Default] Received request to fetch matches for query:
2026-08-12 15:34:08.859 Df IlliniCover[24516:3cde4d] [com.apple.dt.xctest:Default] Evaluating query:
2026-08-12 15:34:08.859 Df IlliniCover[24516:3cde4d] [com.apple.dt.xctest:Default] Getting root element snapshot
2026-08-12 15:34:08.859 Df IlliniCover[24516:3cde4d] [com.apple.dt.xctest:Default] Getting snapshot for App element pid: 24516 for query
2026-08-12 15:34:08.859 Df IlliniCover[24516:3cde4d] [com.apple.dt.xctest:Default] Query requires iOS snapshot attributes .
2026-08-12 15:34:08.859 Df IlliniCover[24516:3cde4d] [com.apple.dt.xctest:Default] XCTPerformOnMainRunLoop[not MT]: about to CFRunLoopPerform
2026-08-12 15:34:08.859 Df IlliniCover[24516:3cd556] [com.apple.dt.xctest:Default] XCTPerformOnMainRunLoop[MT]: inside CFRunLoopPerform
2026-08-12 15:34:08.859 Df IlliniCover[24516:3cde4d] [com.apple.dt.xctest:Default] XCTPerformOnMainRunLoop[not MT]: waiting with 30.00s responsiveness timeout
2026-08-12 15:34:08.859 Df IlliniCover[24516:3cd556] [com.apple.dt.xctest:Default] XCTPerformOnMainRunLoop[MT]: MT responded in time (won the race to the busy flag)
2026-08-12 15:34:08.859 Df IlliniCover[24516:3cde4d] [com.apple.dt.xctest:Default] XCTPerformOnMainRunLoop[not MT]: waiting 60.00s for work to complete
2026-08-12 15:34:08.860 Df IlliniCover[24516:3cd556] [com.apple.dt.xctest:Default] Got main window <AXUIElementRef 0x123341800> {pid=24516} {uid=[ID:322 hash:0x122f1a400]}
2026-08-12 15:34:08.860 Df IlliniCover[24516:3cd556] [com.apple.dt.xctest:Default] Capturing hierarchy with attributes XC_kAXXCAttributeElementType, XC_kAXXCAttributeElementBaseType, XC_kAXXCAttributeParent, XC_kAXXCAttributeIdentifier, XC_kAXXCAttributeAutomationType, XC_kAXXCAttributeTraits
2026-08-12 15:34:08.860 Df IlliniCover[24516:3cd556] [com.apple.dt.xctest:Default] Capturing hierarchy with parameters {
    attributes =     (
        5003,
        5004,
        5002,
        5019,
        5058,
        2004
    );
    maxArrayCount = 2147483647;
    maxChildren = 2147483647;
    maxDepth = 2147483647;
    snapshotKeyHonorModalViews = 0;
    traverseFromParentsToChildren = 1;
}
2026-08-12 15:34:08.860 Df IlliniCover[24516:3cd556] [com.apple.dt.xctest:Default] Snapshot attributes 5003, 5004, 5002, 5019, 5058, 2004
2026-08-12 15:34:08.943 Df IlliniCover[24516:3cd556] [com.apple.dt.xctest:Default] Got snapshot for <AXUIElementRef 0x1232e15f0> {pid=24516} {uid=[ID:1 hash:0x0]}
2026-08-12 15:34:08.943 Df IlliniCover[24516:3cd556] [com.apple.dt.xctest:Default] Got app orientation 0
2026-08-12 15:34:08.943 Df IlliniCover[24516:3cd556] [com.apple.dt.xctest:Default] Captured accessibility snapshot data in 0.08s
2026-08-12 15:34:08.943 Df IlliniCover[24516:3cde4d] [com.apple.dt.xctest:Default] App orientation is 0 (not portrait) and UIWindow window Window is not main window
2026-08-12 15:34:08.943 Df IlliniCover[24516:3cde4d] [com.apple.dt.xctest:Default] Leaving frame unchanged for Window: either already correct or we can't detect it.
2026-08-12 15:34:08.943 Df IlliniCover[24516:3cde4d] [com.apple.dt.xctest:Default] Preferring automation type 48 instead of legacy element type OTHER derived from class/trait: UILabel:UILabel 8590000128
2026-08-12 15:34:08.943 Df IlliniCover[24516:3cde4d] [com.apple.dt.xctest:Default] Other is not actually a child of Other, including at this point anyway (rdar://problem/20738636)
2026-08-12 15:34:08.943 Df IlliniCover[24516:3cde4d] [com.apple.dt.xctest:Default] Other is not actually a child of Other, including at this point anyway (rdar://problem/20738636)
2026-08-12 15:34:08.943 Df IlliniCover[24516:3cde4d] [com.apple.dt.xctest:Default] Other is not actually a child of Other, including at this point anyway (rdar://problem/20738636)
2026-08-12 15:34:08.944 Df IlliniCover[24516:3cde4d] [com.apple.dt.xctest:Default] Other is not actually a child of Other, including at this point anyway (rdar://problem/20738636)
2026-08-12 15:34:08.944 Df IlliniCover[24516:3cde4d] [com.apple.dt.xctest:Default] Other is not actually a child of Other, including at this point anyway (rdar://problem/20738636)
2026-08-12 15:34:08.944 Df IlliniCover[24516:3cde4d] [com.apple.dt.xctest:Default] Other is not actually a child of Other, including at this point anyway (rdar://problem/20738636)
2026-08-12 15:34:08.944 Df IlliniCover[24516:3cde4d] [com.apple.dt.xctest:Default] Other is not actually a child of Other, including at this point anyway (rdar://problem/20738636)
2026-08-12 15:34:08.944 Df IlliniCover[24516:3cde4d] [com.apple.dt.xctest:Default] Other is not actually a child of Other, including at this point anyway (rdar://problem/20738636)
2026-08-12 15:34:08.944 Df IlliniCover[24516:3cde4d] [com.apple.dt.xctest:Default] Other is not actually a child of Other, including at this point anyway (rdar://problem/20738636)
2026-08-12 15:34:08.944 Df IlliniCover[24516:3cde4d] [com.apple.dt.xctest:Default] Other is not actually a child of Other, including at this point anyway (rdar://problem/20738636)
2026-08-12 15:34:08.944 Df IlliniCover[24516:3cde4d] [com.apple.dt.xctest:Default] Other is not actually a child of Other, including at this point anyway (rdar://problem/20738636)
2026-08-12 15:34:08.944 Df IlliniCover[24516:3cde4d] [com.apple.dt.xctest:Default] Other is not actually a child of Other, including at this point anyway (rdar://problem/20738636)
2026-08-12 15:34:08.945 Df IlliniCover[24516:3cde4d] [com.apple.dt.xctest:Default] App orientation is 0 (not portrait) and UITextEffectsWindow window Window is not main window
2026-08-12 15:34:08.945 Df IlliniCover[24516:3cde4d] [com.apple.dt.xctest:Default] Leaving frame unchanged for Window: either already correct or we can't detect it.
2026-08-12 15:34:08.945 Df IlliniCover[24516:3cde4d] [com.apple.dt.xctest:Default] Found main window: Window
2026-08-12 15:34:08.945 Df IlliniCover[24516:3cde4d] [com.apple.dt.xctest:Default] Preferring automation type 5 instead of legacy element type OTHER derived from class/trait: _UIAlertControllerPhoneTVMacView:_UIAlertControllerPhoneTVMacView 72057602627862528
2026-08-12 15:34:08.945 E  IlliniCover[24516:3cde4d] [com.apple.dt.xctest:Default] Automation type mismatch; legacy system derived element type 7 from class _UIAlertControllerPhoneTVMacView:_UIAlertControllerPhoneTVMacView, traits 72057602627862528, but AXAutomationType returned 3 which maps to 5
2026-08-12 15:34:08.945 Df IlliniCover[24516:3cde4d] [com.apple.dt.xctest:Default] Preferring automation type 46 instead of legacy element type OTHER derived from class/trait: _UIInterfaceActionGroupHeaderScrollView:_UIInterfaceActionGroupHeaderScrollView 8589934592
2026-08-12 15:34:08.945 Df IlliniCover[24516:3cde4d] [com.apple.dt.xctest:Default] Preferring automation type 46 instead of legacy element type OTHER derived from class/trait: _UIInterfaceActionRepresentationsSequenceView:_UIInterfaceActionRepresentationsSequenceView 8589934592
2026-08-12 15:34:08.945 Df IlliniCover[24516:3cde4d] [com.apple.dt.xctest:Default] Query  found matching snapshots: {(
    Application, pid: 24516
)} (error: (null))
2026-08-12 15:34:08.945 Df IlliniCover[24516:3cde4d] [com.apple.dt.xctest:Default] Replying to query  with results: <XCTElementQueryResults: 0x1223cb9c0> (error: (null))
2026-08-12 15:34:09.177 Df IlliniCover[24516:3cde4d] [com.apple.dt.xctest:Default] Received request to fetch matches for query:
2026-08-12 15:34:09.177 Df IlliniCover[24516:3ce2f8] [com.apple.dt.xctest:Default] Evaluating query:
2026-08-12 15:34:09.177 Df IlliniCover[24516:3ce2f8] [com.apple.dt.xctest:Default] Getting root element snapshot
2026-08-12 15:34:09.177 Df IlliniCover[24516:3ce2f8] [com.apple.dt.xctest:Default] Getting snapshot for App element pid: 24516 for query
2026-08-12 15:34:09.177 Df IlliniCover[24516:3ce2f8] [com.apple.dt.xctest:Default] Query requires iOS snapshot attributes .
2026-08-12 15:34:09.177 Df IlliniCover[24516:3ce2f8] [com.apple.dt.xctest:Default] XCTPerformOnMainRunLoop[not MT]: about to CFRunLoopPerform
2026-08-12 15:34:09.177 Df IlliniCover[24516:3ce2f8] [com.apple.dt.xctest:Default] XCTPerformOnMainRunLoop[not MT]: waiting with 30.00s responsiveness timeout
2026-08-12 15:34:09.177 Df IlliniCover[24516:3cd556] [com.apple.dt.xctest:Default] XCTPerformOnMainRunLoop[MT]: inside CFRunLoopPerform
2026-08-12 15:34:09.177 Df IlliniCover[24516:3cd556] [com.apple.dt.xctest:Default] XCTPerformOnMainRunLoop[MT]: MT responded in time (won the race to the busy flag)
2026-08-12 15:34:09.177 Df IlliniCover[24516:3ce2f8] [com.apple.dt.xctest:Default] XCTPerformOnMainRunLoop[not MT]: waiting 60.00s for work to complete
2026-08-12 15:34:09.177 Df IlliniCover[24516:3cd556] [com.apple.dt.xctest:Default] Got main window <AXUIElementRef 0x123382ca0> {pid=24516} {uid=[ID:322 hash:0x122f1a400]}
2026-08-12 15:34:09.177 Df IlliniCover[24516:3cd556] [com.apple.dt.xctest:Default] Capturing hierarchy with attributes XC_kAXXCAttributeElementType, XC_kAXXCAttributeElementBaseType, XC_kAXXCAttributeParent, XC_kAXXCAttributeIdentifier, XC_kAXXCAttributeAutomationType, XC_kAXXCAttributeTraits
2026-08-12 15:34:09.177 Df IlliniCover[24516:3cd556] [com.apple.dt.xctest:Default] Capturing hierarchy with parameters {
    attributes =     (
        5003,
        5004,
        5002,
        5019,
        5058,
        2004
    );
    maxArrayCount = 2147483647;
    maxChildren = 2147483647;
    maxDepth = 2147483647;
    snapshotKeyHonorModalViews = 0;
    traverseFromParentsToChildren = 1;
}
2026-08-12 15:34:09.178 Df IlliniCover[24516:3cd556] [com.apple.dt.xctest:Default] Snapshot attributes 5003, 5004, 5002, 5019, 5058, 2004
2026-08-12 15:34:09.254 Df IlliniCover[24516:3cd556] [com.apple.dt.xctest:Default] Got snapshot for <AXUIElementRef 0x123105260> {pid=24516} {uid=[ID:1 hash:0x0]}
2026-08-12 15:34:09.255 Df IlliniCover[24516:3cd556] [com.apple.dt.xctest:Default] Got app orientation 0
2026-08-12 15:34:09.255 Df IlliniCover[24516:3cd556] [com.apple.dt.xctest:Default] Captured accessibility snapshot data in 0.08s
2026-08-12 15:34:09.255 Df IlliniCover[24516:3ce2f8] [com.apple.dt.xctest:Default] App orientation is 0 (not portrait) and UIWindow window Window is not main window
2026-08-12 15:34:09.255 Df IlliniCover[24516:3ce2f8] [com.apple.dt.xctest:Default] Leaving frame unchanged for Window: either already correct or we can't detect it.
2026-08-12 15:34:09.255 Df IlliniCover[24516:3ce2f8] [com.apple.dt.xctest:Default] Preferring automation type 48 instead of legacy element type OTHER derived from class/trait: UILabel:UILabel 8590000128
2026-08-12 15:34:09.255 Df IlliniCover[24516:3ce2f8] [com.apple.dt.xctest:Default] Other is not actually a child of Other, including at this point anyway (rdar://problem/20738636)
2026-08-12 15:34:09.255 Df IlliniCover[24516:3ce2f8] [com.apple.dt.xctest:Default] Other is not actually a child of Other, including at this point anyway (rdar://problem/20738636)
2026-08-12 15:34:09.255 Df IlliniCover[24516:3ce2f8] [com.apple.dt.xctest:Default] Other is not actually a child of Other, including at this point anyway (rdar://problem/20738636)
2026-08-12 15:34:09.255 Df IlliniCover[24516:3ce2f8] [com.apple.dt.xctest:Default] Other is not actually a child of Other, including at this point anyway (rdar://problem/20738636)
2026-08-12 15:34:09.255 Df IlliniCover[24516:3ce2f8] [com.apple.dt.xctest:Default] Other is not actually a child of Other, including at this point anyway (rdar://problem/20738636)
2026-08-12 15:34:09.255 Df IlliniCover[24516:3ce2f8] [com.apple.dt.xctest:Default] Other is not actually a child of Other, including at this point anyway (rdar://problem/20738636)
2026-08-12 15:34:09.255 Df IlliniCover[24516:3ce2f8] [com.apple.dt.xctest:Default] Other is not actually a child of Other, including at this point anyway (rdar://problem/20738636)
2026-08-12 15:34:09.255 Df IlliniCover[24516:3ce2f8] [com.apple.dt.xctest:Default] Other is not actually a child of Other, including at this point anyway (rdar://problem/20738636)
2026-08-12 15:34:09.255 Df IlliniCover[24516:3ce2f8] [com.apple.dt.xctest:Default] Other is not actually a child of Other, including at this point anyway (rdar://problem/20738636)
2026-08-12 15:34:09.256 Df IlliniCover[24516:3ce2f8] [com.apple.dt.xctest:Default] Other is not actually a child of Other, including at this point anyway (rdar://problem/20738636)
2026-08-12 15:34:09.256 Df IlliniCover[24516:3ce2f8] [com.apple.dt.xctest:Default] Other is not actually a child of Other, including at this point anyway (rdar://problem/20738636)
2026-08-12 15:34:09.256 Df IlliniCover[24516:3ce2f8] [com.apple.dt.xctest:Default] Other is not actually a child of Other, including at this point anyway (rdar://problem/20738636)
2026-08-12 15:34:09.256 Df IlliniCover[24516:3ce2f8] [com.apple.dt.xctest:Default] App orientation is 0 (not portrait) and UITextEffectsWindow window Window is not main window
2026-08-12 15:34:09.256 Df IlliniCover[24516:3ce2f8] [com.apple.dt.xctest:Default] Leaving frame unchanged for Window: either already correct or we can't detect it.
2026-08-12 15:34:09.256 Df IlliniCover[24516:3ce2f8] [com.apple.dt.xctest:Default] Found main window: Window
2026-08-12 15:34:09.256 Df IlliniCover[24516:3ce2f8] [com.apple.dt.xctest:Default] Preferring automation type 5 instead of legacy element type OTHER derived from class/trait: _UIAlertControllerPhoneTVMacView:_UIAlertControllerPhoneTVMacView 72057602627862528
2026-08-12 15:34:09.256 E  IlliniCover[24516:3ce2f8] [com.apple.dt.xctest:Default] Automation type mismatch; legacy system derived element type 7 from class _UIAlertControllerPhoneTVMacView:_UIAlertControllerPhoneTVMacView, traits 72057602627862528, but AXAutomationType returned 3 which maps to 5
2026-08-12 15:34:09.256 Df IlliniCover[24516:3ce2f8] [com.apple.dt.xctest:Default] Preferring automation type 46 instead of legacy element type OTHER derived from class/trait: _UIInterfaceActionGroupHeaderScrollView:_UIInterfaceActionGroupHeaderScrollView 8589934592
2026-08-12 15:34:09.256 Df IlliniCover[24516:3ce2f8] [com.apple.dt.xctest:Default] Preferring automation type 46 instead of legacy element type OTHER derived from class/trait: _UIInterfaceActionRepresentationsSequenceView:_UIInterfaceActionRepresentationsSequenceView 8589934592
2026-08-12 15:34:09.257 Df IlliniCover[24516:3ce2f8] [com.apple.dt.xctest:Default] Query  found matching snapshots: {(
    Application, pid: 24516
)} (error: (null))
2026-08-12 15:34:09.257 Df IlliniCover[24516:3ce2f8] [com.apple.dt.xctest:Default] Replying to query  with results: <XCTElementQueryResults: 0x1223cb9f0> (error: (null))
2026-08-12 15:34:09.825 Df IlliniCover[24516:3cd556] [com.apple.KeyboardArbiter:Client] TX focusApplication (peekAppEvent) stealKB:Y scene:com.illinicover.app-default
2026-08-12 15:34:09.825 Df IlliniCover[24516:3cd556] [com.apple.UIKit:EventDispatch] Evaluating dispatch of UIEvent: 0x107d95800; type: 0; subtype: 0; backing type: 11; shouldSend: 1; ignoreInteractionEvents: 0, systemGestureStateChange: 0
2026-08-12 15:34:09.825 Df IlliniCover[24516:3cd556] [com.apple.UIKit:EventDispatch] Sending UIEvent type: 0; subtype: 0; to windows: 1
2026-08-12 15:34:09.825 Df IlliniCover[24516:3cd556] [com.apple.UIKit:EventDispatch] Sending UIEvent type: 0; subtype: 0; to window: <UIWindow: 0x122f1a400>; contextId: 0x1AEA67F7
2026-08-12 15:34:09.828 A  IlliniCover[24516:3cd556] (UIKitCore) send gesture actions
2026-08-12 15:34:09.832 A  IlliniCover[24516:3cd556] (UIKitCore) send gesture actions
2026-08-12 15:34:09.840 Df IlliniCover[24516:3cd556] [com.apple.UIKit:EventDispatch] Evaluating dispatch of UIEvent: 0x107d95800; type: 0; subtype: 0; backing type: 11; shouldSend: 0; ignoreInteractionEvents: 0, systemGestureStateChange: 0
2026-08-12 15:34:09.847 Df IlliniCover[24516:3cd556] [com.apple.UIKit:EventDispatch] Evaluating dispatch of UIEvent: 0x107d95800; type: 0; subtype: 0; backing type: 11; shouldSend: 0; ignoreInteractionEvents: 0, systemGestureStateChange: 0
2026-08-12 15:34:09.855 Df IlliniCover[24516:3cd556] [com.apple.UIKit:EventDispatch] Evaluating dispatch of UIEvent: 0x107d95800; type: 0; subtype: 0; backing type: 11; shouldSend: 0; ignoreInteractionEvents: 0, systemGestureStateChange: 0
2026-08-12 15:34:09.871 Df IlliniCover[24516:3cd556] [com.apple.UIKit:EventDispatch] Evaluating dispatch of UIEvent: 0x107d95800; type: 0; subtype: 0; backing type: 11; shouldSend: 0; ignoreInteractionEvents: 0, systemGestureStateChange: 0
2026-08-12 15:34:09.888 Df IlliniCover[24516:3cd556] [com.apple.UIKit:EventDispatch] Evaluating dispatch of UIEvent: 0x107d95800; type: 0; subtype: 0; backing type: 11; shouldSend: 0; ignoreInteractionEvents: 0, systemGestureStateChange: 0
2026-08-12 15:34:09.905 Df IlliniCover[24516:3cd556] [com.apple.UIKit:EventDispatch] Evaluating dispatch of UIEvent: 0x107d95800; type: 0; subtype: 0; backing type: 11; shouldSend: 0; ignoreInteractionEvents: 0, systemGestureStateChange: 0
2026-08-12 15:34:09.922 Df IlliniCover[24516:3cd556] [com.apple.UIKit:EventDispatch] Evaluating dispatch of UIEvent: 0x107d95800; type: 0; subtype: 0; backing type: 11; shouldSend: 0; ignoreInteractionEvents: 0, systemGestureStateChange: 0
2026-08-12 15:34:09.922 Df IlliniCover[24516:3cd556] [com.apple.UIKit:EventDispatch] Evaluating dispatch of UIEvent: 0x107d95800; type: 0; subtype: 0; backing type: 11; shouldSend: 1; ignoreInteractionEvents: 0, systemGestureStateChange: 0
2026-08-12 15:34:09.922 Df IlliniCover[24516:3cd556] [com.apple.UIKit:EventDispatch] Sending UIEvent type: 0; subtype: 0; to windows: 1
2026-08-12 15:34:09.922 Df IlliniCover[24516:3cd556] [com.apple.UIKit:EventDispatch] Sending UIEvent type: 0; subtype: 0; to window: <UIWindow: 0x122f1a400>; contextId: 0x1AEA67F7
2026-08-12 15:34:09.922 A  IlliniCover[24516:3cd556] (UIKitCore) send gesture actions
2026-08-12 15:34:09.923 A  IlliniCover[24516:3cd556] (UIKitCore) send gesture actions
2026-08-12 15:34:09.931 Df IlliniCover[24516:3cd556] [com.apple.UIKit:UIAlertControllerStackManager] _alertControllerWillDisappear: will hide alert : <UIAlertControllerStackManager: 0x10b0913e0>
2026-08-12 15:34:09.931 Df IlliniCover[24516:3cd556] [com.apple.UIKit:UIAlertControllerStackManager] _removeAlertControllerFromStack: Removing Alert from stack : <RCTAlertController: 0x12231d800>
2026-08-12 15:34:09.949 Df IlliniCover[24516:3cd556] [com.apple.UIKit:EventDispatch] Evaluating dispatch of UIEvent: 0x107d95800; type: 0; subtype: 0; backing type: 11; shouldSend: 0; ignoreInteractionEvents: 1, systemGestureStateChange: 1
2026-08-12 15:34:10.361 Df IlliniCover[24516:3cd556] [com.apple.UIKit:KeyboardSceneDelegate] Reloading input views for key-window scene responder: <(null): 0x0; > force:N
2026-08-12 15:34:10.362 Df IlliniCover[24516:3cd556] [com.apple.UIKit:KeyboardSceneDelegate] _reloadInputViewsForKeyWindowSceneResponder: 0 force: 0, fromBecomeFirstResponder: 0 (automaticKeyboard: 0, reloadIdentifier: 77A4D3E3-2FFE-4F76-9014-3F21145FBB67)
2026-08-12 15:34:10.362 Df IlliniCover[24516:3cd556] [com.apple.UIKit:KeyboardSceneDelegate] _inputViewsForResponder: <(null): 0x0; >, automaticKeyboard: 0, force: 0
2026-08-12 15:34:10.362 Df IlliniCover[24516:3cd556] [com.apple.UIKit:KeyboardSceneDelegate] _inputViewsForResponder, found custom inputView: <(null): 0x0>, customInputViewController: <(null): 0x0>
2026-08-12 15:34:10.362 Df IlliniCover[24516:3cd556] [com.apple.UIKit:KeyboardSceneDelegate] _inputViewsForResponder, found inputAccessoryView: <(null): 0x0>
2026-08-12 15:34:10.362 Df IlliniCover[24516:3cd556] [com.apple.UIKit:KeyboardSceneDelegate] _inputViewsForResponder, responderRequiresKeyboard 0 (automaticKeyboardEnabled: 0, activeInstance: <UIKeyboardAutomatic: 0x11f5e6800; frame = {{0, 0}, {390, 233}}; alpha = 1.000000; isHidden = 0; tAMIC = 0>, self.isOnScreen: 0, requiresKBWhenFirstResponder: 0)
2026-08-12 15:34:10.362 Df IlliniCover[24516:3cd556] [com.apple.UIKit:KeyboardSceneDelegate] _inputViewsForResponder, useKeyboard 0 (allowsSystemInputView: 1, !inputView <(null): 0x0>, responderRequiresKeyboard 0)
2026-08-12 15:34:10.362 Df IlliniCover[24516:3cd556] [com.apple.UIKit:KeyboardSceneDelegate] _inputViewsForResponder, configuring _responderWithoutAutomaticAppearanceEnabled: <(null): 0x0> (_automaticAppearEnabled: 1)
2026-08-12 15:34:10.362 Df IlliniCover[24516:3cd556] [com.apple.UIKit:KeyboardSceneDelegate] _inputViewsForResponder, needsIVPlaceholder: 0, needsIAVPlaceholder: 0, needsInputSetWithPlaceholder: 0
2026-08-12 15:34:10.362 Df IlliniCover[24516:3cd556] [com.apple.UIKit:KeyboardSceneDelegate] _inputViewsForResponder returning: <<UIInputViewSet: 0x124e2a4c0>; (empty)>
2026-08-12 15:34:10.362 Df IlliniCover[24516:3cd556] [com.apple.BackBoard:Keyboard] currently observing: YES
2026-08-12 15:34:10.363 Df IlliniCover[24516:3cd556] [com.apple.BackBoard:Keyboard] currently observing: NO
2026-08-12 15:34:10.364 E  IlliniCover[24516:3cd556] [com.apple.RemoteTextInput:RTILog] -[RTIInputSystemClient remoteTextInputSessionWithID:performInputOperation:]  perform input operation requires a valid sessionID. inputModality = Keyboard, inputOperation = <null selector>, customInfoType = UIEmojiSearchOperations
2026-08-12 15:34:10.369 Df IlliniCover[24516:3cd556] [com.apple.UIKit:UIPeripheralHost] endPlacementForInputViewSet: <<UIInputViewSet: 0x124e2a4c0>; (empty)> windowScene: <UIWindowScene: 0x10b07a600; role: UIWindowSceneSessionRoleApplication; persistentIdentifier: 2050C5AC-6A26-42BC-8E8F-FBAE5EDC0388; activationState: UISceneActivationStateForegroundActive>
2026-08-12 15:34:10.372 Df IlliniCover[24516:3cd556] [com.apple.UIKit:KeyboardArbiterClientLog] -[_UIRemoteKeyboards prepareToMoveKeyboard:withIAV:isIAVRelevant:showing:notifyRemote:forScene:] position: {{0, 0}, {0, 0}} visible: 0; notifyRemote: 1; isMinimized: NO
2026-08-12 15:34:10.373 Df IlliniCover[24516:3cd556] [com.apple.UIKit:KeyboardVisualMode] Show keyboard with visual mode windowed (0)
2026-08-12 15:34:10.373 Df IlliniCover[24516:3cd556] [com.apple.UIKit:TrackingElementWindowController] Setting tracking element input views: <<UIInputViewSet: 0x124e2a640>; (empty)>
2026-08-12 15:34:10.373 Df IlliniCover[24516:3cd556] [com.apple.UIKit:UIPeripheralHost] endPlacementForInputViewSet: <<UIInputViewSet: 0x124e2a640>; (empty)> windowScene: <UIWindowScene: 0x10b07a600; role: UIWindowSceneSessionRoleApplication; persistentIdentifier: 2050C5AC-6A26-42BC-8E8F-FBAE5EDC0388; activationState: UISceneActivationStateForegroundActive>
2026-08-12 15:34:10.374 Df IlliniCover[24516:3cd556] [com.apple.UIKit:TrackingElementWindowController] Moving from placement: <UIInputViewSetPlacementOffScreenDown> to placement: <UIInputViewSetPlacementOffScreenDown> (currentPlacement: <UIInputViewSetPlacementOffScreenDown>)
2026-08-12 15:34:10.374 Df IlliniCover[24516:3cd556] [com.apple.UIKit:TrackingElementWindowController] Change from input view set: <<UIInputViewSet: 0x124e29e00>; (empty)>
2026-08-12 15:34:10.374 Df IlliniCover[24516:3cd556] [com.apple.UIKit:TrackingElementWindowController] Change to input view set: <<UIInputViewSet: 0x124e2a640>; (empty)>
2026-08-12 15:34:10.376 Df IlliniCover[24516:3cd556] [com.apple.UIKit:UIPeripheralHost] endPlacementForInputViewSet: <<UIInputViewSet: 0x124e2a640>; (empty)> windowScene: <UIWindowScene: 0x10b07a600; role: UIWindowSceneSessionRoleApplication; persistentIdentifier: 2050C5AC-6A26-42BC-8E8F-FBAE5EDC0388; activationState: UISceneActivationStateForegroundActive>
2026-08-12 15:34:10.377 Df IlliniCover[24516:3cd556] [com.apple.UIKit:TrackingElementWindowController] updatePlacementWithPlacement: <UIInputViewSetPlacementOffScreenDown>
2026-08-12 15:34:10.377 Df IlliniCover[24516:3cd556] [com.apple.RemoteTextInput:RTILog] -[RTIInputSystemClient remoteTextInputSessionWithID:textSuggestionsChanged:]  Text input session suggestions changed. sessionID = (null)
2026-08-12 15:34:10.378 Df IlliniCover[24516:3cd556] [com.apple.UIKit:UIFocusSystemSceneComponent] Override focusSystemState: (DISABLED) for reason(s): <_UIAlertControllerPhoneTVMacView: 0x122c89e00; frame = (35 342.333; 320 172.333); layer = <CALayer: 0x124e310b0>>
2026-08-12 15:34:10.378 Df IlliniCover[24516:3cd556] [com.apple.UIKit:InterfaceStyle] Not push traits update to screen for new style 2, <UIWindowScene: 0x10b07a600> (2050C5AC-6A26-42BC-8E8F-FBAE5EDC0388)
2026-08-12 15:34:10.382 Df IlliniCover[24516:3cd556] [com.apple.UIKit:UIAlertControllerStackManager] _didHideAlertController: <RCTAlertController: 0x12231d800>
2026-08-12 15:34:10.383 Df IlliniCover[24516:3cd556] [com.apple.UIKit:EventDeferring] [0x10b096c30] End local event deferring requested for token: 0x124d84ba0; environments: 1; reason: UIWindowScene: 0x10b07a600: end key window deferring for window hiding: 0x122f1a400
2026-08-12 15:34:10.384 Df IlliniCover[24516:3cd556] [com.apple.UIKit:KeyWindow] UIWindowScene: 0x10b07a600: Window became key in scene: UIWindow: 0x107e10400; contextId: 0xC78DD48E: reason: <UIWindowScene: 0x10b07a600>: Key window changed visibility: 0x122f1a400
2026-08-12 15:34:10.384 Df IlliniCover[24516:3cd556] [com.apple.UIKit:KeyWindow] Key window needs update: 1; currentKeyWindowScene: 0x10b07a600; evaluatedKeyWindowScene: 0x10b07a600; currentApplicationKeyWindow: 0x122f1a400; evaluatedApplicationKeyWindow: 0x107e10400; reason: <UIWindowScene: 0x10b07a600>: Key window changed visibility: 0x122f1a400
2026-08-12 15:34:10.384 Df IlliniCover[24516:3cd556] [com.apple.UIKit:KeyWindow] Window did become application key: UIWindow: 0x107e10400; contextId: 0xC78DD48E; scene identity: com.apple.frontboard.systemappservices/FBSceneManager:sceneID%3Acom.illinicover.app-default
2026-08-12 15:34:10.384 Df IlliniCover[24516:3cd556] [com.apple.UIKit:EventDeferring] [0x10b096c30] Begin local event deferring requested for token: 0x124d84ba0; environments: 1; reason: UIWindowScene: 0x10b07a600: Begin event deferring in keyboardFocus for window: 0x107e10400
2026-08-12 15:34:10.384 Df IlliniCover[24516:3cd556] [com.apple.UIKit:KeyWindow] Window resigning application key: UIWindow: 0x122f1a400; contextId: 0x1AEA67F7; scene identity: com.apple.frontboard.systemappservices/FBSceneManager:sceneID%3Acom.illinicover.app-default
2026-08-12 15:34:10.385 Df IlliniCover[24516:3cd556] [com.apple.UIKit:KeyboardSceneDelegate] Reloading input views for key-window scene responder: <(null): 0x0; > force:N
2026-08-12 15:34:10.386 Df IlliniCover[24516:3cd556] [com.apple.UIKit:EventEnvironment] Enqueuing clear events of window: <UIWindow: 0x122f1a400>; contextId: 0x1AEA67F7
2026-08-12 15:34:10.389 Df IlliniCover[24516:3cda75] [com.apple.BackBoard:EventDelivery] policyStatus:<BKSHIDEventDeliveryPolicyObserver: 0x107e54c60; token: com.apple.frontboard.systemappservices/FBSceneManager:sceneID%3Acom.illinicover.app-default; status: target> was:ancestor
2026-08-12 15:34:10.394 Df IlliniCover[24516:3cde4d] [com.apple.BackBoard:EventDelivery] policyStatus:<BKSHIDEventDeliveryPolicyObserver: 0x107e54c60; token: com.apple.frontboard.systemappservices/FBSceneManager:sceneID%3Acom.illinicover.app-default; status: ancestor> was:target
2026-08-12 15:34:10.398 Df IlliniCover[24516:3cd556] [com.apple.UIKit:EventEnvironment] Performing clear events of window: <UIWindow: 0x122f1a400>; contextId: 0x0
2026-08-12 15:34:10.399 Df IlliniCover[24516:3cd556] [com.apple.UIKit:EventDeferring] [0x10b096c30] Scene target of event deferring environments did update: scene: 0x10b07a600; current systemShellManagesKeyboardFocus: 1; systemShellManagesKeyboardFocusForScene: 0; eligibleForRecordRemoval: 1;
2026-08-12 15:34:10.399 Df IlliniCover[24516:3cd556] [com.apple.UIKit:KeyWindow] Scene became target of keyboard event deferring environment: UIWindowScene: 0x10b07a600; scene identity: com.apple.frontboard.systemappservices/FBSceneManager:sceneID%3Acom.illinicover.app-default
2026-08-12 15:34:10.399 Df IlliniCover[24516:3cd556] [com.apple.UIKit:EventDeferring] [0x10b096c30] Scene target of event deferring environments did update: scene: 0x10b07a600; current systemShellManagesKeyboardFocus: 1; systemShellManagesKeyboardFocusForScene: 0; eligibleForRecordRemoval: 1;
2026-08-12 15:34:10.399 Df IlliniCover[24516:3cd556] [com.apple.UIKit:KeyWindow] Scene became target of keyboard event deferring environment: UIWindowScene: 0x10b07a600; scene identity: com.apple.frontboard.systemappservices/FBSceneManager:sceneID%3Acom.illinicover.app-default
2026-08-12 15:34:10.406 E  IlliniCover[24516:3cd556] [com.apple.UIKit:Assert] button text attributes only respected for UIControlStateNormal, UIControlStateHighlighted, UIControlStateDisabled and UIControlStateFocused. state = 4 is interpreted as UIControlStateHighlighted.
2026-08-12 15:34:10.406 E  IlliniCover[24516:3cd556] [com.apple.UIKit:Assert] button text attributes only respected for UIControlStateNormal, UIControlStateHighlighted, UIControlStateDisabled and UIControlStateFocused. state = 4 is interpreted as UIControlStateHighlighted.
2026-08-12 15:34:10.756 Df IlliniCover[24516:3cda75] [com.apple.dt.xctest:Default] Received request to fetch matches for query:
2026-08-12 15:34:10.756 Df IlliniCover[24516:3cde4d] [com.apple.dt.xctest:Default] Evaluating query:
2026-08-12 15:34:10.756 Df IlliniCover[24516:3cde4d] [com.apple.dt.xctest:Default] Getting root element snapshot
2026-08-12 15:34:10.756 Df IlliniCover[24516:3cde4d] [com.apple.dt.xctest:Default] Getting snapshot for App element pid: 24516 for query
2026-08-12 15:34:10.756 Df IlliniCover[24516:3cde4d] [com.apple.dt.xctest:Default] Query requires iOS snapshot attributes .
2026-08-12 15:34:10.756 Df IlliniCover[24516:3cde4d] [com.apple.dt.xctest:Default] XCTPerformOnMainRunLoop[not MT]: about to CFRunLoopPerform
2026-08-12 15:34:10.756 Df IlliniCover[24516:3cde4d] [com.apple.dt.xctest:Default] XCTPerformOnMainRunLoop[not MT]: waiting with 30.00s responsiveness timeout
2026-08-12 15:34:10.756 Df IlliniCover[24516:3cd556] [com.apple.dt.xctest:Default] XCTPerformOnMainRunLoop[MT]: inside CFRunLoopPerform
2026-08-12 15:34:10.756 Df IlliniCover[24516:3cd556] [com.apple.dt.xctest:Default] XCTPerformOnMainRunLoop[MT]: MT responded in time (won the race to the busy flag)
2026-08-12 15:34:10.756 Df IlliniCover[24516:3cde4d] [com.apple.dt.xctest:Default] XCTPerformOnMainRunLoop[not MT]: waiting 60.00s for work to complete
2026-08-12 15:34:10.757 Df IlliniCover[24516:3cd556] [com.apple.dt.xctest:Default] Got main window <AXUIElementRef 0x123382e20> {pid=24516} {uid=[ID:4 hash:0x107e10400]}
2026-08-12 15:34:10.757 Df IlliniCover[24516:3cd556] [com.apple.dt.xctest:Default] Capturing hierarchy with attributes XC_kAXXCAttributeElementType, XC_kAXXCAttributeElementBaseType, XC_kAXXCAttributeParent, XC_kAXXCAttributeIdentifier, XC_kAXXCAttributeAutomationType, XC_kAXXCAttributeTraits
2026-08-12 15:34:10.757 Df IlliniCover[24516:3cd556] [com.apple.dt.xctest:Default] Capturing hierarchy with parameters {
    attributes =     (
        5003,
        5004,
        5002,
        5019,
        5058,
        2004
    );
    maxArrayCount = 2147483647;
    maxChildren = 2147483647;
    maxDepth = 2147483647;
    snapshotKeyHonorModalViews = 0;
    traverseFromParentsToChildren = 1;
}
2026-08-12 15:34:10.757 Df IlliniCover[24516:3cd556] [com.apple.dt.xctest:Default] Snapshot attributes 5003, 5004, 5002, 5019, 5058, 2004
2026-08-12 15:34:10.827 Df IlliniCover[24516:3cd556] [com.apple.dt.xctest:Default] Got snapshot for <AXUIElementRef 0x1221b2df0> {pid=24516} {uid=[ID:1 hash:0x0]}
2026-08-12 15:34:10.827 Df IlliniCover[24516:3cd556] [com.apple.dt.xctest:Default] Got app orientation 0
2026-08-12 15:34:10.827 Df IlliniCover[24516:3cd556] [com.apple.dt.xctest:Default] Captured accessibility snapshot data in 0.07s
2026-08-12 15:34:10.828 Df IlliniCover[24516:3cde4d] [com.apple.dt.xctest:Default] Found main window: Window
2026-08-12 15:34:10.828 Df IlliniCover[24516:3cde4d] [com.apple.dt.xctest:Default] Preferring automation type 48 instead of legacy element type OTHER derived from class/trait: UILabel:UILabel 8590000128
2026-08-12 15:34:10.828 Df IlliniCover[24516:3cde4d] [com.apple.dt.xctest:Default] Other is not actually a child of Other, including at this point anyway (rdar://problem/20738636)
2026-08-12 15:34:10.828 Df IlliniCover[24516:3cde4d] [com.apple.dt.xctest:Default] Other is not actually a child of Other, including at this point anyway (rdar://problem/20738636)
2026-08-12 15:34:10.828 Df IlliniCover[24516:3cde4d] [com.apple.dt.xctest:Default] Other is not actually a child of Other, including at this point anyway (rdar://problem/20738636)
2026-08-12 15:34:10.828 Df IlliniCover[24516:3cde4d] [com.apple.dt.xctest:Default] Other is not actually a child of Other, including at this point anyway (rdar://problem/20738636)
2026-08-12 15:34:10.828 Df IlliniCover[24516:3cde4d] [com.apple.dt.xctest:Default] Other is not actually a child of Other, including at this point anyway (rdar://problem/20738636)
2026-08-12 15:34:10.828 Df IlliniCover[24516:3cde4d] [com.apple.dt.xctest:Default] Other is not actually a child of Other, including at this point anyway (rdar://problem/20738636)
2026-08-12 15:34:10.828 Df IlliniCover[24516:3cde4d] [com.apple.dt.xctest:Default] Other is not actually a child of Other, including at this point anyway (rdar://problem/20738636)
2026-08-12 15:34:10.828 Df IlliniCover[24516:3cde4d] [com.apple.dt.xctest:Default] Other is not actually a child of Other, including at this point anyway (rdar://problem/20738636)
2026-08-12 15:34:10.828 Df IlliniCover[24516:3cde4d] [com.apple.dt.xctest:Default] Other is not actually a child of Other, including at this point anyway (rdar://problem/20738636)
2026-08-12 15:34:10.829 Df IlliniCover[24516:3cde4d] [com.apple.dt.xctest:Default] Other is not actually a child of Other, including at this point anyway (rdar://problem/20738636)
2026-08-12 15:34:10.829 Df IlliniCover[24516:3cde4d] [com.apple.dt.xctest:Default] Other is not actually a child of Other, including at this point anyway (rdar://problem/20738636)
2026-08-12 15:34:10.829 Df IlliniCover[24516:3cde4d] [com.apple.dt.xctest:Default] Other is not actually a child of Other, including at this point anyway (rdar://problem/20738636)
2026-08-12 15:34:10.829 Df IlliniCover[24516:3cde4d] [com.apple.dt.xctest:Default] App orientation is 0 (not portrait) and UITextEffectsWindow window Window is not main window
2026-08-12 15:34:10.829 Df IlliniCover[24516:3cde4d] [com.apple.dt.xctest:Default] Leaving frame unchanged for Window: either already correct or we can't detect it.
2026-08-12 15:34:10.829 Df IlliniCover[24516:3cde4d] [com.apple.dt.xctest:Default] Query  found matching snapshots: {(
    Application, pid: 24516
)} (error: (null))
2026-08-12 15:34:10.829 Df IlliniCover[24516:3cde4d] [com.apple.dt.xctest:Default] Replying to query  with results: <XCTElementQueryResults: 0x1223ca040> (error: (null))
2026-08-12 15:34:10.985 Df IlliniCover[24516:3cde4d] [com.apple.dt.xctest:Default] Received request to fetch matches for query:
2026-08-12 15:34:10.985 Df IlliniCover[24516:3cde4d] [com.apple.dt.xctest:Default] Evaluating query:
2026-08-12 15:34:10.985 Df IlliniCover[24516:3cde4d] [com.apple.dt.xctest:Default] Getting root element snapshot
2026-08-12 15:34:10.985 Df IlliniCover[24516:3cde4d] [com.apple.dt.xctest:Default] Getting snapshot for App element pid: 24516 for query
2026-08-12 15:34:10.985 Df IlliniCover[24516:3cde4d] [com.apple.dt.xctest:Default] Query requires iOS snapshot attributes .
2026-08-12 15:34:10.985 Df IlliniCover[24516:3cde4d] [com.apple.dt.xctest:Default] XCTPerformOnMainRunLoop[not MT]: about to CFRunLoopPerform
2026-08-12 15:34:10.985 Df IlliniCover[24516:3cde4d] [com.apple.dt.xctest:Default] XCTPerformOnMainRunLoop[not MT]: waiting with 30.00s responsiveness timeout
2026-08-12 15:34:10.985 Df IlliniCover[24516:3cd556] [com.apple.dt.xctest:Default] XCTPerformOnMainRunLoop[MT]: inside CFRunLoopPerform
2026-08-12 15:34:10.985 Df IlliniCover[24516:3cd556] [com.apple.dt.xctest:Default] XCTPerformOnMainRunLoop[MT]: MT responded in time (won the race to the busy flag)
2026-08-12 15:34:10.985 Df IlliniCover[24516:3cde4d] [com.apple.dt.xctest:Default] XCTPerformOnMainRunLoop[not MT]: waiting 60.00s for work to complete
2026-08-12 15:34:10.985 Df IlliniCover[24516:3cd556] [com.apple.dt.xctest:Default] Got main window <AXUIElementRef 0x123383960> {pid=24516} {uid=[ID:4 hash:0x107e10400]}
2026-08-12 15:34:10.985 Df IlliniCover[24516:3cd556] [com.apple.dt.xctest:Default] Capturing hierarchy with attributes XC_kAXXCAttributeElementType, XC_kAXXCAttributeElementBaseType, XC_kAXXCAttributeParent, XC_kAXXCAttributeIdentifier, XC_kAXXCAttributeAutomationType, XC_kAXXCAttributeTraits
2026-08-12 15:34:10.985 Df IlliniCover[24516:3cd556] [com.apple.dt.xctest:Default] Capturing hierarchy with parameters {
    attributes =     (
        5003,
        5004,
        5002,
        5019,
        5058,
        2004
    );
    maxArrayCount = 2147483647;
    maxChildren = 2147483647;
    maxDepth = 2147483647;
    snapshotKeyHonorModalViews = 0;
    traverseFromParentsToChildren = 1;
}
2026-08-12 15:34:10.985 Df IlliniCover[24516:3cd556] [com.apple.dt.xctest:Default] Snapshot attributes 5003, 5004, 5002, 5019, 5058, 2004
2026-08-12 15:34:11.054 Df IlliniCover[24516:3cd556] [com.apple.dt.xctest:Default] Got snapshot for <AXUIElementRef 0x1230085a0> {pid=24516} {uid=[ID:1 hash:0x0]}
2026-08-12 15:34:11.054 Df IlliniCover[24516:3cd556] [com.apple.dt.xctest:Default] Got app orientation 0
2026-08-12 15:34:11.054 Df IlliniCover[24516:3cd556] [com.apple.dt.xctest:Default] Captured accessibility snapshot data in 0.07s
2026-08-12 15:34:11.054 Df IlliniCover[24516:3cde4d] [com.apple.dt.xctest:Default] Found main window: Window
2026-08-12 15:34:11.055 Df IlliniCover[24516:3cde4d] [com.apple.dt.xctest:Default] Preferring automation type 48 instead of legacy element type OTHER derived from class/trait: UILabel:UILabel 8590000128
2026-08-12 15:34:11.055 Df IlliniCover[24516:3cde4d] [com.apple.dt.xctest:Default] Other is not actually a child of Other, including at this point anyway (rdar://problem/20738636)
2026-08-12 15:34:11.055 Df IlliniCover[24516:3cde4d] [com.apple.dt.xctest:Default] Other is not actually a child of Other, including at this point anyway (rdar://problem/20738636)
2026-08-12 15:34:11.055 Df IlliniCover[24516:3cde4d] [com.apple.dt.xctest:Default] Other is not actually a child of Other, including at this point anyway (rdar://problem/20738636)
2026-08-12 15:34:11.055 Df IlliniCover[24516:3cde4d] [com.apple.dt.xctest:Default] Other is not actually a child of Other, including at this point anyway (rdar://problem/20738636)
2026-08-12 15:34:11.055 Df IlliniCover[24516:3cde4d] [com.apple.dt.xctest:Default] Other is not actually a child of Other, including at this point anyway (rdar://problem/20738636)
2026-08-12 15:34:11.055 Df IlliniCover[24516:3cde4d] [com.apple.dt.xctest:Default] Other is not actually a child of Other, including at this point anyway (rdar://problem/20738636)
2026-08-12 15:34:11.055 Df IlliniCover[24516:3cde4d] [com.apple.dt.xctest:Default] Other is not actually a child of Other, including at this point anyway (rdar://problem/20738636)
2026-08-12 15:34:11.055 Df IlliniCover[24516:3cde4d] [com.apple.dt.xctest:Default] Other is not actually a child of Other, including at this point anyway (rdar://problem/20738636)
2026-08-12 15:34:11.055 Df IlliniCover[24516:3cde4d] [com.apple.dt.xctest:Default] Other is not actually a child of Other, including at this point anyway (rdar://problem/20738636)
2026-08-12 15:34:11.055 Df IlliniCover[24516:3cde4d] [com.apple.dt.xctest:Default] Other is not actually a child of Other, including at this point anyway (rdar://problem/20738636)
2026-08-12 15:34:11.055 Df IlliniCover[24516:3cde4d] [com.apple.dt.xctest:Default] Other is not actually a child of Other, including at this point anyway (rdar://problem/20738636)
2026-08-12 15:34:11.056 Df IlliniCover[24516:3cde4d] [com.apple.dt.xctest:Default] Other is not actually a child of Other, including at this point anyway (rdar://problem/20738636)
2026-08-12 15:34:11.056 Df IlliniCover[24516:3cde4d] [com.apple.dt.xctest:Default] App orientation is 0 (not portrait) and UITextEffectsWindow window Window is not main window
2026-08-12 15:34:11.056 Df IlliniCover[24516:3cde4d] [com.apple.dt.xctest:Default] Leaving frame unchanged for Window: either already correct or we can't detect it.
2026-08-12 15:34:11.056 Df IlliniCover[24516:3cde4d] [com.apple.dt.xctest:Default] Query  found matching snapshots: {(
    Application, pid: 24516
)} (error: (null))
2026-08-12 15:34:11.056 Df IlliniCover[24516:3cde4d] [com.apple.dt.xctest:Default] Replying to query  with results: <XCTElementQueryResults: 0x1223c90b0> (error: (null))
2026-08-12 15:34:11.207 Df IlliniCover[24516:3cde4d] [com.apple.dt.xctest:Default] Received request to fetch matches for query:
2026-08-12 15:34:11.207 Df IlliniCover[24516:3cde4d] [com.apple.dt.xctest:Default] Evaluating query:
2026-08-12 15:34:11.207 Df IlliniCover[24516:3cde4d] [com.apple.dt.xctest:Default] Getting root element snapshot
2026-08-12 15:34:11.207 Df IlliniCover[24516:3cde4d] [com.apple.dt.xctest:Default] Getting snapshot for App element pid: 24516 for query
2026-08-12 15:34:11.207 Df IlliniCover[24516:3cde4d] [com.apple.dt.xctest:Default] Query requires iOS snapshot attributes .
2026-08-12 15:34:11.207 Df IlliniCover[24516:3cde4d] [com.apple.dt.xctest:Default] XCTPerformOnMainRunLoop[not MT]: about to CFRunLoopPerform
2026-08-12 15:34:11.207 Df IlliniCover[24516:3cde4d] [com.apple.dt.xctest:Default] XCTPerformOnMainRunLoop[not MT]: waiting with 30.00s responsiveness timeout
2026-08-12 15:34:11.207 Df IlliniCover[24516:3cd556] [com.apple.dt.xctest:Default] XCTPerformOnMainRunLoop[MT]: inside CFRunLoopPerform
2026-08-12 15:34:11.207 Df IlliniCover[24516:3cd556] [com.apple.dt.xctest:Default] XCTPerformOnMainRunLoop[MT]: MT responded in time (won the race to the busy flag)
2026-08-12 15:34:11.207 Df IlliniCover[24516:3cde4d] [com.apple.dt.xctest:Default] XCTPerformOnMainRunLoop[not MT]: waiting 60.00s for work to complete
2026-08-12 15:34:11.207 Df IlliniCover[24516:3cd556] [com.apple.dt.xctest:Default] Got main window <AXUIElementRef 0x1232a7840> {pid=24516} {uid=[ID:4 hash:0x107e10400]}
2026-08-12 15:34:11.207 Df IlliniCover[24516:3cd556] [com.apple.dt.xctest:Default] Capturing hierarchy with attributes XC_kAXXCAttributeElementType, XC_kAXXCAttributeElementBaseType, XC_kAXXCAttributeParent, XC_kAXXCAttributeIdentifier, XC_kAXXCAttributeAutomationType, XC_kAXXCAttributeTraits
2026-08-12 15:34:11.207 Df IlliniCover[24516:3cd556] [com.apple.dt.xctest:Default] Capturing hierarchy with parameters {
    attributes =     (
        5003,
        5004,
        5002,
        5019,
        5058,
        2004
    );
    maxArrayCount = 2147483647;
    maxChildren = 2147483647;
    maxDepth = 2147483647;
    snapshotKeyHonorModalViews = 0;
    traverseFromParentsToChildren = 1;
}
2026-08-12 15:34:11.207 Df IlliniCover[24516:3cd556] [com.apple.dt.xctest:Default] Snapshot attributes 5003, 5004, 5002, 5019, 5058, 2004
2026-08-12 15:34:11.277 Df IlliniCover[24516:3cd556] [com.apple.dt.xctest:Default] Got snapshot for <AXUIElementRef 0x123383f30> {pid=24516} {uid=[ID:1 hash:0x0]}
2026-08-12 15:34:11.277 Df IlliniCover[24516:3cd556] [com.apple.dt.xctest:Default] Got app orientation 0
2026-08-12 15:34:11.277 Df IlliniCover[24516:3cd556] [com.apple.dt.xctest:Default] Captured accessibility snapshot data in 0.07s
2026-08-12 15:34:11.277 Df IlliniCover[24516:3cde4d] [com.apple.dt.xctest:Default] Found main window: Window
2026-08-12 15:34:11.277 Df IlliniCover[24516:3cde4d] [com.apple.dt.xctest:Default] Preferring automation type 48 instead of legacy element type OTHER derived from class/trait: UILabel:UILabel 8590000128
2026-08-12 15:34:11.277 Df IlliniCover[24516:3cde4d] [com.apple.dt.xctest:Default] Other is not actually a child of Other, including at this point anyway (rdar://problem/20738636)
2026-08-12 15:34:11.277 Df IlliniCover[24516:3cde4d] [com.apple.dt.xctest:Default] Other is not actually a child of Other, including at this point anyway (rdar://problem/20738636)
2026-08-12 15:34:11.277 Df IlliniCover[24516:3cde4d] [com.apple.dt.xctest:Default] Other is not actually a child of Other, including at this point anyway (rdar://problem/20738636)
2026-08-12 15:34:11.278 Df IlliniCover[24516:3cde4d] [com.apple.dt.xctest:Default] Other is not actually a child of Other, including at this point anyway (rdar://problem/20738636)
2026-08-12 15:34:11.278 Df IlliniCover[24516:3cde4d] [com.apple.dt.xctest:Default] Other is not actually a child of Other, including at this point anyway (rdar://problem/20738636)
2026-08-12 15:34:11.278 Df IlliniCover[24516:3cde4d] [com.apple.dt.xctest:Default] Other is not actually a child of Other, including at this point anyway (rdar://problem/20738636)
2026-08-12 15:34:11.278 Df IlliniCover[24516:3cde4d] [com.apple.dt.xctest:Default] Other is not actually a child of Other, including at this point anyway (rdar://problem/20738636)
2026-08-12 15:34:11.278 Df IlliniCover[24516:3cde4d] [com.apple.dt.xctest:Default] Other is not actually a child of Other, including at this point anyway (rdar://problem/20738636)
2026-08-12 15:34:11.278 Df IlliniCover[24516:3cde4d] [com.apple.dt.xctest:Default] Other is not actually a child of Other, including at this point anyway (rdar://problem/20738636)
2026-08-12 15:34:11.278 Df IlliniCover[24516:3cde4d] [com.apple.dt.xctest:Default] Other is not actually a child of Other, including at this point anyway (rdar://problem/20738636)
2026-08-12 15:34:11.278 Df IlliniCover[24516:3cde4d] [com.apple.dt.xctest:Default] Other is not actually a child of Other, including at this point anyway (rdar://problem/20738636)
2026-08-12 15:34:11.278 Df IlliniCover[24516:3cde4d] [com.apple.dt.xctest:Default] Other is not actually a child of Other, including at this point anyway (rdar://problem/20738636)
2026-08-12 15:34:11.279 Df IlliniCover[24516:3cde4d] [com.apple.dt.xctest:Default] App orientation is 0 (not portrait) and UITextEffectsWindow window Window is not main window
2026-08-12 15:34:11.279 Df IlliniCover[24516:3cde4d] [com.apple.dt.xctest:Default] Leaving frame unchanged for Window: either already correct or we can't detect it.
2026-08-12 15:34:11.279 Df IlliniCover[24516:3cde4d] [com.apple.dt.xctest:Default] Query  found matching snapshots: {(
    Application, pid: 24516
)} (error: (null))
2026-08-12 15:34:11.279 Df IlliniCover[24516:3cde4d] [com.apple.dt.xctest:Default] Replying to query  with results: <XCTElementQueryResults: 0x1223c9890> (error: (null))
2026-08-12 15:34:11.432 Df IlliniCover[24516:3cda75] [com.apple.dt.xctest:Default] Received request to fetch matches for query:
2026-08-12 15:34:11.432 Df IlliniCover[24516:3cda75] [com.apple.dt.xctest:Default] Evaluating query:
2026-08-12 15:34:11.432 Df IlliniCover[24516:3cda75] [com.apple.dt.xctest:Default] Getting root element snapshot
2026-08-12 15:34:11.432 Df IlliniCover[24516:3cda75] [com.apple.dt.xctest:Default] Getting snapshot for App element pid: 24516 for query
2026-08-12 15:34:11.432 Df IlliniCover[24516:3cda75] [com.apple.dt.xctest:Default] Query requires iOS snapshot attributes .
2026-08-12 15:34:11.432 Df IlliniCover[24516:3cda75] [com.apple.dt.xctest:Default] XCTPerformOnMainRunLoop[not MT]: about to CFRunLoopPerform
2026-08-12 15:34:11.432 Df IlliniCover[24516:3cda75] [com.apple.dt.xctest:Default] XCTPerformOnMainRunLoop[not MT]: waiting with 30.00s responsiveness timeout
2026-08-12 15:34:11.432 Df IlliniCover[24516:3cd556] [com.apple.dt.xctest:Default] XCTPerformOnMainRunLoop[MT]: inside CFRunLoopPerform
2026-08-12 15:34:11.432 Df IlliniCover[24516:3cd556] [com.apple.dt.xctest:Default] XCTPerformOnMainRunLoop[MT]: MT responded in time (won the race to the busy flag)
2026-08-12 15:34:11.432 Df IlliniCover[24516:3cda75] [com.apple.dt.xctest:Default] XCTPerformOnMainRunLoop[not MT]: waiting 60.00s for work to complete
2026-08-12 15:34:11.432 Df IlliniCover[24516:3cd556] [com.apple.dt.xctest:Default] Got main window <AXUIElementRef 0x123343bd0> {pid=24516} {uid=[ID:4 hash:0x107e10400]}
2026-08-12 15:34:11.432 Df IlliniCover[24516:3cd556] [com.apple.dt.xctest:Default] Capturing hierarchy with attributes XC_kAXXCAttributeElementType, XC_kAXXCAttributeElementBaseType, XC_kAXXCAttributeParent, XC_kAXXCAttributeIdentifier, XC_kAXXCAttributeAutomationType, XC_kAXXCAttributeTraits
2026-08-12 15:34:11.432 Df IlliniCover[24516:3cd556] [com.apple.dt.xctest:Default] Capturing hierarchy with parameters {
    attributes =     (
        5003,
        5004,
        5002,
        5019,
        5058,
        2004
    );
    maxArrayCount = 2147483647;
    maxChildren = 2147483647;
    maxDepth = 2147483647;
    snapshotKeyHonorModalViews = 0;
    traverseFromParentsToChildren = 1;
}
2026-08-12 15:34:11.433 Df IlliniCover[24516:3cd556] [com.apple.dt.xctest:Default] Snapshot attributes 5003, 5004, 5002, 5019, 5058, 2004
2026-08-12 15:34:11.502 Df IlliniCover[24516:3cd556] [com.apple.dt.xctest:Default] Got snapshot for <AXUIElementRef 0x123008300> {pid=24516} {uid=[ID:1 hash:0x0]}
2026-08-12 15:34:11.502 Df IlliniCover[24516:3cd556] [com.apple.dt.xctest:Default] Got app orientation 0
2026-08-12 15:34:11.502 Df IlliniCover[24516:3cd556] [com.apple.dt.xctest:Default] Captured accessibility snapshot data in 0.07s
2026-08-12 15:34:11.502 Df IlliniCover[24516:3cda75] [com.apple.dt.xctest:Default] Found main window: Window
2026-08-12 15:34:11.502 Df IlliniCover[24516:3cda75] [com.apple.dt.xctest:Default] Preferring automation type 48 instead of legacy element type OTHER derived from class/trait: UILabel:UILabel 8590000128
2026-08-12 15:34:11.502 Df IlliniCover[24516:3cda75] [com.apple.dt.xctest:Default] Other is not actually a child of Other, including at this point anyway (rdar://problem/20738636)
2026-08-12 15:34:11.502 Df IlliniCover[24516:3cda75] [com.apple.dt.xctest:Default] Other is not actually a child of Other, including at this point anyway (rdar://problem/20738636)
2026-08-12 15:34:11.502 Df IlliniCover[24516:3cda75] [com.apple.dt.xctest:Default] Other is not actually a child of Other, including at this point anyway (rdar://problem/20738636)
2026-08-12 15:34:11.503 Df IlliniCover[24516:3cda75] [com.apple.dt.xctest:Default] Other is not actually a child of Other, including at this point anyway (rdar://problem/20738636)
2026-08-12 15:34:11.503 Df IlliniCover[24516:3cda75] [com.apple.dt.xctest:Default] Other is not actually a child of Other, including at this point anyway (rdar://problem/20738636)
2026-08-12 15:34:11.503 Df IlliniCover[24516:3cda75] [com.apple.dt.xctest:Default] Other is not actually a child of Other, including at this point anyway (rdar://problem/20738636)
2026-08-12 15:34:11.503 Df IlliniCover[24516:3cda75] [com.apple.dt.xctest:Default] Other is not actually a child of Other, including at this point anyway (rdar://problem/20738636)
2026-08-12 15:34:11.503 Df IlliniCover[24516:3cda75] [com.apple.dt.xctest:Default] Other is not actually a child of Other, including at this point anyway (rdar://problem/20738636)
2026-08-12 15:34:11.503 Df IlliniCover[24516:3cda75] [com.apple.dt.xctest:Default] Other is not actually a child of Other, including at this point anyway (rdar://problem/20738636)
2026-08-12 15:34:11.503 Df IlliniCover[24516:3cda75] [com.apple.dt.xctest:Default] Other is not actually a child of Other, including at this point anyway (rdar://problem/20738636)
2026-08-12 15:34:11.503 Df IlliniCover[24516:3cda75] [com.apple.dt.xctest:Default] Other is not actually a child of Other, including at this point anyway (rdar://problem/20738636)
2026-08-12 15:34:11.503 Df IlliniCover[24516:3cda75] [com.apple.dt.xctest:Default] Other is not actually a child of Other, including at this point anyway (rdar://problem/20738636)
2026-08-12 15:34:11.503 Df IlliniCover[24516:3cda75] [com.apple.dt.xctest:Default] App orientation is 0 (not portrait) and UITextEffectsWindow window Window is not main window
2026-08-12 15:34:11.503 Df IlliniCover[24516:3cda75] [com.apple.dt.xctest:Default] Leaving frame unchanged for Window: either already correct or we can't detect it.
2026-08-12 15:34:11.504 Df IlliniCover[24516:3cda75] [com.apple.dt.xctest:Default] Query  found matching snapshots: {(
    Application, pid: 24516
)} (error: (null))
2026-08-12 15:34:11.504 Df IlliniCover[24516:3cda75] [com.apple.dt.xctest:Default] Replying to query  with results: <XCTElementQueryResults: 0x1223c9680> (error: (null))
2026-08-12 15:34:11.646 Df IlliniCover[24516:3cda75] [com.apple.dt.xctest:Default] Received request to fetch matches for query:
2026-08-12 15:34:11.647 Df IlliniCover[24516:3ce2f8] [com.apple.dt.xctest:Default] Evaluating query:
2026-08-12 15:34:11.647 Df IlliniCover[24516:3ce2f8] [com.apple.dt.xctest:Default] Getting root element snapshot
2026-08-12 15:34:11.647 Df IlliniCover[24516:3ce2f8] [com.apple.dt.xctest:Default] Getting snapshot for App element pid: 24516 for query
2026-08-12 15:34:11.647 Df IlliniCover[24516:3ce2f8] [com.apple.dt.xctest:Default] Query requires iOS snapshot attributes .
2026-08-12 15:34:11.647 Df IlliniCover[24516:3ce2f8] [com.apple.dt.xctest:Default] XCTPerformOnMainRunLoop[not MT]: about to CFRunLoopPerform
2026-08-12 15:34:11.647 Df IlliniCover[24516:3ce2f8] [com.apple.dt.xctest:Default] XCTPerformOnMainRunLoop[not MT]: waiting with 30.00s responsiveness timeout
2026-08-12 15:34:11.647 Df IlliniCover[24516:3cd556] [com.apple.dt.xctest:Default] XCTPerformOnMainRunLoop[MT]: inside CFRunLoopPerform
2026-08-12 15:34:11.647 Df IlliniCover[24516:3cd556] [com.apple.dt.xctest:Default] XCTPerformOnMainRunLoop[MT]: MT responded in time (won the race to the busy flag)
2026-08-12 15:34:11.647 Df IlliniCover[24516:3ce2f8] [com.apple.dt.xctest:Default] XCTPerformOnMainRunLoop[not MT]: waiting 60.00s for work to complete
2026-08-12 15:34:11.647 Df IlliniCover[24516:3cd556] [com.apple.dt.xctest:Default] Got main window <AXUIElementRef 0x1233425b0> {pid=24516} {uid=[ID:4 hash:0x107e10400]}
2026-08-12 15:34:11.647 Df IlliniCover[24516:3cd556] [com.apple.dt.xctest:Default] Capturing hierarchy with attributes XC_kAXXCAttributeElementType, XC_kAXXCAttributeElementBaseType, XC_kAXXCAttributeParent, XC_kAXXCAttributeIdentifier, XC_kAXXCAttributeAutomationType, XC_kAXXCAttributeTraits
2026-08-12 15:34:11.647 Df IlliniCover[24516:3cd556] [com.apple.dt.xctest:Default] Capturing hierarchy with parameters {
    attributes =     (
        5003,
        5004,
        5002,
        5019,
        5058,
        2004
    );
    maxArrayCount = 2147483647;
    maxChildren = 2147483647;
    maxDepth = 2147483647;
    snapshotKeyHonorModalViews = 0;
    traverseFromParentsToChildren = 1;
}
2026-08-12 15:34:11.647 Df IlliniCover[24516:3cd556] [com.apple.dt.xctest:Default] Snapshot attributes 5003, 5004, 5002, 5019, 5058, 2004
2026-08-12 15:34:11.716 Df IlliniCover[24516:3cd556] [com.apple.dt.xctest:Default] Got snapshot for <AXUIElementRef 0x11e988de0> {pid=24516} {uid=[ID:1 hash:0x0]}
2026-08-12 15:34:11.716 Df IlliniCover[24516:3cd556] [com.apple.dt.xctest:Default] Got app orientation 0
2026-08-12 15:34:11.716 Df IlliniCover[24516:3cd556] [com.apple.dt.xctest:Default] Captured accessibility snapshot data in 0.07s
2026-08-12 15:34:11.717 Df IlliniCover[24516:3ce2f8] [com.apple.dt.xctest:Default] Found main window: Window
2026-08-12 15:34:11.717 Df IlliniCover[24516:3ce2f8] [com.apple.dt.xctest:Default] Preferring automation type 48 instead of legacy element type OTHER derived from class/trait: UILabel:UILabel 8590000128
2026-08-12 15:34:11.717 Df IlliniCover[24516:3ce2f8] [com.apple.dt.xctest:Default] Other is not actually a child of Other, including at this point anyway (rdar://problem/20738636)
2026-08-12 15:34:11.717 Df IlliniCover[24516:3ce2f8] [com.apple.dt.xctest:Default] Other is not actually a child of Other, including at this point anyway (rdar://problem/20738636)
2026-08-12 15:34:11.717 Df IlliniCover[24516:3ce2f8] [com.apple.dt.xctest:Default] Other is not actually a child of Other, including at this point anyway (rdar://problem/20738636)
2026-08-12 15:34:11.717 Df IlliniCover[24516:3ce2f8] [com.apple.dt.xctest:Default] Other is not actually a child of Other, including at this point anyway (rdar://problem/20738636)
2026-08-12 15:34:11.717 Df IlliniCover[24516:3ce2f8] [com.apple.dt.xctest:Default] Other is not actually a child of Other, including at this point anyway (rdar://problem/20738636)
2026-08-12 15:34:11.717 Df IlliniCover[24516:3ce2f8] [com.apple.dt.xctest:Default] Other is not actually a child of Other, including at this point anyway (rdar://problem/20738636)
2026-08-12 15:34:11.717 Df IlliniCover[24516:3ce2f8] [com.apple.dt.xctest:Default] Other is not actually a child of Other, including at this point anyway (rdar://problem/20738636)
2026-08-12 15:34:11.717 Df IlliniCover[24516:3ce2f8] [com.apple.dt.xctest:Default] Other is not actually a child of Other, including at this point anyway (rdar://problem/20738636)
2026-08-12 15:34:11.717 Df IlliniCover[24516:3ce2f8] [com.apple.dt.xctest:Default] Other is not actually a child of Other, including at this point anyway (rdar://problem/20738636)
2026-08-12 15:34:11.717 Df IlliniCover[24516:3ce2f8] [com.apple.dt.xctest:Default] Other is not actually a child of Other, including at this point anyway (rdar://problem/20738636)
2026-08-12 15:34:11.718 Df IlliniCover[24516:3ce2f8] [com.apple.dt.xctest:Default] Other is not actually a child of Other, including at this point anyway (rdar://problem/20738636)
2026-08-12 15:34:11.718 Df IlliniCover[24516:3ce2f8] [com.apple.dt.xctest:Default] Other is not actually a child of Other, including at this point anyway (rdar://problem/20738636)
2026-08-12 15:34:11.718 Df IlliniCover[24516:3ce2f8] [com.apple.dt.xctest:Default] App orientation is 0 (not portrait) and UITextEffectsWindow window Window is not main window
2026-08-12 15:34:11.718 Df IlliniCover[24516:3ce2f8] [com.apple.dt.xctest:Default] Leaving frame unchanged for Window: either already correct or we can't detect it.
2026-08-12 15:34:11.718 Df IlliniCover[24516:3ce2f8] [com.apple.dt.xctest:Default] Query  found matching snapshots: {(
    Application, pid: 24516
)} (error: (null))
2026-08-12 15:34:11.718 Df IlliniCover[24516:3ce2f8] [com.apple.dt.xctest:Default] Replying to query  with results: <XCTElementQueryResults: 0x1223c9bf0> (error: (null))
2026-08-12 15:34:12.503 Df IlliniCover[24516:3ce2f8] [com.apple.xpc:connection] [0x120d3ed00] invalidated because the client process (pid 25000) either cancelled the connection or exited
2026-08-12 15:34:12.503 Df IlliniCover[24516:3ce2f8] [com.apple.dt.xctest:Default] Connection from client with pid 25000 was invalidated.
2026-08-12 15:34:12.508 Df IlliniCover[24516:3ce2f8] [com.apple.dt.automationmode:Default] Handling posted change notification (com.apple.dt.automationmode.state-changed)
2026-08-12 15:34:12.508 Df IlliniCover[24516:3ce2f8] [com.apple.dt.automationmode:Default] XAM shared observer connecting to com.apple.dt.automationmode.reader
2026-08-12 15:34:12.508 Df IlliniCover[24516:3ce2f8] [com.apple.xpc:connection] [0x122c44140] activating connection: mach=true listener=false peer=false name=com.apple.dt.automationmode.reader
2026-08-12 15:34:12.512 Df IlliniCover[24516:3ce2f8] [com.apple.xpc:connection] [0x122c44140] invalidated because the current process cancelled the connection by calling xpc_connection_cancel()
2026-08-12 15:34:12.512 Df IlliniCover[24516:3ce2f8] [com.apple.dt.automationmode:Default] Comparing previous enabled state (1) to current enabled state (0)
2026-08-12 15:34:12.512 Df IlliniCover[24516:3ce2f8] [com.apple.dt.xctest:Default] Automation Mode has been disabled, existing connections will be invalidated.
2026-08-12 15:34:20.078 Df IlliniCover[24516:3ce2f8] [com.apple.CFNetwork:Default] Task <B410A178-354C-4323-BB6F-825267EFD85A>.<9> resuming, timeouts(0.0, 604800.0) qos(0x19) voucher((null)) activity(00000000-0000-0000-0000-000000000000)
2026-08-12 15:34:20.080 Df IlliniCover[24516:3cde4d] [com.apple.network:connection] [C2] event: client:connection_reused @92.135s
2026-08-12 15:34:20.081 Df IlliniCover[24516:3cde4d] [com.apple.CFNetwork:Default] Task <B410A178-354C-4323-BB6F-825267EFD85A>.<9> now using Connection 2
2026-08-12 15:34:20.081 Df IlliniCover[24516:3cde4d] [com.apple.cfnetwork:h3stream] 0x124ecd898 ID=24 Task <B410A178-354C-4323-BB6F-825267EFD85A>.<9> sent request, body N 0
2026-08-12 15:34:20.707 Df IlliniCover[24516:3ce2f8] [com.apple.dt.automationmode:Default] Handling posted change notification (com.apple.dt.automationmode.state-changed)
2026-08-12 15:34:20.707 Df IlliniCover[24516:3ce2f8] [com.apple.dt.automationmode:Default] XAM shared observer connecting to com.apple.dt.automationmode.reader
2026-08-12 15:34:20.707 Df IlliniCover[24516:3ce2f8] [com.apple.xpc:connection] [0x122c44000] activating connection: mach=true listener=false peer=false name=com.apple.dt.automationmode.reader
2026-08-12 15:34:20.709 Df IlliniCover[24516:3ce2f8] [com.apple.xpc:connection] [0x122c44000] invalidated because the current process cancelled the connection by calling xpc_connection_cancel()
2026-08-12 15:34:20.709 Df IlliniCover[24516:3ce2f8] [com.apple.dt.automationmode:Default] Comparing previous enabled state (0) to current enabled state (1)
2026-08-12 15:34:22.232 Df IlliniCover[24516:3cde4d] [com.apple.dt.xctest:Default] Received request for endpoint.
2026-08-12 15:34:22.232 Df IlliniCover[24516:3cde4d] [com.apple.dt.xctest:Default] Sending anonymous endpoint.
2026-08-12 15:34:22.232 Df IlliniCover[24516:3cde4d] [com.apple.xpc:connection] [0x107de5180] Connection returned listener port: 0x7c23
2026-08-12 15:34:22.233 Df IlliniCover[24516:3cde4d] [com.apple.dt.xctest:Default] Received client to target connection.
2026-08-12 15:34:22.233 Df IlliniCover[24516:3cde4d] [com.apple.dt.automationmode:Default] Returning 1 for enabled state
2026-08-12 15:34:22.235 Df IlliniCover[24516:3cde4d] [com.apple.xpc:connection] [0x120d3f000] activating connection: mach=false listener=false peer=true name=com.apple.xpc.anonymous.0x107de5180.peer[25174].0x120d3f000
2026-08-12 15:34:22.235 Df IlliniCover[24516:3cde4d] [com.apple.dt.xctest:Default] Received request to exchange capabilities, remote interface capabilities are: <XCTCapabilities: 0x124d99070>: {
    "query runtime issue reporting" = 1;
    "query runtime issue reporting/automation type mismatch" = 1;
}
2026-08-12 15:34:22.237 Df IlliniCover[24516:3cde4d] [com.apple.dt.xctest:Default] Received request to fetch matches for query:
2026-08-12 15:34:22.237 Df IlliniCover[24516:3ce2f8] [com.apple.dt.xctest:Default] Evaluating query:
2026-08-12 15:34:22.237 Df IlliniCover[24516:3ce2f8] [com.apple.dt.xctest:Default] Getting root element snapshot
2026-08-12 15:34:22.237 Df IlliniCover[24516:3ce2f8] [com.apple.dt.xctest:Default] Getting snapshot for App element pid: 24516 for query
2026-08-12 15:34:22.237 Df IlliniCover[24516:3ce2f8] [com.apple.dt.xctest:Default] Query requires iOS snapshot attributes .
2026-08-12 15:34:22.237 Df IlliniCover[24516:3ce2f8] [com.apple.dt.xctest:Default] XCTPerformOnMainRunLoop[not MT]: about to CFRunLoopPerform
2026-08-12 15:34:22.237 Df IlliniCover[24516:3ce2f8] [com.apple.dt.xctest:Default] XCTPerformOnMainRunLoop[not MT]: waiting with 30.00s responsiveness timeout
2026-08-12 15:34:22.237 Df IlliniCover[24516:3cd556] [com.apple.dt.xctest:Default] XCTPerformOnMainRunLoop[MT]: inside CFRunLoopPerform
2026-08-12 15:34:22.237 Df IlliniCover[24516:3cd556] [com.apple.dt.xctest:Default] XCTPerformOnMainRunLoop[MT]: MT responded in time (won the race to the busy flag)
2026-08-12 15:34:22.237 Df IlliniCover[24516:3ce2f8] [com.apple.dt.xctest:Default] XCTPerformOnMainRunLoop[not MT]: waiting 60.00s for work to complete
2026-08-12 15:34:22.238 Df IlliniCover[24516:3cd556] [com.apple.dt.xctest:Default] Got main window <AXUIElementRef 0x123343900> {pid=24516} {uid=[ID:4 hash:0x107e10400]}
2026-08-12 15:34:22.239 Df IlliniCover[24516:3cd556] [com.apple.dt.xctest:Default] Capturing hierarchy with attributes XC_kAXXCAttributeElementType, XC_kAXXCAttributeElementBaseType, XC_kAXXCAttributeParent, XC_kAXXCAttributeIdentifier, XC_kAXXCAttributeAutomationType, XC_kAXXCAttributeTraits
2026-08-12 15:34:22.239 Df IlliniCover[24516:3cd556] [com.apple.dt.xctest:Default] Capturing hierarchy with parameters {
    attributes =     (
        5003,
        5004,
        5002,
        5019,
        5058,
        2004
    );
    maxArrayCount = 2147483647;
    maxChildren = 2147483647;
    maxDepth = 2147483647;
    snapshotKeyHonorModalViews = 0;
    traverseFromParentsToChildren = 1;
}
2026-08-12 15:34:22.239 Df IlliniCover[24516:3cd556] [com.apple.dt.xctest:Default] Snapshot attributes 5003, 5004, 5002, 5019, 5058, 2004
2026-08-12 15:34:22.337 Df IlliniCover[24516:3cd556] [com.apple.dt.xctest:Default] Got snapshot for <AXUIElementRef 0x12338ccf0> {pid=24516} {uid=[ID:1 hash:0x0]}
2026-08-12 15:34:22.337 Df IlliniCover[24516:3cd556] [com.apple.dt.xctest:Default] Got app orientation 0
2026-08-12 15:34:22.337 Df IlliniCover[24516:3cd556] [com.apple.dt.xctest:Default] Captured accessibility snapshot data in 0.10s
2026-08-12 15:34:22.337 Df IlliniCover[24516:3ce2f8] [com.apple.dt.xctest:Default] Found main window: Window
2026-08-12 15:34:22.337 Df IlliniCover[24516:3ce2f8] [com.apple.dt.xctest:Default] Preferring automation type 48 instead of legacy element type OTHER derived from class/trait: UILabel:UILabel 8590000128
2026-08-12 15:34:22.338 Df IlliniCover[24516:3ce2f8] [com.apple.dt.xctest:Default] Other is not actually a child of Other, including at this point anyway (rdar://problem/20738636)
2026-08-12 15:34:22.338 Df IlliniCover[24516:3ce2f8] [com.apple.dt.xctest:Default] Other is not actually a child of Other, including at this point anyway (rdar://problem/20738636)
2026-08-12 15:34:22.338 Df IlliniCover[24516:3ce2f8] [com.apple.dt.xctest:Default] Other is not actually a child of Other, including at this point anyway (rdar://problem/20738636)
2026-08-12 15:34:22.338 Df IlliniCover[24516:3ce2f8] [com.apple.dt.xctest:Default] Other is not actually a child of Other, including at this point anyway (rdar://problem/20738636)
2026-08-12 15:34:22.338 Df IlliniCover[24516:3ce2f8] [com.apple.dt.xctest:Default] Other is not actually a child of Other, including at this point anyway (rdar://problem/20738636)
2026-08-12 15:34:22.338 Df IlliniCover[24516:3ce2f8] [com.apple.dt.xctest:Default] Other is not actually a child of Other, including at this point anyway (rdar://problem/20738636)
2026-08-12 15:34:22.338 Df IlliniCover[24516:3ce2f8] [com.apple.dt.xctest:Default] Other is not actually a child of Other, including at this point anyway (rdar://problem/20738636)
2026-08-12 15:34:22.338 Df IlliniCover[24516:3ce2f8] [com.apple.dt.xctest:Default] Other is not actually a child of Other, including at this point anyway (rdar://problem/20738636)
2026-08-12 15:34:22.338 Df IlliniCover[24516:3ce2f8] [com.apple.dt.xctest:Default] Other is not actually a child of Other, including at this point anyway (rdar://problem/20738636)
2026-08-12 15:34:22.338 Df IlliniCover[24516:3ce2f8] [com.apple.dt.xctest:Default] Other is not actually a child of Other, including at this point anyway (rdar://problem/20738636)
2026-08-12 15:34:22.338 Df IlliniCover[24516:3ce2f8] [com.apple.dt.xctest:Default] Other is not actually a child of Other, including at this point anyway (rdar://problem/20738636)
2026-08-12 15:34:22.338 Df IlliniCover[24516:3ce2f8] [com.apple.dt.xctest:Default] Other is not actually a child of Other, including at this point anyway (rdar://problem/20738636)
2026-08-12 15:34:22.339 Df IlliniCover[24516:3ce2f8] [com.apple.dt.xctest:Default] App orientation is 0 (not portrait) and UITextEffectsWindow window Window is not main window
2026-08-12 15:34:22.339 Df IlliniCover[24516:3ce2f8] [com.apple.dt.xctest:Default] Leaving frame unchanged for Window: either already correct or we can't detect it.
2026-08-12 15:34:22.339 Df IlliniCover[24516:3ce2f8] [com.apple.dt.xctest:Default] Query  found matching snapshots: {(
    Application, pid: 24516
)} (error: (null))
2026-08-12 15:34:22.339 Df IlliniCover[24516:3ce2f8] [com.apple.dt.xctest:Default] Replying to query  with results: <XCTElementQueryResults: 0x1223c9b00> (error: (null))
2026-08-12 15:34:22.490 Df IlliniCover[24516:3cda75] [com.apple.dt.xctest:Default] Received request to fetch matches for query:
2026-08-12 15:34:22.490 Df IlliniCover[24516:3cda75] [com.apple.dt.xctest:Default] Evaluating query:
2026-08-12 15:34:22.490 Df IlliniCover[24516:3cda75] [com.apple.dt.xctest:Default] Getting root element snapshot
2026-08-12 15:34:22.490 Df IlliniCover[24516:3cda75] [com.apple.dt.xctest:Default] Getting snapshot for App element pid: 24516 for query
2026-08-12 15:34:22.490 Df IlliniCover[24516:3cda75] [com.apple.dt.xctest:Default] Query requires iOS snapshot attributes .
2026-08-12 15:34:22.490 Df IlliniCover[24516:3cda75] [com.apple.dt.xctest:Default] XCTPerformOnMainRunLoop[not MT]: about to CFRunLoopPerform
2026-08-12 15:34:22.490 Df IlliniCover[24516:3cda75] [com.apple.dt.xctest:Default] XCTPerformOnMainRunLoop[not MT]: waiting with 30.00s responsiveness timeout
2026-08-12 15:34:22.490 Df IlliniCover[24516:3cd556] [com.apple.dt.xctest:Default] XCTPerformOnMainRunLoop[MT]: inside CFRunLoopPerform
2026-08-12 15:34:22.490 Df IlliniCover[24516:3cd556] [com.apple.dt.xctest:Default] XCTPerformOnMainRunLoop[MT]: MT responded in time (won the race to the busy flag)
2026-08-12 15:34:22.490 Df IlliniCover[24516:3cda75] [com.apple.dt.xctest:Default] XCTPerformOnMainRunLoop[not MT]: waiting 60.00s for work to complete
2026-08-12 15:34:22.491 Df IlliniCover[24516:3cd556] [com.apple.dt.xctest:Default] Got main window <AXUIElementRef 0x123354cf0> {pid=24516} {uid=[ID:4 hash:0x107e10400]}
2026-08-12 15:34:22.491 Df IlliniCover[24516:3cd556] [com.apple.dt.xctest:Default] Capturing hierarchy with attributes XC_kAXXCAttributeElementType, XC_kAXXCAttributeElementBaseType, XC_kAXXCAttributeParent, XC_kAXXCAttributeIdentifier, XC_kAXXCAttributeAutomationType, XC_kAXXCAttributeTraits
2026-08-12 15:34:22.491 Df IlliniCover[24516:3cd556] [com.apple.dt.xctest:Default] Capturing hierarchy with parameters {
    attributes =     (
        5003,
        5004,
        5002,
        5019,
        5058,
        2004
    );
    maxArrayCount = 2147483647;
    maxChildren = 2147483647;
    maxDepth = 2147483647;
    snapshotKeyHonorModalViews = 0;
    traverseFromParentsToChildren = 1;
}
2026-08-12 15:34:22.491 Df IlliniCover[24516:3cd556] [com.apple.dt.xctest:Default] Snapshot attributes 5003, 5004, 5002, 5019, 5058, 2004
2026-08-12 15:34:22.565 Df IlliniCover[24516:3cd556] [com.apple.dt.xctest:Default] Got snapshot for <AXUIElementRef 0x123382760> {pid=24516} {uid=[ID:1 hash:0x0]}
2026-08-12 15:34:22.565 Df IlliniCover[24516:3cd556] [com.apple.dt.xctest:Default] Got app orientation 0
2026-08-12 15:34:22.565 Df IlliniCover[24516:3cd556] [com.apple.dt.xctest:Default] Captured accessibility snapshot data in 0.07s
2026-08-12 15:34:22.565 Df IlliniCover[24516:3cda75] [com.apple.dt.xctest:Default] Found main window: Window
2026-08-12 15:34:22.565 Df IlliniCover[24516:3cda75] [com.apple.dt.xctest:Default] Preferring automation type 48 instead of legacy element type OTHER derived from class/trait: UILabel:UILabel 8590000128
2026-08-12 15:34:22.565 Df IlliniCover[24516:3cda75] [com.apple.dt.xctest:Default] Other is not actually a child of Other, including at this point anyway (rdar://problem/20738636)
2026-08-12 15:34:22.566 Df IlliniCover[24516:3cda75] [com.apple.dt.xctest:Default] Other is not actually a child of Other, including at this point anyway (rdar://problem/20738636)
2026-08-12 15:34:22.566 Df IlliniCover[24516:3cda75] [com.apple.dt.xctest:Default] Other is not actually a child of Other, including at this point anyway (rdar://problem/20738636)
2026-08-12 15:34:22.566 Df IlliniCover[24516:3cda75] [com.apple.dt.xctest:Default] Other is not actually a child of Other, including at this point anyway (rdar://problem/20738636)
2026-08-12 15:34:22.566 Df IlliniCover[24516:3cda75] [com.apple.dt.xctest:Default] Other is not actually a child of Other, including at this point anyway (rdar://problem/20738636)
2026-08-12 15:34:22.566 Df IlliniCover[24516:3cda75] [com.apple.dt.xctest:Default] Other is not actually a child of Other, including at this point anyway (rdar://problem/20738636)
2026-08-12 15:34:22.566 Df IlliniCover[24516:3cda75] [com.apple.dt.xctest:Default] Other is not actually a child of Other, including at this point anyway (rdar://problem/20738636)
2026-08-12 15:34:22.566 Df IlliniCover[24516:3cda75] [com.apple.dt.xctest:Default] Other is not actually a child of Other, including at this point anyway (rdar://problem/20738636)
2026-08-12 15:34:22.566 Df IlliniCover[24516:3cda75] [com.apple.dt.xctest:Default] Other is not actually a child of Other, including at this point anyway (rdar://problem/20738636)
2026-08-12 15:34:22.566 Df IlliniCover[24516:3cda75] [com.apple.dt.xctest:Default] Other is not actually a child of Other, including at this point anyway (rdar://problem/20738636)
2026-08-12 15:34:22.566 Df IlliniCover[24516:3cda75] [com.apple.dt.xctest:Default] Other is not actually a child of Other, including at this point anyway (rdar://problem/20738636)
2026-08-12 15:34:22.566 Df IlliniCover[24516:3cda75] [com.apple.dt.xctest:Default] Other is not actually a child of Other, including at this point anyway (rdar://problem/20738636)
2026-08-12 15:34:22.567 Df IlliniCover[24516:3cda75] [com.apple.dt.xctest:Default] App orientation is 0 (not portrait) and UITextEffectsWindow window Window is not main window
2026-08-12 15:34:22.567 Df IlliniCover[24516:3cda75] [com.apple.dt.xctest:Default] Leaving frame unchanged for Window: either already correct or we can't detect it.
2026-08-12 15:34:22.567 Df IlliniCover[24516:3cda75] [com.apple.dt.xctest:Default] Query  found matching snapshots: {(
    Application, pid: 24516
)} (error: (null))
2026-08-12 15:34:22.567 Df IlliniCover[24516:3cda75] [com.apple.dt.xctest:Default] Replying to query  with results: <XCTElementQueryResults: 0x1223c8c90> (error: (null))
2026-08-12 15:34:22.755 Df IlliniCover[24516:3cda75] [com.apple.cfnetwork:h3stream] 0x124ecd898 ID=24 Task <B410A178-354C-4323-BB6F-825267EFD85A>.<9> received response, status 200 content K
2026-08-12 15:34:22.756 Df IlliniCover[24516:3cda75] [com.apple.CFNetwork:Default] Task <B410A178-354C-4323-BB6F-825267EFD85A>.<9> response ended
2026-08-12 15:34:22.756 Df IlliniCover[24516:3cda75] [com.apple.network:connection] [C2] event: client:connection_idle @94.810s
2026-08-12 15:34:22.756 Df IlliniCover[24516:3cda75] [com.apple.CFNetwork:Default] Task <B410A178-354C-4323-BB6F-825267EFD85A>.<9> done using Connection 2
2026-08-12 15:34:22.756 Df IlliniCover[24516:3cde4d] [com.apple.CFNetwork:Summary] Task <B410A178-354C-4323-BB6F-825267EFD85A>.<9> summary for task success {transaction_duration_ms=2677, response_status=200, connection=2, reused=1, reused_after_ms=25289, request_start_ms=1, request_duration_ms=0, response_start_ms=2676, response_duration_ms=1, request_bytes=366, request_throughput_kbps=5545, response_bytes=2625, response_throughput_kbps=17795, cache_hit=true}
2026-08-12 15:34:22.759 Df IlliniCover[24516:3cde4d] [com.apple.CFNetwork:Default] Task <B410A178-354C-4323-BB6F-825267EFD85A>.<9> finished successfully
2026-08-12 15:34:24.810 Df IlliniCover[24516:3ce2f9] [com.apple.CFNetwork:Default] Task <0076750D-1B56-4566-9E58-03FB9B73FDF2>.<10> resuming, timeouts(0.0, 604800.0) qos(0x19) voucher((null)) activity(00000000-0000-0000-0000-000000000000)
2026-08-12 15:34:24.811 Df IlliniCover[24516:3cde4d] [com.apple.network:connection] [C2] event: client:connection_reused @96.866s
2026-08-12 15:34:24.812 Df IlliniCover[24516:3cde4d] [com.apple.CFNetwork:Default] Task <0076750D-1B56-4566-9E58-03FB9B73FDF2>.<10> now using Connection 2
2026-08-12 15:34:24.812 Df IlliniCover[24516:3cde4d] [com.apple.cfnetwork:h3stream] 0x124ecd898 ID=28 Task <0076750D-1B56-4566-9E58-03FB9B73FDF2>.<10> sent request, body N 0
