Timestamp               Ty Process[PID:TID]
2026-08-12 15:27:00.182 Df IlliniCover[21761:3c78f9] [com.apple.xpc:connection] [0x105574600] invalidated because the client process (pid 21707) either cancelled the connection or exited
2026-08-12 15:27:00.182 Df IlliniCover[21761:3c78f9] [com.apple.dt.xctest:Default] Connection from client with pid 21707 was invalidated.
2026-08-12 15:27:00.192 Df IlliniCover[21761:3c78ff] [com.apple.dt.automationmode:Default] Handling posted change notification (com.apple.dt.automationmode.state-changed)
2026-08-12 15:27:00.192 Df IlliniCover[21761:3c78ff] [com.apple.dt.automationmode:Default] XAM shared observer connecting to com.apple.dt.automationmode.reader
2026-08-12 15:27:00.192 Df IlliniCover[21761:3c78ff] [com.apple.xpc:connection] [0x1207bdf40] activating connection: mach=true listener=false peer=false name=com.apple.dt.automationmode.reader
2026-08-12 15:27:00.193 Df IlliniCover[21761:3c78ff] [com.apple.xpc:connection] [0x1207bdf40] invalidated because the current process cancelled the connection by calling xpc_connection_cancel()
2026-08-12 15:27:00.193 Df IlliniCover[21761:3c78ff] [com.apple.dt.automationmode:Default] Comparing previous enabled state (1) to current enabled state (0)
2026-08-12 15:27:00.194 Df IlliniCover[21761:3c78f9] [com.apple.dt.xctest:Default] Automation Mode has been disabled, existing connections will be invalidated.
2026-08-12 15:27:01.341 Df IlliniCover[21761:3c7900] [com.apple.launchservices:db] NotifyToken::RegisterDispatch(com.apple.LaunchServices.database) fired for session key LSSessionKey(system: 0 uid: 501)
2026-08-12 15:27:13.116 Df IlliniCover[21761:3c78f9] [com.apple.dt.automationmode:Default] Handling posted change notification (com.apple.dt.automationmode.state-changed)
2026-08-12 15:27:13.116 Df IlliniCover[21761:3c78f9] [com.apple.dt.automationmode:Default] XAM shared observer connecting to com.apple.dt.automationmode.reader
2026-08-12 15:27:13.117 Df IlliniCover[21761:3c78f9] [com.apple.xpc:connection] [0x1207bdf40] activating connection: mach=true listener=false peer=false name=com.apple.dt.automationmode.reader
2026-08-12 15:27:13.133 Df IlliniCover[21761:3c78f9] [com.apple.xpc:connection] [0x1207bdf40] invalidated because the current process cancelled the connection by calling xpc_connection_cancel()
2026-08-12 15:27:13.134 Df IlliniCover[21761:3c78f9] [com.apple.dt.automationmode:Default] Comparing previous enabled state (0) to current enabled state (1)
2026-08-12 15:27:16.466 Df IlliniCover[21761:3c7900] [com.apple.dt.xctest:Default] Received request for endpoint.
2026-08-12 15:27:16.466 Df IlliniCover[21761:3c7900] [com.apple.dt.xctest:Default] Sending anonymous endpoint.
2026-08-12 15:27:16.466 Df IlliniCover[21761:3c7900] [com.apple.xpc:connection] [0x1055e5900] Connection returned listener port: 0x7b0b
2026-08-12 15:27:16.470 Df IlliniCover[21761:3c7900] [com.apple.dt.xctest:Default] Received client to target connection.
2026-08-12 15:27:16.470 Df IlliniCover[21761:3c7900] [com.apple.dt.automationmode:Default] Returning 1 for enabled state
2026-08-12 15:27:16.470 Df IlliniCover[21761:3c7900] [com.apple.xpc:connection] [0x11e561f80] activating connection: mach=false listener=false peer=true name=com.apple.xpc.anonymous.0x1055e5900.peer[22009].0x11e561f80
2026-08-12 15:27:16.471 Df IlliniCover[21761:3c7900] [com.apple.dt.xctest:Default] Received request to exchange capabilities, remote interface capabilities are: <XCTCapabilities: 0x1225d5440>: {
    "query runtime issue reporting" = 1;
    "query runtime issue reporting/automation type mismatch" = 1;
}
2026-08-12 15:27:16.474 Df IlliniCover[21761:3c7900] [com.apple.dt.xctest:Default] Received request to fetch matches for query:
2026-08-12 15:27:16.474 Df IlliniCover[21761:3c78fe] [com.apple.dt.xctest:Default] Evaluating query:
2026-08-12 15:27:16.474 Df IlliniCover[21761:3c78fe] [com.apple.dt.xctest:Default] Getting root element snapshot
2026-08-12 15:27:16.474 Df IlliniCover[21761:3c78fe] [com.apple.dt.xctest:Default] Getting snapshot for App element pid: 21761 for query
2026-08-12 15:27:16.474 Df IlliniCover[21761:3c78fe] [com.apple.dt.xctest:Default] Query requires iOS snapshot attributes .
2026-08-12 15:27:16.474 Df IlliniCover[21761:3c78fe] [com.apple.dt.xctest:Default] XCTPerformOnMainRunLoop[not MT]: about to CFRunLoopPerform
2026-08-12 15:27:16.474 Df IlliniCover[21761:3c78fe] [com.apple.dt.xctest:Default] XCTPerformOnMainRunLoop[not MT]: waiting with 30.00s responsiveness timeout
2026-08-12 15:27:16.474 Df IlliniCover[21761:3c78f6] [com.apple.dt.xctest:Default] XCTPerformOnMainRunLoop[MT]: inside CFRunLoopPerform
2026-08-12 15:27:16.474 Df IlliniCover[21761:3c78f6] [com.apple.dt.xctest:Default] XCTPerformOnMainRunLoop[MT]: MT responded in time (won the race to the busy flag)
2026-08-12 15:27:16.474 Df IlliniCover[21761:3c78fe] [com.apple.dt.xctest:Default] XCTPerformOnMainRunLoop[not MT]: waiting 60.00s for work to complete
2026-08-12 15:27:16.475 Df IlliniCover[21761:3c78f6] [com.apple.dt.xctest:Default] Got main window <AXUIElementRef 0x120b58960> {pid=21761} {uid=[ID:4 hash:0x105610400]}
2026-08-12 15:27:16.475 Df IlliniCover[21761:3c78f6] [com.apple.dt.xctest:Default] Capturing hierarchy with attributes XC_kAXXCAttributeElementType, XC_kAXXCAttributeElementBaseType, XC_kAXXCAttributeParent, XC_kAXXCAttributeIdentifier, XC_kAXXCAttributeAutomationType, XC_kAXXCAttributeTraits
2026-08-12 15:27:16.476 Df IlliniCover[21761:3c78f6] [com.apple.dt.xctest:Default] Capturing hierarchy with parameters {
    attributes =     (
        5003,
        5004,
        5002,
        5019,
        5058,
        2004
    );
    maxArrayCount = 2147483647;
    maxChildren = 2147483647;
    maxDepth = 2147483647;
    snapshotKeyHonorModalViews = 0;
    traverseFromParentsToChildren = 1;
}
2026-08-12 15:27:16.476 Df IlliniCover[21761:3c78f6] [com.apple.dt.xctest:Default] Snapshot attributes 5003, 5004, 5002, 5019, 5058, 2004
2026-08-12 15:27:16.580 Df IlliniCover[21761:3c78f6] [com.apple.dt.xctest:Default] Got snapshot for <AXUIElementRef 0x120aebb40> {pid=21761} {uid=[ID:1 hash:0x0]}
2026-08-12 15:27:16.580 Df IlliniCover[21761:3c78f6] [com.apple.dt.xctest:Default] Got app orientation 0
2026-08-12 15:27:16.580 Df IlliniCover[21761:3c78f6] [com.apple.dt.xctest:Default] Captured accessibility snapshot data in 0.11s
2026-08-12 15:27:16.580 Df IlliniCover[21761:3c78fe] [com.apple.dt.xctest:Default] Found main window: Window
2026-08-12 15:27:16.580 Df IlliniCover[21761:3c78fe] [com.apple.dt.xctest:Default] Preferring automation type 48 instead of legacy element type OTHER derived from class/trait: UILabel:UILabel 8590000128
2026-08-12 15:27:16.581 Df IlliniCover[21761:3c78fe] [com.apple.dt.xctest:Default] Other is not actually a child of Other, including at this point anyway (rdar://problem/20738636)
2026-08-12 15:27:16.581 Df IlliniCover[21761:3c78fe] [com.apple.dt.xctest:Default] Other is not actually a child of Other, including at this point anyway (rdar://problem/20738636)
2026-08-12 15:27:16.581 Df IlliniCover[21761:3c78fe] [com.apple.dt.xctest:Default] Other is not actually a child of Other, including at this point anyway (rdar://problem/20738636)
2026-08-12 15:27:16.581 Df IlliniCover[21761:3c78fe] [com.apple.dt.xctest:Default] Other is not actually a child of Other, including at this point anyway (rdar://problem/20738636)
2026-08-12 15:27:16.581 Df IlliniCover[21761:3c78fe] [com.apple.dt.xctest:Default] Other is not actually a child of Other, including at this point anyway (rdar://problem/20738636)
2026-08-12 15:27:16.581 Df IlliniCover[21761:3c78fe] [com.apple.dt.xctest:Default] Other is not actually a child of Other, including at this point anyway (rdar://problem/20738636)
2026-08-12 15:27:16.581 Df IlliniCover[21761:3c78fe] [com.apple.dt.xctest:Default] Other is not actually a child of Other, including at this point anyway (rdar://problem/20738636)
2026-08-12 15:27:16.581 Df IlliniCover[21761:3c78fe] [com.apple.dt.xctest:Default] Other is not actually a child of Other, including at this point anyway (rdar://problem/20738636)
2026-08-12 15:27:16.581 Df IlliniCover[21761:3c78fe] [com.apple.dt.xctest:Default] Other is not actually a child of Other, including at this point anyway (rdar://problem/20738636)
2026-08-12 15:27:16.581 Df IlliniCover[21761:3c78fe] [com.apple.dt.xctest:Default] Other is not actually a child of Other, including at this point anyway (rdar://problem/20738636)
2026-08-12 15:27:16.581 Df IlliniCover[21761:3c78fe] [com.apple.dt.xctest:Default] Other is not actually a child of Other, including at this point anyway (rdar://problem/20738636)
2026-08-12 15:27:16.581 Df IlliniCover[21761:3c78fe] [com.apple.dt.xctest:Default] Other is not actually a child of Other, including at this point anyway (rdar://problem/20738636)
2026-08-12 15:27:16.582 Df IlliniCover[21761:3c78fe] [com.apple.dt.xctest:Default] App orientation is 0 (not portrait) and UITextEffectsWindow window Window is not main window
2026-08-12 15:27:16.582 Df IlliniCover[21761:3c78fe] [com.apple.dt.xctest:Default] Leaving frame unchanged for Window: either already correct or we can't detect it.
2026-08-12 15:27:16.582 Df IlliniCover[21761:3c78fe] [com.apple.dt.xctest:Default] Query  found matching snapshots: {(
    Application, pid: 21761
)} (error: (null))
2026-08-12 15:27:16.582 Df IlliniCover[21761:3c78fe] [com.apple.dt.xctest:Default] Replying to query  with results: <XCTElementQueryResults: 0x120b7d3b0> (error: (null))
2026-08-12 15:27:16.909 Df IlliniCover[21761:3c78fe] [com.apple.dt.xctest:Default] Received request to fetch matches for query:
2026-08-12 15:27:16.909 Df IlliniCover[21761:3c78fe] [com.apple.dt.xctest:Default] Evaluating query:
2026-08-12 15:27:16.909 Df IlliniCover[21761:3c78fe] [com.apple.dt.xctest:Default] Getting root element snapshot
2026-08-12 15:27:16.909 Df IlliniCover[21761:3c78fe] [com.apple.dt.xctest:Default] Getting snapshot for App element pid: 21761 for query
2026-08-12 15:27:16.909 Df IlliniCover[21761:3c78fe] [com.apple.dt.xctest:Default] Query requires iOS snapshot attributes .
2026-08-12 15:27:16.909 Df IlliniCover[21761:3c78fe] [com.apple.dt.xctest:Default] XCTPerformOnMainRunLoop[not MT]: about to CFRunLoopPerform
2026-08-12 15:27:16.909 Df IlliniCover[21761:3c78fe] [com.apple.dt.xctest:Default] XCTPerformOnMainRunLoop[not MT]: waiting with 30.00s responsiveness timeout
2026-08-12 15:27:16.909 Df IlliniCover[21761:3c78f6] [com.apple.dt.xctest:Default] XCTPerformOnMainRunLoop[MT]: inside CFRunLoopPerform
2026-08-12 15:27:16.909 Df IlliniCover[21761:3c78f6] [com.apple.dt.xctest:Default] XCTPerformOnMainRunLoop[MT]: MT responded in time (won the race to the busy flag)
2026-08-12 15:27:16.909 Df IlliniCover[21761:3c78fe] [com.apple.dt.xctest:Default] XCTPerformOnMainRunLoop[not MT]: waiting 60.00s for work to complete
2026-08-12 15:27:16.910 Df IlliniCover[21761:3c78f6] [com.apple.dt.xctest:Default] Got main window <AXUIElementRef 0x120b66940> {pid=21761} {uid=[ID:4 hash:0x105610400]}
2026-08-12 15:27:16.910 Df IlliniCover[21761:3c78f6] [com.apple.dt.xctest:Default] Capturing hierarchy with attributes XC_kAXXCAttributeElementType, XC_kAXXCAttributeElementBaseType, XC_kAXXCAttributeParent, XC_kAXXCAttributeIdentifier, XC_kAXXCAttributeAutomationType, XC_kAXXCAttributeTraits
2026-08-12 15:27:16.910 Df IlliniCover[21761:3c78f6] [com.apple.dt.xctest:Default] Capturing hierarchy with parameters {
    attributes =     (
        5003,
        5004,
        5002,
        5019,
        5058,
        2004
    );
    maxArrayCount = 2147483647;
    maxChildren = 2147483647;
    maxDepth = 2147483647;
    snapshotKeyHonorModalViews = 0;
    traverseFromParentsToChildren = 1;
}
2026-08-12 15:27:16.910 Df IlliniCover[21761:3c78f6] [com.apple.dt.xctest:Default] Snapshot attributes 5003, 5004, 5002, 5019, 5058, 2004
2026-08-12 15:27:16.988 Df IlliniCover[21761:3c78f6] [com.apple.dt.xctest:Default] Got snapshot for <AXUIElementRef 0x11c167300> {pid=21761} {uid=[ID:1 hash:0x0]}
2026-08-12 15:27:16.988 Df IlliniCover[21761:3c78f6] [com.apple.dt.xctest:Default] Got app orientation 0
2026-08-12 15:27:16.988 Df IlliniCover[21761:3c78f6] [com.apple.dt.xctest:Default] Captured accessibility snapshot data in 0.08s
2026-08-12 15:27:16.988 Df IlliniCover[21761:3c78fe] [com.apple.dt.xctest:Default] Found main window: Window
2026-08-12 15:27:16.988 Df IlliniCover[21761:3c78fe] [com.apple.dt.xctest:Default] Preferring automation type 48 instead of legacy element type OTHER derived from class/trait: UILabel:UILabel 8590000128
2026-08-12 15:27:16.988 Df IlliniCover[21761:3c78fe] [com.apple.dt.xctest:Default] Other is not actually a child of Other, including at this point anyway (rdar://problem/20738636)
2026-08-12 15:27:16.988 Df IlliniCover[21761:3c78fe] [com.apple.dt.xctest:Default] Other is not actually a child of Other, including at this point anyway (rdar://problem/20738636)
2026-08-12 15:27:16.988 Df IlliniCover[21761:3c78fe] [com.apple.dt.xctest:Default] Other is not actually a child of Other, including at this point anyway (rdar://problem/20738636)
2026-08-12 15:27:16.988 Df IlliniCover[21761:3c78fe] [com.apple.dt.xctest:Default] Other is not actually a child of Other, including at this point anyway (rdar://problem/20738636)
2026-08-12 15:27:16.988 Df IlliniCover[21761:3c78fe] [com.apple.dt.xctest:Default] Other is not actually a child of Other, including at this point anyway (rdar://problem/20738636)
2026-08-12 15:27:16.988 Df IlliniCover[21761:3c78fe] [com.apple.dt.xctest:Default] Other is not actually a child of Other, including at this point anyway (rdar://problem/20738636)
2026-08-12 15:27:16.989 Df IlliniCover[21761:3c78fe] [com.apple.dt.xctest:Default] Other is not actually a child of Other, including at this point anyway (rdar://problem/20738636)
2026-08-12 15:27:16.989 Df IlliniCover[21761:3c78fe] [com.apple.dt.xctest:Default] Other is not actually a child of Other, including at this point anyway (rdar://problem/20738636)
2026-08-12 15:27:16.989 Df IlliniCover[21761:3c78fe] [com.apple.dt.xctest:Default] Other is not actually a child of Other, including at this point anyway (rdar://problem/20738636)
2026-08-12 15:27:16.989 Df IlliniCover[21761:3c78fe] [com.apple.dt.xctest:Default] Other is not actually a child of Other, including at this point anyway (rdar://problem/20738636)
2026-08-12 15:27:16.989 Df IlliniCover[21761:3c78fe] [com.apple.dt.xctest:Default] Other is not actually a child of Other, including at this point anyway (rdar://problem/20738636)
2026-08-12 15:27:16.989 Df IlliniCover[21761:3c78fe] [com.apple.dt.xctest:Default] Other is not actually a child of Other, including at this point anyway (rdar://problem/20738636)
2026-08-12 15:27:16.989 Df IlliniCover[21761:3c78fe] [com.apple.dt.xctest:Default] App orientation is 0 (not portrait) and UITextEffectsWindow window Window is not main window
2026-08-12 15:27:16.989 Df IlliniCover[21761:3c78fe] [com.apple.dt.xctest:Default] Leaving frame unchanged for Window: either already correct or we can't detect it.
2026-08-12 15:27:16.990 Df IlliniCover[21761:3c78fe] [com.apple.dt.xctest:Default] Query  found matching snapshots: {(
    Application, pid: 21761
)} (error: (null))
2026-08-12 15:27:16.990 Df IlliniCover[21761:3c78fe] [com.apple.dt.xctest:Default] Replying to query  with results: <XCTElementQueryResults: 0x1225caac0> (error: (null))
