2026-08-12 16:58:07.723 Df IlliniCover[61354:406a1e] [com.apple.dt.xctest:Default] Captured accessibility snapshot data in 0.07s
2026-08-12 16:58:07.723 Df IlliniCover[61354:406a42] [com.apple.dt.xctest:Default] Found main window: Window
2026-08-12 16:58:07.723 Df IlliniCover[61354:406a42] [com.apple.dt.xctest:Default] Preferring automation type 36 instead of legacy element type OTHER derived from class/trait: SwiftUI.AccessibilityNode:UIResponder 8589935104
2026-08-12 16:58:07.723 Df IlliniCover[61354:406a42] [com.apple.dt.xctest:Default] ActivityIndicator is not actually a child of ActivityIndicator, identifier: 'live-acceptance-reset-gate', including at this point anyway (rdar://problem/20738636)
2026-08-12 16:58:07.724 Df IlliniCover[61354:406a42] [com.apple.dt.xctest:Default] Query  found matching snapshots: {(
    Application, pid: 61354
)} (error: (null))
2026-08-12 16:58:07.724 Df IlliniCover[61354:406a42] [com.apple.dt.xctest:Default] Replying to query  with results: <XCTElementQueryResults: 0x10a0040c0> (error: (null))
2026-08-12 16:58:07.884 Df IlliniCover[61354:407220] [com.apple.dt.xctest:Default] Received request to fetch matches for query:
2026-08-12 16:58:07.884 Df IlliniCover[61354:4071f6] [com.apple.dt.xctest:Default] Evaluating query:
2026-08-12 16:58:07.884 Df IlliniCover[61354:4071f6] [com.apple.dt.xctest:Default] Getting root element snapshot
2026-08-12 16:58:07.884 Df IlliniCover[61354:4071f6] [com.apple.dt.xctest:Default] Getting snapshot for App element pid: 61354 for query
2026-08-12 16:58:07.884 Df IlliniCover[61354:4071f6] [com.apple.dt.xctest:Default] Query requires iOS snapshot attributes .
2026-08-12 16:58:07.885 Df IlliniCover[61354:4071f6] [com.apple.dt.xctest:Default] XCTPerformOnMainRunLoop[not MT]: about to CFRunLoopPerform
2026-08-12 16:58:07.885 Df IlliniCover[61354:4071f6] [com.apple.dt.xctest:Default] XCTPerformOnMainRunLoop[not MT]: waiting with 30.00s responsiveness timeout
2026-08-12 16:58:07.885 Df IlliniCover[61354:406a1e] [com.apple.dt.xctest:Default] XCTPerformOnMainRunLoop[MT]: inside CFRunLoopPerform
2026-08-12 16:58:07.885 Df IlliniCover[61354:406a1e] [com.apple.dt.xctest:Default] XCTPerformOnMainRunLoop[MT]: MT responded in time (won the race to the busy flag)
2026-08-12 16:58:07.885 Df IlliniCover[61354:4071f6] [com.apple.dt.xctest:Default] XCTPerformOnMainRunLoop[not MT]: waiting 60.00s for work to complete
2026-08-12 16:58:07.885 Df IlliniCover[61354:406a1e] [com.apple.dt.xctest:Default] Got main window <AXUIElementRef 0x10a082a00> {pid=61354} {uid=[ID:4 hash:0x101e30400]}
2026-08-12 16:58:07.885 Df IlliniCover[61354:406a1e] [com.apple.dt.xctest:Default] Capturing hierarchy with attributes XC_kAXXCAttributeElementType, XC_kAXXCAttributeElementBaseType, XC_kAXXCAttributeParent, XC_kAXXCAttributeIdentifier, XC_kAXXCAttributeAutomationType, XC_kAXXCAttributeTraits
2026-08-12 16:58:07.885 Df IlliniCover[61354:406a1e] [com.apple.dt.xctest:Default] Capturing hierarchy with parameters {
    attributes =     (
        5003,
        5004,
        5002,
        5019,
        5058,
        2004
    );
    maxArrayCount = 2147483647;
    maxChildren = 2147483647;
    maxDepth = 2147483647;
    snapshotKeyHonorModalViews = 0;
    traverseFromParentsToChildren = 1;
}
2026-08-12 16:58:07.885 Df IlliniCover[61354:406a1e] [com.apple.dt.xctest:Default] Snapshot attributes 5003, 5004, 5002, 5019, 5058, 2004
2026-08-12 16:58:07.887 Df IlliniCover[61354:406a1e] [com.apple.dt.xctest:Default] Got snapshot for <AXUIElementRef 0x10a0802a0> {pid=61354} {uid=[ID:1 hash:0x0]}
2026-08-12 16:58:07.887 Df IlliniCover[61354:406a1e] [com.apple.dt.xctest:Default] Got app orientation 0
2026-08-12 16:58:07.887 Df IlliniCover[61354:406a1e] [com.apple.dt.xctest:Default] Captured accessibility snapshot data in 0.00s
2026-08-12 16:58:07.887 Df IlliniCover[61354:4071f6] [com.apple.dt.xctest:Default] Found main window: Window
2026-08-12 16:58:07.887 Df IlliniCover[61354:4071f6] [com.apple.dt.xctest:Default] Preferring automation type 36 instead of legacy element type OTHER derived from class/trait: SwiftUI.AccessibilityNode:UIResponder 8589935104
2026-08-12 16:58:07.887 Df IlliniCover[61354:4071f6] [com.apple.dt.xctest:Default] ActivityIndicator is not actually a child of ActivityIndicator, identifier: 'live-acceptance-reset-gate', including at this point anyway (rdar://problem/20738636)
2026-08-12 16:58:07.887 Df IlliniCover[61354:4071f6] [com.apple.dt.xctest:Default] Query  found matching snapshots: {(
    Application, pid: 61354
)} (error: (null))
2026-08-12 16:58:07.887 Df IlliniCover[61354:4071f6] [com.apple.dt.xctest:Default] Replying to query  with results: <XCTElementQueryResults: 0x10a005830> (error: (null))
2026-08-12 16:58:08.636 Df IlliniCover[61354:4071f6] [com.apple.xpc:connection] [0x101e3df80] invalidated because the client process (pid 61643) either cancelled the connection or exited
2026-08-12 16:58:08.636 Df IlliniCover[61354:4071f6] [com.apple.dt.xctest:Default] Connection from client with pid 61643 was invalidated.
2026-08-12 16:58:08.643 Df IlliniCover[61354:407220] [com.apple.dt.automationmode:Default] Handling posted change notification (com.apple.dt.automationmode.state-changed)
2026-08-12 16:58:08.643 Df IlliniCover[61354:407220] [com.apple.dt.automationmode:Default] XAM shared observer connecting to com.apple.dt.automationmode.reader
2026-08-12 16:58:08.643 Df IlliniCover[61354:407220] [com.apple.xpc:connection] [0x101feb480] activating connection: mach=true listener=false peer=false name=com.apple.dt.automationmode.reader
2026-08-12 16:58:08.645 Df IlliniCover[61354:407220] [com.apple.xpc:connection] [0x101feb480] invalidated because the current process cancelled the connection by calling xpc_connection_cancel()
2026-08-12 16:58:08.645 Df IlliniCover[61354:407220] [com.apple.dt.automationmode:Default] Comparing previous enabled state (1) to current enabled state (0)
2026-08-12 16:58:08.645 Df IlliniCover[61354:4071f6] [com.apple.dt.xctest:Default] Automation Mode has been disabled, existing connections will be invalidated.
2026-08-12 16:58:08.647 E  IlliniCover[61354:40721f] [com.apple.BoardServices:XPCErrors] [C:1] Error received: Connection interrupted.
2026-08-12 16:58:08.647 Df IlliniCover[61354:4071f6] [com.apple.xpc:connection] [0x101fe8280] Re-initialization successful; calling out to event handler with XPC_ERROR_CONNECTION_INTERRUPTED
2026-08-12 16:58:08.647 Df IlliniCover[61354:407220] [com.apple.FrontBoard:Common] <FBSWorkspaceScenesClient:0x101d68820 com.apple.frontboard.systemappservices> was interrupted
2026-08-12 16:58:08.647 Df IlliniCover[61354:407220] [com.apple.xpc:connection] [0x101feb480] activating connection: mach=false listener=false peer=false name=(anonymous)
2026-08-12 16:58:08.648 Df IlliniCover[61354:407220] [com.apple.FrontBoard:Common] <FBSWorkspaceScenesClient:0x101d68820 com.apple.frontboard.systemappservices> attempting immediate handshake from interruption handler
2026-08-12 16:58:08.648 Df IlliniCover[61354:407220] [com.apple.FrontBoard:Common] <FBSWorkspaceScenesClient:0x101d68820 com.apple.frontboard.systemappservices> sent handshake
2026-08-12 16:58:08.648 E  IlliniCover[61354:4071f6] [com.apple.KeyboardArbiter:Client] XPC connection interrupted
2026-08-12 16:58:08.648 Df IlliniCover[61354:406a1e] [com.apple.KeyboardArbiter:Client] failedConnection
2026-08-12 16:58:08.648 Df IlliniCover[61354:406a1e] [com.apple.xpc:connection] [0x101fe8280] invalidated because the current process cancelled the connection by calling xpc_connection_cancel()
2026-08-12 16:58:08.652 Df IlliniCover[61354:406a1e] [com.apple.KeyboardArbiter:Client] handleKeyboardChange: set currentKeyboard:N (wasKeyboard:N)
2026-08-12 16:58:08.663 Df IlliniCover[61354:407220] [com.apple.BackBoard:EventDelivery] policyStatus:<BKSHIDEventDeliveryPolicyObserver: 0x101cb3240; token: com.apple.frontboard.systemappservices/FBSceneManager:sceneID%3Acom.illinicover.app.v2-default; status: none> was:ancestor
2026-08-12 16:58:08.664 Df IlliniCover[61354:406a1e] [com.apple.UIKit:KeyWindow] Scene target of keyboard event deferring environment did change: 0; scene: UIWindowScene: 0x1017645a0; scene identity: com.apple.frontboard.systemappservices/FBSceneManager:sceneID%3Acom.illinicover.app.v2-default
2026-08-12 16:58:08.770 A  IlliniCover[61354:407220] (RunningBoardServices) didChangeInheritances
2026-08-12 16:58:15.769 A  IlliniCover[61354:4071f6] (RunningBoardServices) didChangeInheritances
2026-08-12 16:58:15.808 Df IlliniCover[61354:40721f] [com.apple.FrontBoard:Common] <FBSWorkspaceScenesClient:0x101d68820 com.apple.frontboard.systemappservices> Reconnecting scene (FBSceneManager):sceneID:com.illinicover.app.v2-default
2026-08-12 16:58:15.818 Df IlliniCover[61354:406a1e] [com.apple.UIKit:AppLifecycle] sceneOfRecord: sceneID: sceneID:com.illinicover.app.v2-default  persistentID: ADF90981-9588-4FCE-98B7-9CBD9C3A54DB
2026-08-12 16:58:15.821 Df IlliniCover[61354:406a1e] [com.apple.FrontBoard:SceneClient] [(FBSceneManager):sceneID:com.illinicover.app.v2-default] Received action(s) in scene-update: <FBSceneSnapshotAction: 0xf0ed0000>
2026-08-12 16:58:15.832 Df IlliniCover[61354:406a1e] [com.apple.UIKit:InterfaceStyle] Not push traits update to screen for new style 2, <UIWindowScene: 0x1017645a0> (ADF90981-9588-4FCE-98B7-9CBD9C3A54DB)
2026-08-12 16:58:15.863 Df IlliniCover[61354:406a1e] [com.apple.UIKit:AppLifecycle] sceneOfRecord: sceneID: sceneID:com.illinicover.app.v2-default  persistentID: ADF90981-9588-4FCE-98B7-9CBD9C3A54DB
2026-08-12 16:58:15.863 Df IlliniCover[61354:4071f6] [com.apple.xpc:connection] [0x101feaf80] invalidated because the current process cancelled the connection by calling xpc_connection_cancel()
2026-08-12 16:58:15.863 Df IlliniCover[61354:4071f6] [com.apple.xpc:session] [0x101e2db80] Session canceled.
2026-08-12 16:58:15.863 Df IlliniCover[61354:406a1e] [com.apple.UIKit:Application] Deactivation reason added: 12; deactivation reasons: 0 -> 4096; animating application lifecycle event: 0
2026-08-12 16:58:15.874 Df IlliniCover[61354:4071f6] [com.apple.UIIntelligenceSupport:xpc] agent connection cancelled (details: Session manually canceled)
2026-08-12 16:58:15.875 Df IlliniCover[61354:4071f6] [com.apple.xpc:session] [0x101e2db80] Disposing of session
2026-08-12 16:58:15.875 Df IlliniCover[61354:406a1e] [com.apple.UIKit:Application] Deactivation reason added: 11; deactivation reasons: 4096 -> 6144; animating application lifecycle event: 0
2026-08-12 16:58:15.876 Df IlliniCover[61354:406a1e] [com.apple.UIKit:BackgroundTask] Will add backgroundTask with taskName: com.apple.asset_manager.cache_resource_cleanup, expirationHandler: <__NSMallocBlock__: 0x10a0eb150>
2026-08-12 16:58:15.876 Df IlliniCover[61354:406a1e] [com.apple.UIKit:BackgroundTask] Creating new assertion because there is no existing background assertion.
2026-08-12 16:58:15.876 Df IlliniCover[61354:406a1e] [com.apple.UIKit:BackgroundTask] Creating new background assertion
2026-08-12 16:58:15.876 Df IlliniCover[61354:406a1e] [com.apple.UIKit:BackgroundTask] Created new background assertion <BKSProcessAssertion: 0x10a0b1310>
2026-08-12 16:58:15.877 Df IlliniCover[61354:406a1e] [com.apple.UIKit:BackgroundTask] Incrementing reference count for background assertion <BKSProcessAssertion: 0x10a0b1310>
2026-08-12 16:58:15.878 Df IlliniCover[61354:406a1e] [com.apple.UIKit:BackgroundTask] Created background task <_UIBackgroundTaskInfo: 0x108d487c0>: taskID = 2, taskName = com.apple.asset_manager.cache_resource_cleanup, creationTime = 85914 (elapsed = 0).
2026-08-12 16:58:15.878 Df IlliniCover[61354:406a1e] [com.apple.UIKit:BackgroundTask] Ending background task with UIBackgroundTaskIdentifier: 2
2026-08-12 16:58:15.878 Df IlliniCover[61354:406a1e] [com.apple.UIKit:BackgroundTask] Ending task with identifier 2 and description: <_UIBackgroundTaskInfo: 0x108d487c0>: taskID = 2, taskName = com.apple.asset_manager.cache_resource_cleanup, creationTime = 85914 (elapsed = 0), _expireHandler: <__NSMallocBlock__: 0x10a0eb150>
2026-08-12 16:58:15.878 Df IlliniCover[61354:406a1e] [com.apple.UIKit:BackgroundTask] Decrementing reference count for assertion <BKSProcessAssertion: 0x10a0b1310> (used by background task with identifier 2: <_UIBackgroundTaskInfo: 0x108d487c0>: taskID = 2, taskName = com.apple.asset_manager.cache_resource_cleanup, creationTime = 85914 (elapsed = 0))
2026-08-12 16:58:15.878 Df IlliniCover[61354:406a1e] [com.apple.UIKit:BackgroundTask] Will invalidate assertion: <BKSProcessAssertion: 0x10a0b1310> for task identifier: 2
2026-08-12 16:58:15.878 Df IlliniCover[61354:406a1e] [com.apple.UIKit:BackgroundTask] Will add backgroundTask with taskName: _UIRemoteKeyboard XPC disconnection, expirationHandler: (null)
2026-08-12 16:58:15.878 Df IlliniCover[61354:406a1e] [com.apple.UIKit:BackgroundTask] Creating new assertion because there is no existing background assertion.
2026-08-12 16:58:15.878 Df IlliniCover[61354:406a1e] [com.apple.UIKit:BackgroundTask] Creating new background assertion
2026-08-12 16:58:15.878 Df IlliniCover[61354:406a1e] [com.apple.UIKit:BackgroundTask] Created new background assertion <BKSProcessAssertion: 0x10a0b19f0>
2026-08-12 16:58:15.879 Df IlliniCover[61354:406a1e] [com.apple.UIKit:BackgroundTask] Incrementing reference count for background assertion <BKSProcessAssertion: 0x10a0b19f0>
2026-08-12 16:58:15.880 Df IlliniCover[61354:406a1e] [com.apple.UIKit:BackgroundTask] Created background task <_UIBackgroundTaskInfo: 0x108d48840>: taskID = 3, taskName = _UIRemoteKeyboard XPC disconnection, creationTime = 85914 (elapsed = 0).
2026-08-12 16:58:15.886 A  IlliniCover[61354:4071f6] (RunningBoardServices) didChangeInheritances
2026-08-12 16:58:16.064 Df IlliniCover[61354:406a1e] [com.apple.UIKit:BackgroundTask] Will add backgroundTask with taskName: Called by IlliniCover.debug.dylib, from $s4GRDB12DatabasePoolC29applicationDidEnterBackground33_9A61BB0E3A143FBA5AF7EE64C5E0F9D4LLyySo14NSNotificationCFTo, expirationHandler: (null)
2026-08-12 16:58:16.064 Df IlliniCover[61354:406a1e] [com.apple.UIKit:BackgroundTask] Reusing background assertion <BKSProcessAssertion: 0x10a0b19f0>
2026-08-12 16:58:16.064 Df IlliniCover[61354:406a1e] [com.apple.UIKit:BackgroundTask] Incrementing reference count for background assertion <BKSProcessAssertion: 0x10a0b19f0>
2026-08-12 16:58:16.064 Df IlliniCover[61354:406a1e] [com.apple.UIKit:BackgroundTask] Created background task <_UIBackgroundTaskInfo: 0x108d48900>: taskID = 4, taskName = Called by IlliniCover.debug.dylib, from $s4GRDB12DatabasePoolC29applicationDidEnterBackground33_9A61BB0E3A143FBA5AF7EE64C5E0F9D4LLyySo14NSNotificationCFTo, creationTime = 85914 (elapsed = 0).
2026-08-12 16:58:16.092 A  IlliniCover[61354:406a1e] (CoreLocation) CL: CLLocationManager
2026-08-12 16:58:16.093 Df IlliniCover[61354:406a1e] [com.apple.locationd.Core:Client] {"msg":"CLLocationManager", "event":activity, "_cmd":onDidEnterBackground:, "self":"0x101e985a0", "notification":NSConcreteNotification 0x108f59680 {name = UIApplicationDidEnterBackgroundNotification; object = <_TtC7SwiftUIP33_ACC2C5639A7D76F611E170E831FCA49118SwiftUIApplication: 0x101763a50>}}
2026-08-12 16:58:16.093 Df IlliniCover[61354:406a1e] [com.apple.UIKit:BackgroundTask] Will add backgroundTask with taskName: com.apple.asset_manager.cache_resource_cleanup, expirationHandler: <__NSMallocBlock__: 0x10a0eae80>
2026-08-12 16:58:16.093 Df IlliniCover[61354:406a1e] [com.apple.UIKit:BackgroundTask] Reusing background assertion <BKSProcessAssertion: 0x10a0b19f0>
2026-08-12 16:58:16.093 Df IlliniCover[61354:406a1e] [com.apple.UIKit:BackgroundTask] Incrementing reference count for background assertion <BKSProcessAssertion: 0x10a0b19f0>
2026-08-12 16:58:16.093 Df IlliniCover[61354:406a1e] [com.apple.UIKit:BackgroundTask] Created background task <_UIBackgroundTaskInfo: 0x108d48800>: taskID = 5, taskName = com.apple.asset_manager.cache_resource_cleanup, creationTime = 85914 (elapsed = 0).
2026-08-12 16:58:16.093 Df IlliniCover[61354:406a1e] [com.apple.UIKit:BackgroundTask] Ending background task with UIBackgroundTaskIdentifier: 5
2026-08-12 16:58:16.093 Df IlliniCover[61354:406a1e] [com.apple.UIKit:BackgroundTask] Ending task with identifier 5 and description: <_UIBackgroundTaskInfo: 0x108d48800>: taskID = 5, taskName = com.apple.asset_manager.cache_resource_cleanup, creationTime = 85914 (elapsed = 0), _expireHandler: <__NSMallocBlock__: 0x10a0eae80>
2026-08-12 16:58:16.093 Df IlliniCover[61354:406a1e] [com.apple.UIKit:BackgroundTask] Decrementing reference count for assertion <BKSProcessAssertion: 0x10a0b19f0> (used by background task with identifier 5: <_UIBackgroundTaskInfo: 0x108d48800>: taskID = 5, taskName = com.apple.asset_manager.cache_resource_cleanup, creationTime = 85914 (elapsed = 0))
2026-08-12 16:58:16.097 Df IlliniCover[61354:406a1e] [com.apple.UIKit:BackgroundTask] Will add backgroundTask with taskName: com.apple.asset_manager.cache_resource_cleanup, expirationHandler: <__NSMallocBlock__: 0x10a0e9740>
2026-08-12 16:58:16.097 Df IlliniCover[61354:406a1e] [com.apple.UIKit:BackgroundTask] Reusing background assertion <BKSProcessAssertion: 0x10a0b19f0>
2026-08-12 16:58:16.097 Df IlliniCover[61354:406a1e] [com.apple.UIKit:BackgroundTask] Incrementing reference count for background assertion <BKSProcessAssertion: 0x10a0b19f0>
2026-08-12 16:58:16.097 Df IlliniCover[61354:406a1e] [com.apple.UIKit:BackgroundTask] Created background task <_UIBackgroundTaskInfo: 0x108d488c0>: taskID = 6, taskName = com.apple.asset_manager.cache_resource_cleanup, creationTime = 85914 (elapsed = 0).
2026-08-12 16:58:16.098 Df IlliniCover[61354:406a1e] [com.apple.UIKit:BackgroundTask] Ending background task with UIBackgroundTaskIdentifier: 6
2026-08-12 16:58:16.098 Df IlliniCover[61354:406a1e] [com.apple.UIKit:BackgroundTask] Ending task with identifier 6 and description: <_UIBackgroundTaskInfo: 0x108d488c0>: taskID = 6, taskName = com.apple.asset_manager.cache_resource_cleanup, creationTime = 85914 (elapsed = 0), _expireHandler: <__NSMallocBlock__: 0x10a0e9740>
2026-08-12 16:58:16.098 Df IlliniCover[61354:406a1e] [com.apple.UIKit:BackgroundTask] Decrementing reference count for assertion <BKSProcessAssertion: 0x10a0b19f0> (used by background task with identifier 6: <_UIBackgroundTaskInfo: 0x108d488c0>: taskID = 6, taskName = com.apple.asset_manager.cache_resource_cleanup, creationTime = 85914 (elapsed = 0))
2026-08-12 16:58:16.098 Df IlliniCover[61354:406a1e] [com.apple.UIKit:BackgroundTask] Will add backgroundTask with taskName: com.apple.asset_manager.cache_resource_cleanup, expirationHandler: <__NSMallocBlock__: 0x10a0e9740>
2026-08-12 16:58:16.099 Df IlliniCover[61354:406a1e] [com.apple.UIKit:BackgroundTask] Reusing background assertion <BKSProcessAssertion: 0x10a0b19f0>
2026-08-12 16:58:16.099 Df IlliniCover[61354:406a1e] [com.apple.UIKit:BackgroundTask] Incrementing reference count for background assertion <BKSProcessAssertion: 0x10a0b19f0>
2026-08-12 16:58:16.099 Df IlliniCover[61354:406a1e] [com.apple.UIKit:BackgroundTask] Created background task <_UIBackgroundTaskInfo: 0x108d488c0>: taskID = 7, taskName = com.apple.asset_manager.cache_resource_cleanup, creationTime = 85914 (elapsed = 0).
2026-08-12 16:58:16.099 Df IlliniCover[61354:406a1e] [com.apple.UIKit:BackgroundTask] Ending background task with UIBackgroundTaskIdentifier: 7
2026-08-12 16:58:16.099 Df IlliniCover[61354:406a1e] [com.apple.UIKit:BackgroundTask] Ending task with identifier 7 and description: <_UIBackgroundTaskInfo: 0x108d488c0>: taskID = 7, taskName = com.apple.asset_manager.cache_resource_cleanup, creationTime = 85914 (elapsed = 0), _expireHandler: <__NSMallocBlock__: 0x10a0e9740>
2026-08-12 16:58:16.099 Df IlliniCover[61354:406a1e] [com.apple.UIKit:BackgroundTask] Decrementing reference count for assertion <BKSProcessAssertion: 0x10a0b19f0> (used by background task with identifier 7: <_UIBackgroundTaskInfo: 0x108d488c0>: taskID = 7, taskName = com.apple.asset_manager.cache_resource_cleanup, creationTime = 85914 (elapsed = 0))
2026-08-12 16:58:16.100 Df IlliniCover[61354:4071f6] [com.apple.UIKit:BackgroundTask] Ending background task with UIBackgroundTaskIdentifier: 4
2026-08-12 16:58:16.100 Df IlliniCover[61354:4071f6] [com.apple.UIKit:BackgroundTask] Ending task with identifier 4 and description: <_UIBackgroundTaskInfo: 0x108d48900>: taskID = 4, taskName = Called by IlliniCover.debug.dylib, from $s4GRDB12DatabasePoolC29applicationDidEnterBackground33_9A61BB0E3A143FBA5AF7EE64C5E0F9D4LLyySo14NSNotificationCFTo, creationTime = 85914 (elapsed = 0), _expireHandler: (null)
2026-08-12 16:58:16.100 Df IlliniCover[61354:4071f6] [com.apple.UIKit:BackgroundTask] Decrementing reference count for assertion <BKSProcessAssertion: 0x10a0b19f0> (used by background task with identifier 4: <_UIBackgroundTaskInfo: 0x108d48900>: taskID = 4, taskName = Called by IlliniCover.debug.dylib, from $s4GRDB12DatabasePoolC29applicationDidEnterBackground33_9A61BB0E3A143FBA5AF7EE64C5E0F9D4LLyySo14NSNotificationCFTo, creationTime = 85914 (elapsed = 0))
2026-08-12 16:58:16.172 Df IlliniCover[61354:406a1e] [com.apple.UIKit:BackgroundTask] Will add backgroundTask with taskName: com.apple.uikit.applicationSnapshot, expirationHandler: <__NSMallocBlock__: 0x10a0e9740>
2026-08-12 16:58:16.172 Df IlliniCover[61354:406a1e] [com.apple.UIKit:BackgroundTask] Reusing background assertion <BKSProcessAssertion: 0x10a0b19f0>
2026-08-12 16:58:16.172 Df IlliniCover[61354:406a1e] [com.apple.UIKit:BackgroundTask] Incrementing reference count for background assertion <BKSProcessAssertion: 0x10a0b19f0>
2026-08-12 16:58:16.172 Df IlliniCover[61354:406a1e] [com.apple.UIKit:BackgroundTask] Created background task <_UIBackgroundTaskInfo: 0x108d48900>: taskID = 8, taskName = com.apple.uikit.applicationSnapshot, creationTime = 85914 (elapsed = 0).
2026-08-12 16:58:16.173 Df IlliniCover[61354:406a1e] [com.apple.UIKit:InterfaceStyle] Push traits update to screen for new style 2, <UIWindowScene: 0x1017645a0> (ADF90981-9588-4FCE-98B7-9CBD9C3A54DB)
2026-08-12 16:58:16.174 Df IlliniCover[61354:406a1e] [com.apple.UIKit:InterfaceStyle] Should not send trait collection or coordinate space update, interface style 2 -> 2, <UIWindowScene: 0x1017645a0> (ADF90981-9588-4FCE-98B7-9CBD9C3A54DB)
2026-08-12 16:58:16.182 Df IlliniCover[61354:406a1e] [com.apple.FrontBoard:Common] Performing snapshot request 0x10a134ea0 (type 1)
2026-08-12 16:58:16.182 Df IlliniCover[61354:406a1e] [com.apple.FrontBoard:SceneClient] [(FBSceneManager):sceneID:com.illinicover.app.v2-default] Sending action(s): <FBSSceneSnapshotRequestAction: 0xefaa0000>
2026-08-12 16:58:16.784 Df IlliniCover[61354:4071f6] [com.apple.FrontBoard:Common] Snapshot request 0x10a134ea0 complete
2026-08-12 16:58:16.790 Df IlliniCover[61354:406a1e] [com.apple.UIKit:InterfaceStyle] Push traits update to screen for new style 2, <UIWindowScene: 0x1017645a0> (ADF90981-9588-4FCE-98B7-9CBD9C3A54DB)
2026-08-12 16:58:16.795 Df IlliniCover[61354:406a1e] [com.apple.UIKit:InterfaceStyle] Should not send trait collection or coordinate space update, interface style 1 -> 1, <UIWindowScene: 0x1017645a0> (ADF90981-9588-4FCE-98B7-9CBD9C3A54DB)
2026-08-12 16:58:17.375 Df IlliniCover[61354:406a1e] [com.apple.FrontBoard:Common] Performing snapshot request 0x10a004b70 (type 1)
2026-08-12 16:58:17.388 Df IlliniCover[61354:406a1e] [com.apple.FrontBoard:SceneClient] [(FBSceneManager):sceneID:com.illinicover.app.v2-default] Sending action(s): <FBSSceneSnapshotRequestAction: 0xefaa0001>
2026-08-12 16:58:17.562 Df IlliniCover[61354:4071f6] [com.apple.FrontBoard:Common] Snapshot request 0x10a004b70 complete
2026-08-12 16:58:17.563 Df IlliniCover[61354:406a1e] [com.apple.UIKit:BackgroundTask] Ending background task with UIBackgroundTaskIdentifier: 8
2026-08-12 16:58:17.564 Df IlliniCover[61354:406a1e] [com.apple.UIKit:BackgroundTask] Ending task with identifier 8 and description: <_UIBackgroundTaskInfo: 0x108d48900>: taskID = 8, taskName = com.apple.uikit.applicationSnapshot, creationTime = 85914 (elapsed = 2), _expireHandler: <__NSMallocBlock__: 0x10a0e9740>
2026-08-12 16:58:17.564 Df IlliniCover[61354:406a1e] [com.apple.UIKit:BackgroundTask] Decrementing reference count for assertion <BKSProcessAssertion: 0x10a0b19f0> (used by background task with identifier 8: <_UIBackgroundTaskInfo: 0x108d48900>: taskID = 8, taskName = com.apple.uikit.applicationSnapshot, creationTime = 85914 (elapsed = 2))
2026-08-12 16:58:17.574 Df IlliniCover[61354:406a1e] [com.apple.UIKit:InterfaceStyle] Push traits update to screen for new style 2, <UIWindowScene: 0x1017645a0> (ADF90981-9588-4FCE-98B7-9CBD9C3A54DB)
2026-08-12 16:58:17.575 Df IlliniCover[61354:406a1e] [com.apple.UIKit:InterfaceStyle] Should not send trait collection or coordinate space update, interface style 2 -> 2, <UIWindowScene: 0x1017645a0> (ADF90981-9588-4FCE-98B7-9CBD9C3A54DB)
2026-08-12 16:58:17.611 Df IlliniCover[61354:406a1e] [com.apple.UIKit:EventDeferring] [0x101ea6e60] [keyboardFocus] Disabling event deferring records requested: adding recreation reason: detachedContext; for reason: _UIEventDeferringManager: 0x101ea6e60: disabling keyboardFocus: context detached for window: 0x101e30400; contextID: 0x25CD5C18
2026-08-12 16:58:17.613 Df IlliniCover[61354:406a1e] [com.apple.UIKit:BackgroundTask] Will add backgroundTask with taskName: com.apple.UIKit.CABackingStoreCollect, expirationHandler: (null)
2026-08-12 16:58:17.614 Df IlliniCover[61354:406a1e] [com.apple.UIKit:BackgroundTask] Reusing background assertion <BKSProcessAssertion: 0x10a0b19f0>
2026-08-12 16:58:17.614 Df IlliniCover[61354:406a1e] [com.apple.UIKit:BackgroundTask] Incrementing reference count for background assertion <BKSProcessAssertion: 0x10a0b19f0>
2026-08-12 16:58:17.614 Df IlliniCover[61354:406a1e] [com.apple.UIKit:BackgroundTask] Created background task <_UIBackgroundTaskInfo: 0x108d4a2c0>: taskID = 9, taskName = com.apple.UIKit.CABackingStoreCollect, creationTime = 85916 (elapsed = 0).
2026-08-12 16:58:17.633 Df IlliniCover[61354:406a1e] [com.apple.UIKit:UpdateScheduler] Target list changed:
2026-08-12 16:58:17.657 Df IlliniCover[61354:406a1e] [com.apple.UIKit:BackgroundTask] Ending background task with UIBackgroundTaskIdentifier: 3
2026-08-12 16:58:17.660 Df IlliniCover[61354:406a1e] [com.apple.UIKit:BackgroundTask] Ending task with identifier 3 and description: <_UIBackgroundTaskInfo: 0x108d48840>: taskID = 3, taskName = _UIRemoteKeyboard XPC disconnection, creationTime = 85914 (elapsed = 2), _expireHandler: (null)
2026-08-12 16:58:17.661 Df IlliniCover[61354:406a1e] [com.apple.UIKit:BackgroundTask] Decrementing reference count for assertion <BKSProcessAssertion: 0x10a0b19f0> (used by background task with identifier 3: <_UIBackgroundTaskInfo: 0x108d48840>: taskID = 3, taskName = _UIRemoteKeyboard XPC disconnection, creationTime = 85914 (elapsed = 2))
2026-08-12 16:58:17.661 Df IlliniCover[61354:406a1e] [com.apple.UIKit:BackgroundTask] Ending background task with UIBackgroundTaskIdentifier: 9
2026-08-12 16:58:17.661 Df IlliniCover[61354:406a1e] [com.apple.UIKit:BackgroundTask] Ending task with identifier 9 and description: <_UIBackgroundTaskInfo: 0x108d4a2c0>: taskID = 9, taskName = com.apple.UIKit.CABackingStoreCollect, creationTime = 85916 (elapsed = 0), _expireHandler: (null)
2026-08-12 16:58:17.661 Df IlliniCover[61354:406a1e] [com.apple.UIKit:BackgroundTask] Decrementing reference count for assertion <BKSProcessAssertion: 0x10a0b19f0> (used by background task with identifier 9: <_UIBackgroundTaskInfo: 0x108d4a2c0>: taskID = 9, taskName = com.apple.UIKit.CABackingStoreCollect, creationTime = 85916 (elapsed = 0))
2026-08-12 16:58:17.661 Df IlliniCover[61354:406a1e] [com.apple.UIKit:BackgroundTask] Will invalidate assertion: <BKSProcessAssertion: 0x10a0b19f0> for task identifier: 9
2026-08-12 16:58:17.697 Df IlliniCover[61354:406a1e] [com.apple.UIKit:AppLifecycle] sceneOfRecord: sceneID: sceneID:com.illinicover.app.v2-default  persistentID: ADF90981-9588-4FCE-98B7-9CBD9C3A54DB
2026-08-12 16:58:17.709 Df IlliniCover[61354:406a1e] [com.apple.UIKit:InterfaceStyle] Not push traits update to screen for new style 2, <UIWindowScene: 0x1017645a0> (ADF90981-9588-4FCE-98B7-9CBD9C3A54DB)
